Archive member included to satisfy reference by file (symbol)

c:/ac6/systemworkbench/plugins/fr.ac6.mcu.externaltools.arm-none.win32_1.13.2.201705091103/tools/compiler/bin/../lib/gcc/arm-none-eabi/5.4.1/../../../../arm-none-eabi/lib/armv7-m\libc_nano.a(lib_a-exit.o)
                              c:/ac6/systemworkbench/plugins/fr.ac6.mcu.externaltools.arm-none.win32_1.13.2.201705091103/tools/compiler/bin/../lib/gcc/arm-none-eabi/5.4.1/../../../../arm-none-eabi/lib/armv7-m/crt0.o (exit)
c:/ac6/systemworkbench/plugins/fr.ac6.mcu.externaltools.arm-none.win32_1.13.2.201705091103/tools/compiler/bin/../lib/gcc/arm-none-eabi/5.4.1/../../../../arm-none-eabi/lib/armv7-m\libc_nano.a(lib_a-impure.o)
                              c:/ac6/systemworkbench/plugins/fr.ac6.mcu.externaltools.arm-none.win32_1.13.2.201705091103/tools/compiler/bin/../lib/gcc/arm-none-eabi/5.4.1/../../../../arm-none-eabi/lib/armv7-m\libc_nano.a(lib_a-exit.o) (_global_impure_ptr)
c:/ac6/systemworkbench/plugins/fr.ac6.mcu.externaltools.arm-none.win32_1.13.2.201705091103/tools/compiler/bin/../lib/gcc/arm-none-eabi/5.4.1/../../../../arm-none-eabi/lib/armv7-m\libc_nano.a(lib_a-init.o)
                              c:/ac6/systemworkbench/plugins/fr.ac6.mcu.externaltools.arm-none.win32_1.13.2.201705091103/tools/compiler/bin/../lib/gcc/arm-none-eabi/5.4.1/../../../../arm-none-eabi/lib/armv7-m/crt0.o (__libc_init_array)
c:/ac6/systemworkbench/plugins/fr.ac6.mcu.externaltools.arm-none.win32_1.13.2.201705091103/tools/compiler/bin/../lib/gcc/arm-none-eabi/5.4.1/../../../../arm-none-eabi/lib/armv7-m\libc_nano.a(lib_a-memcpy-stub.o)
                              Middlewares/Third_Party/FreeRTOS/Source/queue.o (memcpy)
c:/ac6/systemworkbench/plugins/fr.ac6.mcu.externaltools.arm-none.win32_1.13.2.201705091103/tools/compiler/bin/../lib/gcc/arm-none-eabi/5.4.1/../../../../arm-none-eabi/lib/armv7-m\libc_nano.a(lib_a-memset.o)
                              c:/ac6/systemworkbench/plugins/fr.ac6.mcu.externaltools.arm-none.win32_1.13.2.201705091103/tools/compiler/bin/../lib/gcc/arm-none-eabi/5.4.1/../../../../arm-none-eabi/lib/armv7-m/crt0.o (memset)
c:/ac6/systemworkbench/plugins/fr.ac6.mcu.externaltools.arm-none.win32_1.13.2.201705091103/tools/compiler/bin/../lib/gcc/arm-none-eabi/5.4.1/../../../../arm-none-eabi/lib/armv7-m\libc_nano.a(lib_a-sprintf.o)
                              Src/HysteresisController.o (sprintf)
c:/ac6/systemworkbench/plugins/fr.ac6.mcu.externaltools.arm-none.win32_1.13.2.201705091103/tools/compiler/bin/../lib/gcc/arm-none-eabi/5.4.1/../../../../arm-none-eabi/lib/armv7-m\libc_nano.a(lib_a-strlen.o)
                              Src/HysteresisController.o (strlen)
c:/ac6/systemworkbench/plugins/fr.ac6.mcu.externaltools.arm-none.win32_1.13.2.201705091103/tools/compiler/bin/../lib/gcc/arm-none-eabi/5.4.1/../../../../arm-none-eabi/lib/armv7-m\libc_nano.a(lib_a-nano-svfprintf.o)
                              c:/ac6/systemworkbench/plugins/fr.ac6.mcu.externaltools.arm-none.win32_1.13.2.201705091103/tools/compiler/bin/../lib/gcc/arm-none-eabi/5.4.1/../../../../arm-none-eabi/lib/armv7-m\libc_nano.a(lib_a-sprintf.o) (_svfprintf_r)
c:/ac6/systemworkbench/plugins/fr.ac6.mcu.externaltools.arm-none.win32_1.13.2.201705091103/tools/compiler/bin/../lib/gcc/arm-none-eabi/5.4.1/../../../../arm-none-eabi/lib/armv7-m\libc_nano.a(lib_a-nano-vfprintf_i.o)
                              c:/ac6/systemworkbench/plugins/fr.ac6.mcu.externaltools.arm-none.win32_1.13.2.201705091103/tools/compiler/bin/../lib/gcc/arm-none-eabi/5.4.1/../../../../arm-none-eabi/lib/armv7-m\libc_nano.a(lib_a-nano-svfprintf.o) (_printf_i)
c:/ac6/systemworkbench/plugins/fr.ac6.mcu.externaltools.arm-none.win32_1.13.2.201705091103/tools/compiler/bin/../lib/gcc/arm-none-eabi/5.4.1/../../../../arm-none-eabi/lib/armv7-m\libc_nano.a(lib_a-memchr-stub.o)
                              c:/ac6/systemworkbench/plugins/fr.ac6.mcu.externaltools.arm-none.win32_1.13.2.201705091103/tools/compiler/bin/../lib/gcc/arm-none-eabi/5.4.1/../../../../arm-none-eabi/lib/armv7-m\libc_nano.a(lib_a-nano-svfprintf.o) (memchr)
c:/ac6/systemworkbench/plugins/fr.ac6.mcu.externaltools.arm-none.win32_1.13.2.201705091103/tools/compiler/bin/../lib/gcc/arm-none-eabi/5.4.1/../../../../arm-none-eabi/lib/armv7-m\libc_nano.a(lib_a-memmove.o)
                              c:/ac6/systemworkbench/plugins/fr.ac6.mcu.externaltools.arm-none.win32_1.13.2.201705091103/tools/compiler/bin/../lib/gcc/arm-none-eabi/5.4.1/../../../../arm-none-eabi/lib/armv7-m\libc_nano.a(lib_a-nano-svfprintf.o) (memmove)
c:/ac6/systemworkbench/plugins/fr.ac6.mcu.externaltools.arm-none.win32_1.13.2.201705091103/tools/compiler/bin/../lib/gcc/arm-none-eabi/5.4.1/../../../../arm-none-eabi/lib/armv7-m\libc_nano.a(lib_a-nano-freer.o)
[...]
Memory Configuration

Name             Origin             Length             Attributes
RAM              0x20000000         0x00010000         xrw
FLASH            0x08000000         0x00040000         xr
*default*        0x00000000         0xffffffff

Linker script and memory map

LOAD c:/ac6/systemworkbench/plugins/fr.ac6.mcu.externaltools.arm-none.win32_1.13.2.201705091103/tools/compiler/bin/../lib/gcc/arm-none-eabi/5.4.1/armv7-m/crti.o
LOAD c:/ac6/systemworkbench/plugins/fr.ac6.mcu.externaltools.arm-none.win32_1.13.2.201705091103/tools/compiler/bin/../lib/gcc/arm-none-eabi/5.4.1/armv7-m/crtbegin.o
LOAD c:/ac6/systemworkbench/plugins/fr.ac6.mcu.externaltools.arm-none.win32_1.13.2.201705091103/tools/compiler/bin/../lib/gcc/arm-none-eabi/5.4.1/../../../../arm-none-eabi/lib/armv7-m/crt0.o
LOAD Drivers/STM32F1xx_HAL_Driver/Src/stm32f1xx_hal.o
LOAD Drivers/STM32F1xx_HAL_Driver/Src/stm32f1xx_hal_adc.o
LOAD Drivers/STM32F1xx_HAL_Driver/Src/stm32f1xx_hal_adc_ex.o
LOAD Drivers/STM32F1xx_HAL_Driver/Src/stm32f1xx_hal_cortex.o
LOAD Drivers/STM32F1xx_HAL_Driver/Src/stm32f1xx_hal_dma.o
LOAD Drivers/STM32F1xx_HAL_Driver/Src/stm32f1xx_hal_flash.o
LOAD Drivers/STM32F1xx_HAL_Driver/Src/stm32f1xx_hal_flash_ex.o
LOAD Drivers/STM32F1xx_HAL_Driver/Src/stm32f1xx_hal_gpio.o
LOAD Drivers/STM32F1xx_HAL_Driver/Src/stm32f1xx_hal_gpio_ex.o
LOAD Drivers/STM32F1xx_HAL_Driver/Src/stm32f1xx_hal_i2c.o
LOAD Drivers/STM32F1xx_HAL_Driver/Src/stm32f1xx_hal_pcd.o
LOAD Drivers/STM32F1xx_HAL_Driver/Src/stm32f1xx_hal_pcd_ex.o
LOAD Drivers/STM32F1xx_HAL_Driver/Src/stm32f1xx_hal_pwr.o
LOAD Drivers/STM32F1xx_HAL_Driver/Src/stm32f1xx_hal_rcc.o
LOAD Drivers/STM32F1xx_HAL_Driver/Src/stm32f1xx_hal_rcc_ex.o
LOAD Drivers/STM32F1xx_HAL_Driver/Src/stm32f1xx_hal_rtc.o
LOAD Drivers/STM32F1xx_HAL_Driver/Src/stm32f1xx_hal_rtc_ex.o
LOAD Drivers/STM32F1xx_HAL_Driver/Src/stm32f1xx_hal_spi.o
LOAD Drivers/STM32F1xx_HAL_Driver/Src/stm32f1xx_hal_spi_ex.o
LOAD Drivers/STM32F1xx_HAL_Driver/Src/stm32f1xx_hal_tim.o
LOAD Drivers/STM32F1xx_HAL_Driver/Src/stm32f1xx_hal_tim_ex.o
LOAD Drivers/STM32F1xx_HAL_Driver/Src/stm32f1xx_hal_uart.o
LOAD Drivers/STM32F1xx_HAL_Driver/Src/stm32f1xx_ll_usb.o
LOAD Middlewares/ST/STM32_USB_Device_Library/Class/CDC/Src/usbd_cdc.o
LOAD Middlewares/ST/STM32_USB_Device_Library/Core/Src/usbd_core.o
LOAD Middlewares/ST/STM32_USB_Device_Library/Core/Src/usbd_ctlreq.o
LOAD Middlewares/ST/STM32_USB_Device_Library/Core/Src/usbd_ioreq.o
LOAD Middlewares/Third_Party/FreeRTOS/Source/CMSIS_RTOS/cmsis_os.o
LOAD Middlewares/Third_Party/FreeRTOS/Source/croutine.o
LOAD Middlewares/Third_Party/FreeRTOS/Source/event_groups.o
LOAD Middlewares/Third_Party/FreeRTOS/Source/list.o
LOAD Middlewares/Third_Party/FreeRTOS/Source/queue.o
LOAD Middlewares/Third_Party/FreeRTOS/Source/tasks.o
LOAD Middlewares/Third_Party/FreeRTOS/Source/timers.o
LOAD Middlewares/Third_Party/FreeRTOS/Source/portable/GCC/ARM_CM3/port.o
LOAD Middlewares/Third_Party/FreeRTOS/Source/portable/MemMang/heap_4.o
LOAD Src/ADC.o
LOAD Src/HysteresisController.o
LOAD Src/config.o
LOAD Src/database.o
LOAD Src/filter.o
LOAD Src/freertos.o
LOAD Src/led.o
LOAD Src/main.o
LOAD Src/relays.o
LOAD Src/stm32f1xx_hal_msp.o
LOAD Src/stm32f1xx_it.o
LOAD Src/system_stm32f1xx.o
LOAD Src/usb_device.o
LOAD Src/usbd_cdc_if.o
LOAD Src/usbd_conf.o
LOAD Src/usbd_desc.o
LOAD Src/vcp.o
LOAD startup/startup_stm32f105xc.o
LOAD c:/ac6/systemworkbench/plugins/fr.ac6.mcu.externaltools.arm-none.win32_1.13.2.201705091103/tools/compiler/bin/../lib/gcc/arm-none-eabi/5.4.1/../../../../arm-none-eabi/lib/armv7-m\libm.a
START GROUP
LOAD c:/ac6/systemworkbench/plugins/fr.ac6.mcu.externaltools.arm-none.win32_1.13.2.201705091103/tools/compiler/bin/../lib/gcc/arm-none-eabi/5.4.1/armv7-m\libgcc.a
LOAD c:/ac6/systemworkbench/plugins/fr.ac6.mcu.externaltools.arm-none.win32_1.13.2.201705091103/tools/compiler/bin/../lib/gcc/arm-none-eabi/5.4.1/../../../../arm-none-eabi/lib/armv7-m\libc_nano.a
END GROUP
START GROUP
LOAD c:/ac6/systemworkbench/plugins/fr.ac6.mcu.externaltools.arm-none.win32_1.13.2.201705091103/tools/compiler/bin/../lib/gcc/arm-none-eabi/5.4.1/armv7-m\libgcc.a
LOAD c:/ac6/systemworkbench/plugins/fr.ac6.mcu.externaltools.arm-none.win32_1.13.2.201705091103/tools/compiler/bin/../lib/gcc/arm-none-eabi/5.4.1/../../../../arm-none-eabi/lib/armv7-m\libc_nano.a
LOAD c:/ac6/systemworkbench/plugins/fr.ac6.mcu.externaltools.arm-none.win32_1.13.2.201705091103/tools/compiler/bin/../lib/gcc/arm-none-eabi/5.4.1/../../../../arm-none-eabi/lib/armv7-m\libnosys.a
END GROUP
START GROUP
LOAD c:/ac6/systemworkbench/plugins/fr.ac6.mcu.externaltools.arm-none.win32_1.13.2.201705091103/tools/compiler/bin/../lib/gcc/arm-none-eabi/5.4.1/armv7-m\libgcc.a
LOAD c:/ac6/systemworkbench/plugins/fr.ac6.mcu.externaltools.arm-none.win32_1.13.2.201705091103/tools/compiler/bin/../lib/gcc/arm-none-eabi/5.4.1/../../../../arm-none-eabi/lib/armv7-m\libc_nano.a
LOAD c:/ac6/systemworkbench/plugins/fr.ac6.mcu.externaltools.arm-none.win32_1.13.2.201705091103/tools/compiler/bin/../lib/gcc/arm-none-eabi/5.4.1/../../../../arm-none-eabi/lib/armv7-m\libnosys.a
END GROUP
LOAD c:/ac6/systemworkbench/plugins/fr.ac6.mcu.externaltools.arm-none.win32_1.13.2.201705091103/tools/compiler/bin/../lib/gcc/arm-none-eabi/5.4.1/armv7-m/crtend.o
LOAD c:/ac6/systemworkbench/plugins/fr.ac6.mcu.externaltools.arm-none.win32_1.13.2.201705091103/tools/compiler/bin/../lib/gcc/arm-none-eabi/5.4.1/armv7-m/crtn.o
                0x20010000                _estack = 0x20010000
                0x00000200                _Min_Heap_Size = 0x200
                0x00000400                _Min_Stack_Size = 0x400

.isr_vector     0x08000000      0x1e4
                0x08000000                . = ALIGN (0x4)
 *(.isr_vector)
 .isr_vector    0x08000000      0x1e4 startup/startup_stm32f105xc.o
                0x08000000                g_pfnVectors
                0x080001e4                . = ALIGN (0x4)

.text           0x080001e4     0x6608
                0x080001e4                . = ALIGN (0x4)
 *(.text)
 .text          0x080001e4       0x5c c:/ac6/systemworkbench/plugins/fr.ac6.mcu.externaltools.arm-none.win32_1.13.2.201705091103/tools/compiler/bin/../lib/gcc/arm-none-eabi/5.4.1/armv7-m/crtbegin.o
 .text          0x08000240       0x10 c:/ac6/systemworkbench/plugins/fr.ac6.mcu.externaltools.arm-none.win32_1.13.2.201705091103/tools/compiler/bin/../lib/gcc/arm-none-eabi/5.4.1/../../../../arm-none-eabi/lib/armv7-m\libc_nano.a(lib_a-strlen.o)
                0x08000240                strlen
 *(.text*)
 .text.HAL_InitTick
                0x08000250       0x28 Drivers/STM32F1xx_HAL_Driver/Src/stm32f1xx_hal.o
                0x08000250                HAL_InitTick
 .text.HAL_Init
                0x08000278       0x24 Drivers/STM32F1xx_HAL_Driver/Src/stm32f1xx_hal.o
                0x08000278                HAL_Init
 .text.HAL_IncTick
                0x0800029c       0x10 Drivers/STM32F1xx_HAL_Driver/Src/stm32f1xx_hal.o
                0x0800029c                HAL_IncTick
 .text.HAL_GetTick
                0x080002ac        0xc Drivers/STM32F1xx_HAL_Driver/Src/stm32f1xx_hal.o
                0x080002ac                HAL_GetTick
 .text.HAL_Delay
                0x080002b8       0x1c Drivers/STM32F1xx_HAL_Driver/Src/stm32f1xx_hal.o
                0x080002b8                HAL_Delay
 .text.HAL_ADC_ConfigChannel
                0x080002d4      0x1b4 Drivers/STM32F1xx_HAL_Driver/Src/stm32f1xx_hal_adc.o
                0x080002d4                HAL_ADC_ConfigChannel
 .text.ADC_ConversionStop_Disable
                0x08000488       0x50 Drivers/STM32F1xx_HAL_Driver/Src/stm32f1xx_hal_adc.o
                0x08000488                ADC_ConversionStop_Disable
 .text.HAL_ADC_Init
                0x080004d8      0x134 Drivers/STM32F1xx_HAL_Driver/Src/stm32f1xx_hal_adc.o
                0x080004d8                HAL_ADC_Init
 .text.HAL_NVIC_SetPriorityGrouping
                0x0800060c       0x24 Drivers/STM32F1xx_HAL_Driver/Src/stm32f1xx_hal_cortex.o
                0x0800060c                HAL_NVIC_SetPriorityGrouping
 .text.HAL_NVIC_SetPriority
                0x08000630       0x64 Drivers/STM32F1xx_HAL_Driver/Src/stm32f1xx_hal_cortex.o
                0x08000630                HAL_NVIC_SetPriority
 .text.HAL_NVIC_EnableIRQ
                0x08000694       0x18 Drivers/STM32F1xx_HAL_Driver/Src/stm32f1xx_hal_cortex.o
                0x08000694                HAL_NVIC_EnableIRQ
 .text.HAL_SYSTICK_Config
                0x080006ac       0x2c Drivers/STM32F1xx_HAL_Driver/Src/stm32f1xx_hal_cortex.o
                0x080006ac                HAL_SYSTICK_Config
 .text.HAL_SYSTICK_CLKSourceConfig
                0x080006d8       0x20 Drivers/STM32F1xx_HAL_Driver/Src/stm32f1xx_hal_cortex.o
                0x080006d8                HAL_SYSTICK_CLKSourceConfig
 .text.HAL_GPIO_Init
                0x080006f8      0x1d8 Drivers/STM32F1xx_HAL_Driver/Src/stm32f1xx_hal_gpio.o
                0x080006f8                HAL_GPIO_Init
 .text.HAL_GPIO_WritePin
                0x080008d0        0xc Drivers/STM32F1xx_HAL_Driver/Src/stm32f1xx_hal_gpio.o
                0x080008d0                HAL_GPIO_WritePin
 .text.I2C_Configure_Speed
                0x080008dc       0x4c Drivers/STM32F1xx_HAL_Driver/Src/stm32f1xx_hal_i2c.o
 .text.HAL_I2C_Init
                0x08000928       0xb4 Drivers/STM32F1xx_HAL_Driver/Src/stm32f1xx_hal_i2c.o
                0x08000928                HAL_I2C_Init
 .text.PCD_WriteEmptyTxFifo
                0x080009dc       0xb4 Drivers/STM32F1xx_HAL_Driver/Src/stm32f1xx_hal_pcd.o
 .text.HAL_PCD_Init
                0x08000a90       0xdc Drivers/STM32F1xx_HAL_Driver/Src/stm32f1xx_hal_pcd.o
                0x08000a90                HAL_PCD_Init
 .text.HAL_PCD_Start
                0x08000b6c       0x30 Drivers/STM32F1xx_HAL_Driver/Src/stm32f1xx_hal_pcd.o
                0x08000b6c                HAL_PCD_Start
 .text.HAL_PCD_IRQHandler
                0x08000b9c      0x38c Drivers/STM32F1xx_HAL_Driver/Src/stm32f1xx_hal_pcd.o
                0x08000b9c                HAL_PCD_IRQHandler
 .text.HAL_PCD_SetAddress
                0x08000f28       0x28 Drivers/STM32F1xx_HAL_Driver/Src/stm32f1xx_hal_pcd.o
                0x08000f28                HAL_PCD_SetAddress
 .text.HAL_PCD_EP_Open
                0x08000f50       0x5c Drivers/STM32F1xx_HAL_Driver/Src/stm32f1xx_hal_pcd.o
                0x08000f50                HAL_PCD_EP_Open
 .text.HAL_PCD_EP_Close
                0x08000fac       0x58 Drivers/STM32F1xx_HAL_Driver/Src/stm32f1xx_hal_pcd.o
                0x08000fac                HAL_PCD_EP_Close
 .text.HAL_PCD_EP_Receive
                0x08001004       0x5c Drivers/STM32F1xx_HAL_Driver/Src/stm32f1xx_hal_pcd.o
                0x08001004                HAL_PCD_EP_Receive
 .text.HAL_PCD_EP_GetRxCount
                0x08001060       0x14 Drivers/STM32F1xx_HAL_Driver/Src/stm32f1xx_hal_pcd.o
                0x08001060                HAL_PCD_EP_GetRxCount
 .text.HAL_PCD_EP_Transmit
                0x08001074       0x54 Drivers/STM32F1xx_HAL_Driver/Src/stm32f1xx_hal_pcd.o
                0x08001074                HAL_PCD_EP_Transmit
 .text.HAL_PCD_EP_SetStall
                0x080010c8       0x64 Drivers/STM32F1xx_HAL_Driver/Src/stm32f1xx_hal_pcd.o
                0x080010c8                HAL_PCD_EP_SetStall
 .text.HAL_PCD_EP_ClrStall
                0x0800112c       0x58 Drivers/STM32F1xx_HAL_Driver/Src/stm32f1xx_hal_pcd.o
                0x0800112c                HAL_PCD_EP_ClrStall
 .text.HAL_PCDEx_SetTxFiFo
                0x08001184       0x48 Drivers/STM32F1xx_HAL_Driver/Src/stm32f1xx_hal_pcd_ex.o
                0x08001184                HAL_PCDEx_SetTxFiFo
 .text.HAL_PCDEx_SetRxFiFo
                0x080011cc        0x8 Drivers/STM32F1xx_HAL_Driver/Src/stm32f1xx_hal_pcd_ex.o
                0x080011cc                HAL_PCDEx_SetRxFiFo
 .text.HAL_PWR_EnableBkUpAccess
                0x080011d4       0x1c Drivers/STM32F1xx_HAL_Driver/Src/stm32f1xx_hal_pwr.o
                0x080011d4                HAL_PWR_EnableBkUpAccess
 .text.HAL_RCC_OscConfig
                0x080011f0      0x780 Drivers/STM32F1xx_HAL_Driver/Src/stm32f1xx_hal_rcc.o
                0x080011f0                HAL_RCC_OscConfig
 .text.HAL_RCC_GetSysClockFreq
                0x08001970      0x100 Drivers/STM32F1xx_HAL_Driver/Src/stm32f1xx_hal_rcc.o
                0x08001970                HAL_RCC_GetSysClockFreq
 .text.HAL_RCC_ClockConfig
                0x08001a70      0x1e4 Drivers/STM32F1xx_HAL_Driver/Src/stm32f1xx_hal_rcc.o
                0x08001a70                HAL_RCC_ClockConfig
 .text.HAL_RCC_GetHCLKFreq
                0x08001c54        0xc Drivers/STM32F1xx_HAL_Driver/Src/stm32f1xx_hal_rcc.o
                0x08001c54                HAL_RCC_GetHCLKFreq
 .text.HAL_RCC_GetPCLK1Freq
                0x08001c60       0x30 Drivers/STM32F1xx_HAL_Driver/Src/stm32f1xx_hal_rcc.o
                0x08001c60                HAL_RCC_GetPCLK1Freq
 .text.HAL_RCC_GetPCLK2Freq
                0x08001c90       0x30 Drivers/STM32F1xx_HAL_Driver/Src/stm32f1xx_hal_rcc.o
                0x08001c90                HAL_RCC_GetPCLK2Freq
 .text.HAL_RCCEx_PeriphCLKConfig
                0x08001cc0      0x234 Drivers/STM32F1xx_HAL_Driver/Src/stm32f1xx_hal_rcc_ex.o
                0x08001cc0                HAL_RCCEx_PeriphCLKConfig
 .text.HAL_RCCEx_GetPeriphCLKFreq
                0x08001ef4      0x278 Drivers/STM32F1xx_HAL_Driver/Src/stm32f1xx_hal_rcc_ex.o
                0x08001ef4                HAL_RCCEx_GetPeriphCLKFreq
 .text.RTC_ReadTimeCounter
                0x0800216c       0x28 Drivers/STM32F1xx_HAL_Driver/Src/stm32f1xx_hal_rtc.o
 .text.RTC_ReadAlarmCounter
                0x08002194       0x10 Drivers/STM32F1xx_HAL_Driver/Src/stm32f1xx_hal_rtc.o
 .text.RTC_Bcd2ToByte
                0x080021a4       0x14 Drivers/STM32F1xx_HAL_Driver/Src/stm32f1xx_hal_rtc.o
 .text.RTC_WeekDayNum
                0x080021b8       0xa0 Drivers/STM32F1xx_HAL_Driver/Src/stm32f1xx_hal_rtc.o
 .text.RTC_EnterInitMode
                0x08002258       0x34 Drivers/STM32F1xx_HAL_Driver/Src/stm32f1xx_hal_rtc.o
 .text.RTC_ExitInitMode
                0x0800228c       0x34 Drivers/STM32F1xx_HAL_Driver/Src/stm32f1xx_hal_rtc.o
 .text.RTC_WriteTimeCounter
                0x080022c0       0x2c Drivers/STM32F1xx_HAL_Driver/Src/stm32f1xx_hal_rtc.o
 .text.RTC_WriteAlarmCounter
                0x080022ec       0x2c Drivers/STM32F1xx_HAL_Driver/Src/stm32f1xx_hal_rtc.o
 .text.HAL_RTC_SetTime
                0x08002318       0xc0 Drivers/STM32F1xx_HAL_Driver/Src/stm32f1xx_hal_rtc.o
                0x08002318                HAL_RTC_SetTime
 .text.HAL_RTC_SetDate
                0x080023d8       0xd8 Drivers/STM32F1xx_HAL_Driver/Src/stm32f1xx_hal_rtc.o
                0x080023d8                HAL_RTC_SetDate
 .text.HAL_RTC_WaitForSynchro
                0x080024b0       0x3c Drivers/STM32F1xx_HAL_Driver/Src/stm32f1xx_hal_rtc.o
                0x080024b0                HAL_RTC_WaitForSynchro
 .text.HAL_RTC_Init
                0x080024ec       0xc8 Drivers/STM32F1xx_HAL_Driver/Src/stm32f1xx_hal_rtc.o
                0x080024ec                HAL_RTC_Init
 .text.HAL_RTCEx_BKUPWrite
                0x080025b4       0x10 Drivers/STM32F1xx_HAL_Driver/Src/stm32f1xx_hal_rtc_ex.o
                0x080025b4                HAL_RTCEx_BKUPWrite
 .text.HAL_RTCEx_BKUPRead
                0x080025c4       0x10 Drivers/STM32F1xx_HAL_Driver/Src/stm32f1xx_hal_rtc_ex.o
                0x080025c4                HAL_RTCEx_BKUPRead
 .text.HAL_SPI_Init
                0x080025d4       0x88 Drivers/STM32F1xx_HAL_Driver/Src/stm32f1xx_hal_spi_ex.o
                0x080025d4                HAL_SPI_Init
 .text.UART_Transmit_IT
                0x0800265c       0x6c Drivers/STM32F1xx_HAL_Driver/Src/stm32f1xx_hal_uart.o
 .text.UART_SetConfig
                0x080026c8      0x1bc Drivers/STM32F1xx_HAL_Driver/Src/stm32f1xx_hal_uart.o
 .text.UART_WaitOnFlagUntilTimeout
                0x08002884       0xd4 Drivers/STM32F1xx_HAL_Driver/Src/stm32f1xx_hal_uart.o
 .text.HAL_UART_Init
                0x08002958       0x60 Drivers/STM32F1xx_HAL_Driver/Src/stm32f1xx_hal_uart.o
                0x08002958                HAL_UART_Init
 .text.HAL_UART_Transmit
                0x080029b8       0xec Drivers/STM32F1xx_HAL_Driver/Src/stm32f1xx_hal_uart.o
                0x080029b8                HAL_UART_Transmit
 .text.HAL_UART_Receive_IT
                0x08002aa4       0x80 Drivers/STM32F1xx_HAL_Driver/Src/stm32f1xx_hal_uart.o
                0x08002aa4                HAL_UART_Receive_IT
 .text.HAL_UART_TxCpltCallback
                0x08002b24        0x4 Drivers/STM32F1xx_HAL_Driver/Src/stm32f1xx_hal_uart.o
                0x08002b24                HAL_UART_TxCpltCallback
 .text.UART_EndTransmit_IT
                0x08002b28       0x2c Drivers/STM32F1xx_HAL_Driver/Src/stm32f1xx_hal_uart.o
 .text.UART_Receive_IT
                0x08002b54       0xb4 Drivers/STM32F1xx_HAL_Driver/Src/stm32f1xx_hal_uart.o
 .text.HAL_UART_ErrorCallback
                0x08002c08        0x4 Drivers/STM32F1xx_HAL_Driver/Src/stm32f1xx_hal_uart.o
                0x08002c08                HAL_UART_ErrorCallback
 .text.HAL_UART_IRQHandler
                0x08002c0c       0xc4 Drivers/STM32F1xx_HAL_Driver/Src/stm32f1xx_hal_uart.o
                0x08002c0c                HAL_UART_IRQHandler
 .text.USB_CoreInit
                0x08002cd0       0x28 Drivers/STM32F1xx_HAL_Driver/Src/stm32f1xx_ll_usb.o
                0x08002cd0                USB_CoreInit
 .text.USB_EnableGlobalInt
                0x08002cf8        0xc Drivers/STM32F1xx_HAL_Driver/Src/stm32f1xx_ll_usb.o
                0x08002cf8                USB_EnableGlobalInt
 .text.USB_DisableGlobalInt
                0x08002d04        0xc Drivers/STM32F1xx_HAL_Driver/Src/stm32f1xx_ll_usb.o
                0x08002d04                USB_DisableGlobalInt
 .text.USB_SetCurrentMode
                0x08002d10       0x2c Drivers/STM32F1xx_HAL_Driver/Src/stm32f1xx_ll_usb.o
                0x08002d10                USB_SetCurrentMode
 .text.USB_DevInit
                0x08002d3c      0x114 Drivers/STM32F1xx_HAL_Driver/Src/stm32f1xx_ll_usb.o
                0x08002d3c                USB_DevInit
 .text.USB_FlushTxFifo
                0x08002e50       0x28 Drivers/STM32F1xx_HAL_Driver/Src/stm32f1xx_ll_usb.o
                0x08002e50                USB_FlushTxFifo
 .text.USB_FlushRxFifo
                0x08002e78       0x24 Drivers/STM32F1xx_HAL_Driver/Src/stm32f1xx_ll_usb.o
                0x08002e78                USB_FlushRxFifo
 .text.USB_SetDevSpeed
                0x08002e9c       0x10 Drivers/STM32F1xx_HAL_Driver/Src/stm32f1xx_ll_usb.o
                0x08002e9c                USB_SetDevSpeed
 .text.USB_ActivateEndpoint
                0x08002eac       0xa8 Drivers/STM32F1xx_HAL_Driver/Src/stm32f1xx_ll_usb.o
                0x08002eac                USB_ActivateEndpoint
 .text.USB_DeactivateEndpoint
                0x08002f54       0x80 Drivers/STM32F1xx_HAL_Driver/Src/stm32f1xx_ll_usb.o
                0x08002f54                USB_DeactivateEndpoint
 .text.USB_EPStartXfer
                0x08002fd4      0x22c Drivers/STM32F1xx_HAL_Driver/Src/stm32f1xx_ll_usb.o
                0x08002fd4                USB_EPStartXfer
 .text.USB_EP0StartXfer
                0x08003200      0x13c Drivers/STM32F1xx_HAL_Driver/Src/stm32f1xx_ll_usb.o
                0x08003200                USB_EP0StartXfer
 .text.USB_WritePacket
                0x0800333c       0x24 Drivers/STM32F1xx_HAL_Driver/Src/stm32f1xx_ll_usb.o
                0x0800333c                USB_WritePacket
 .text.USB_ReadPacket
                0x08003360       0x20 Drivers/STM32F1xx_HAL_Driver/Src/stm32f1xx_ll_usb.o
                0x08003360                USB_ReadPacket
 .text.USB_EPSetStall
                0x08003380       0x64 Drivers/STM32F1xx_HAL_Driver/Src/stm32f1xx_ll_usb.o
                0x08003380                USB_EPSetStall
 .text.USB_EPClearStall
                0x080033e4       0x68 Drivers/STM32F1xx_HAL_Driver/Src/stm32f1xx_ll_usb.o
                0x080033e4                USB_EPClearStall
 .text.USB_SetDevAddress
                0x0800344c       0x20 Drivers/STM32F1xx_HAL_Driver/Src/stm32f1xx_ll_usb.o
                0x0800344c                USB_SetDevAddress
 .text.USB_DevConnect
                0x0800346c       0x18 Drivers/STM32F1xx_HAL_Driver/Src/stm32f1xx_ll_usb.o
                0x0800346c                USB_DevConnect
 .text.USB_DevDisconnect
                0x08003484       0x18 Drivers/STM32F1xx_HAL_Driver/Src/stm32f1xx_ll_usb.o
                0x08003484                USB_DevDisconnect
 .text.USB_ReadInterrupts
                0x0800349c        0x8 Drivers/STM32F1xx_HAL_Driver/Src/stm32f1xx_ll_usb.o
                0x0800349c                USB_ReadInterrupts
 .text.USB_ReadDevAllOutEpInterrupt
                0x080034a4       0x10 Drivers/STM32F1xx_HAL_Driver/Src/stm32f1xx_ll_usb.o
                0x080034a4                USB_ReadDevAllOutEpInterrupt
 .text.USB_ReadDevAllInEpInterrupt
                0x080034b4       0x10 Drivers/STM32F1xx_HAL_Driver/Src/stm32f1xx_ll_usb.o
                0x080034b4                USB_ReadDevAllInEpInterrupt
 .text.USB_ReadDevOutEPInterrupt
                0x080034c4       0x14 Drivers/STM32F1xx_HAL_Driver/Src/stm32f1xx_ll_usb.o
                0x080034c4                USB_ReadDevOutEPInterrupt
 .text.USB_ReadDevInEPInterrupt
                0x080034d8       0x24 Drivers/STM32F1xx_HAL_Driver/Src/stm32f1xx_ll_usb.o
                0x080034d8                USB_ReadDevInEPInterrupt
 .text.USB_GetMode
                0x080034fc        0x8 Drivers/STM32F1xx_HAL_Driver/Src/stm32f1xx_ll_usb.o
                0x080034fc                USB_GetMode
 .text.USB_ActivateSetup
                0x08003504       0x38 Drivers/STM32F1xx_HAL_Driver/Src/stm32f1xx_ll_usb.o
                0x08003504                USB_ActivateSetup
 .text.USB_EP0_OutStart
                0x0800353c       0x24 Drivers/STM32F1xx_HAL_Driver/Src/stm32f1xx_ll_usb.o
                0x0800353c                USB_EP0_OutStart
 .text.USB_CoreReset
                0x08003560       0x64 Drivers/STM32F1xx_HAL_Driver/Src/stm32f1xx_ll_usb.o
 .text.USBD_CDC_DataIn
                0x080035c4       0x14 Middlewares/ST/STM32_USB_Device_Library/Class/CDC/Src/usbd_cdc.o
 .text.USBD_CDC_EP0_RxReady
                0x080035d8       0x28 Middlewares/ST/STM32_USB_Device_Library/Class/CDC/Src/usbd_cdc.o
 .text.USBD_CDC_GetFSCfgDesc
                0x08003600        0xc Middlewares/ST/STM32_USB_Device_Library/Class/CDC/Src/usbd_cdc.o
 .text.USBD_CDC_GetHSCfgDesc
                0x0800360c        0xc Middlewares/ST/STM32_USB_Device_Library/Class/CDC/Src/usbd_cdc.o
 .text.USBD_CDC_GetOtherSpeedCfgDesc
                0x08003618        0xc Middlewares/ST/STM32_USB_Device_Library/Class/CDC/Src/usbd_cdc.o
 .text.USBD_CDC_GetDeviceQualifierDescriptor
                0x08003624        0xc Middlewares/ST/STM32_USB_Device_Library/Class/CDC/Src/usbd_cdc.o
                0x08003624                USBD_CDC_GetDeviceQualifierDescriptor
 .text.USBD_CDC_DataOut
                0x08003630       0x30 Middlewares/ST/STM32_USB_Device_Library/Class/CDC/Src/usbd_cdc.o
 .text.USBD_CDC_Setup
                0x08003660       0x74 Middlewares/ST/STM32_USB_Device_Library/Class/CDC/Src/usbd_cdc.o
 .text.USBD_CDC_DeInit
                0x080036d4       0x3c Middlewares/ST/STM32_USB_Device_Library/Class/CDC/Src/usbd_cdc.o
 .text.USBD_CDC_Init
                0x08003710       0x98 Middlewares/ST/STM32_USB_Device_Library/Class/CDC/Src/usbd_cdc.o
 .text.USBD_CDC_RegisterInterface
                0x080037a8       0x10 Middlewares/ST/STM32_USB_Device_Library/Class/CDC/Src/usbd_cdc.o
                0x080037a8                USBD_CDC_RegisterInterface
 .text.USBD_CDC_SetTxBuffer
                0x080037b8       0x10 Middlewares/ST/STM32_USB_Device_Library/Class/CDC/Src/usbd_cdc.o
                0x080037b8                USBD_CDC_SetTxBuffer
 .text.USBD_CDC_SetRxBuffer
                0x080037c8        0xc Middlewares/ST/STM32_USB_Device_Library/Class/CDC/Src/usbd_cdc.o
                0x080037c8                USBD_CDC_SetRxBuffer
 .text.USBD_CDC_TransmitPacket
                0x080037d4       0x30 Middlewares/ST/STM32_USB_Device_Library/Class/CDC/Src/usbd_cdc.o
                0x080037d4                USBD_CDC_TransmitPacket
 .text.USBD_CDC_ReceivePacket
                0x08003804       0x34 Middlewares/ST/STM32_USB_Device_Library/Class/CDC/Src/usbd_cdc.o
                0x08003804                USBD_CDC_ReceivePacket
 .text.USBD_Init
                0x08003838       0x30 Middlewares/ST/STM32_USB_Device_Library/Core/Src/usbd_core.o
                0x08003838                USBD_Init
 .text.USBD_RegisterClass
                0x08003868       0x10 Middlewares/ST/STM32_USB_Device_Library/Core/Src/usbd_core.o
                0x08003868                USBD_RegisterClass
 .text.USBD_Start
                0x08003878        0xc Middlewares/ST/STM32_USB_Device_Library/Core/Src/usbd_core.o
                0x08003878                USBD_Start
 .text.USBD_SetClassConfig
                0x08003884       0x1c Middlewares/ST/STM32_USB_Device_Library/Core/Src/usbd_core.o
                0x08003884                USBD_SetClassConfig
 .text.USBD_ClrClassConfig
                0x080038a0       0x10 Middlewares/ST/STM32_USB_Device_Library/Core/Src/usbd_core.o
                0x080038a0                USBD_ClrClassConfig
 .text.USBD_LL_SetupStage
                0x080038b0       0x5c Middlewares/ST/STM32_USB_Device_Library/Core/Src/usbd_core.o
                0x080038b0                USBD_LL_SetupStage
 .text.USBD_LL_DataOutStage
                0x0800390c       0x68 Middlewares/ST/STM32_USB_Device_Library/Core/Src/usbd_core.o
                0x0800390c                USBD_LL_DataOutStage
 .text.USBD_LL_DataInStage
                0x08003974       0xac Middlewares/ST/STM32_USB_Device_Library/Core/Src/usbd_core.o
                0x08003974                USBD_LL_DataInStage
 .text.USBD_LL_Reset
                0x08003a20       0x40 Middlewares/ST/STM32_USB_Device_Library/Core/Src/usbd_core.o
                0x08003a20                USBD_LL_Reset
 .text.USBD_LL_SetSpeed
                0x08003a60        0x8 Middlewares/ST/STM32_USB_Device_Library/Core/Src/usbd_core.o
                0x08003a60                USBD_LL_SetSpeed
 .text.USBD_LL_Suspend
                0x08003a68       0x14 Middlewares/ST/STM32_USB_Device_Library/Core/Src/usbd_core.o
                0x08003a68                USBD_LL_Suspend
 .text.USBD_LL_Resume
                0x08003a7c        0xc Middlewares/ST/STM32_USB_Device_Library/Core/Src/usbd_core.o
                0x08003a7c                USBD_LL_Resume
 .text.USBD_LL_SOF
                0x08003a88       0x18 Middlewares/ST/STM32_USB_Device_Library/Core/Src/usbd_core.o
                0x08003a88                USBD_LL_SOF
 .text.USBD_LL_IsoINIncomplete
                0x08003aa0        0x4 Middlewares/ST/STM32_USB_Device_Library/Core/Src/usbd_core.o
                0x08003aa0                USBD_LL_IsoINIncomplete
 .text.USBD_LL_IsoOUTIncomplete
                0x08003aa4        0x4 Middlewares/ST/STM32_USB_Device_Library/Core/Src/usbd_core.o
                0x08003aa4                USBD_LL_IsoOUTIncomplete
 .text.USBD_LL_DevConnected
                0x08003aa8        0x4 Middlewares/ST/STM32_USB_Device_Library/Core/Src/usbd_core.o
                0x08003aa8                USBD_LL_DevConnected
 .text.USBD_LL_DevDisconnected
                0x08003aac       0x18 Middlewares/ST/STM32_USB_Device_Library/Core/Src/usbd_core.o
                0x08003aac                USBD_LL_DevDisconnected
 .text.USBD_GetLen
                0x08003ac4       0x14 Middlewares/ST/STM32_USB_Device_Library/Core/Src/usbd_ctlreq.o
 .text.USBD_SetFeature
                0x08003ad8       0x20 Middlewares/ST/STM32_USB_Device_Library/Core/Src/usbd_ctlreq.o
 .text.USBD_ParseSetupRequest
                0x08003af8       0x28 Middlewares/ST/STM32_USB_Device_Library/Core/Src/usbd_ctlreq.o
                0x08003af8                USBD_ParseSetupRequest
 .text.USBD_CtlError
                0x08003b20       0x14 Middlewares/ST/STM32_USB_Device_Library/Core/Src/usbd_ctlreq.o
                0x08003b20                USBD_CtlError
 .text.USBD_GetDescriptor
                0x08003b34      0x130 Middlewares/ST/STM32_USB_Device_Library/Core/Src/usbd_ctlreq.o
 .text.USBD_SetAddress
                0x08003c64       0x4c Middlewares/ST/STM32_USB_Device_Library/Core/Src/usbd_ctlreq.o
 .text.USBD_SetConfig
                0x08003cb0       0xa8 Middlewares/ST/STM32_USB_Device_Library/Core/Src/usbd_ctlreq.o
 .text.USBD_GetConfig
                0x08003d58       0x3c Middlewares/ST/STM32_USB_Device_Library/Core/Src/usbd_ctlreq.o
 .text.USBD_GetStatus
                0x08003d94       0x2c Middlewares/ST/STM32_USB_Device_Library/Core/Src/usbd_ctlreq.o
 .text.USBD_ClrFeature
                0x08003dc0       0x30 Middlewares/ST/STM32_USB_Device_Library/Core/Src/usbd_ctlreq.o
 .text.USBD_StdDevReq
                0x08003df0       0x48 Middlewares/ST/STM32_USB_Device_Library/Core/Src/usbd_ctlreq.o
                0x08003df0                USBD_StdDevReq
 .text.USBD_StdItfReq
                0x08003e38       0x38 Middlewares/ST/STM32_USB_Device_Library/Core/Src/usbd_ctlreq.o
                0x08003e38                USBD_StdItfReq
 .text.USBD_StdEPReq
                0x08003e70      0x11c Middlewares/ST/STM32_USB_Device_Library/Core/Src/usbd_ctlreq.o
                0x08003e70                USBD_StdEPReq
 .text.USBD_GetString
                0x08003f8c       0x3c Middlewares/ST/STM32_USB_Device_Library/Core/Src/usbd_ctlreq.o
                0x08003f8c                USBD_GetString
 .text.USBD_CtlSendData
                0x08003fc8       0x1c Middlewares/ST/STM32_USB_Device_Library/Core/Src/usbd_ioreq.o
                0x08003fc8                USBD_CtlSendData
 .text.USBD_CtlContinueSendData
                0x08003fe4       0x10 Middlewares/ST/STM32_USB_Device_Library/Core/Src/usbd_ioreq.o
                0x08003fe4                USBD_CtlContinueSendData
 .text.USBD_CtlPrepareRx
                0x08003ff4       0x20 Middlewares/ST/STM32_USB_Device_Library/Core/Src/usbd_ioreq.o
                0x08003ff4                USBD_CtlPrepareRx
 .text.USBD_CtlContinueRx
                0x08004014       0x10 Middlewares/ST/STM32_USB_Device_Library/Core/Src/usbd_ioreq.o
                0x08004014                USBD_CtlContinueRx
 .text.USBD_CtlSendStatus
                0x08004024       0x18 Middlewares/ST/STM32_USB_Device_Library/Core/Src/usbd_ioreq.o
                0x08004024                USBD_CtlSendStatus
 .text.USBD_CtlReceiveStatus
                0x0800403c       0x18 Middlewares/ST/STM32_USB_Device_Library/Core/Src/usbd_ioreq.o
                0x0800403c                USBD_CtlReceiveStatus
 .text.makeFreeRtosPriority
                0x08004054        0xc Middlewares/Third_Party/FreeRTOS/Source/CMSIS_RTOS/cmsis_os.o
 .text.inHandlerMode
                0x08004060        0xc Middlewares/Third_Party/FreeRTOS/Source/CMSIS_RTOS/cmsis_os.o
 .text.osKernelStart
                0x0800406c        0xc Middlewares/Third_Party/FreeRTOS/Source/CMSIS_RTOS/cmsis_os.o
                0x0800406c                osKernelStart
 .text.osKernelSysTick
                0x08004078       0x14 Middlewares/Third_Party/FreeRTOS/Source/CMSIS_RTOS/cmsis_os.o
                0x08004078                osKernelSysTick
 .text.osThreadCreate
                0x0800408c       0x3c Middlewares/Third_Party/FreeRTOS/Source/CMSIS_RTOS/cmsis_os.o
                0x0800408c                osThreadCreate
 .text.osDelay  0x080040c8       0x10 Middlewares/Third_Party/FreeRTOS/Source/CMSIS_RTOS/cmsis_os.o
                0x080040c8                osDelay
 .text.osPoolCreate
                0x080040d8       0x6c Middlewares/Third_Party/FreeRTOS/Source/CMSIS_RTOS/cmsis_os.o
                0x080040d8                osPoolCreate
 .text.osPoolAlloc
                0x08004144       0x60 Middlewares/Third_Party/FreeRTOS/Source/CMSIS_RTOS/cmsis_os.o
                0x08004144                osPoolAlloc
 .text.osPoolFree
                0x080041a4       0x40 Middlewares/Third_Party/FreeRTOS/Source/CMSIS_RTOS/cmsis_os.o
                0x080041a4                osPoolFree
 .text.osMailCreate
                0x080041e4       0x60 Middlewares/Third_Party/FreeRTOS/Source/CMSIS_RTOS/cmsis_os.o
                0x080041e4                osMailCreate
 .text.osMailAlloc
                0x08004244       0x10 Middlewares/Third_Party/FreeRTOS/Source/CMSIS_RTOS/cmsis_os.o
                0x08004244                osMailAlloc
 .text.osMailPut
                0x08004254       0x60 Middlewares/Third_Party/FreeRTOS/Source/CMSIS_RTOS/cmsis_os.o
                0x08004254                osMailPut
 .text.osMailGet
                0x080042b4       0x90 Middlewares/Third_Party/FreeRTOS/Source/CMSIS_RTOS/cmsis_os.o
                0x080042b4                osMailGet
 .text.osMailFree
                0x08004344       0x10 Middlewares/Third_Party/FreeRTOS/Source/CMSIS_RTOS/cmsis_os.o
                0x08004344                osMailFree
 .text.osSystickHandler
                0x08004354       0x10 Middlewares/Third_Party/FreeRTOS/Source/CMSIS_RTOS/cmsis_os.o
                0x08004354                osSystickHandler
 .text.vListInitialise
                0x08004364       0x18 Middlewares/Third_Party/FreeRTOS/Source/list.o
                0x08004364                vListInitialise
 .text.vListInitialiseItem
                0x0800437c        0x8 Middlewares/Third_Party/FreeRTOS/Source/list.o
                0x0800437c                vListInitialiseItem
 .text.vListInsertEnd
                0x08004384       0x18 Middlewares/Third_Party/FreeRTOS/Source/list.o
                0x08004384                vListInsertEnd
 .text.vListInsert
                0x0800439c       0x34 Middlewares/Third_Party/FreeRTOS/Source/list.o
                0x0800439c                vListInsert
 .text.uxListRemove
                0x080043d0       0x24 Middlewares/Third_Party/FreeRTOS/Source/list.o
                0x080043d0                uxListRemove
 .text.prvIsQueueFull
                0x080043f4       0x20 Middlewares/Third_Party/FreeRTOS/Source/queue.o
 .text.prvIsQueueEmpty
                0x08004414       0x1c Middlewares/Third_Party/FreeRTOS/Source/queue.o
 .text.prvCopyDataToQueue
                0x08004430       0x7c Middlewares/Third_Party/FreeRTOS/Source/queue.o
 .text.prvCopyDataFromQueue
                0x080044ac       0x24 Middlewares/Third_Party/FreeRTOS/Source/queue.o
 .text.prvUnlockQueue
                0x080044d0       0x64 Middlewares/Third_Party/FreeRTOS/Source/queue.o
 .text.xQueueGenericReset
                0x08004534       0x64 Middlewares/Third_Party/FreeRTOS/Source/queue.o
                0x08004534                xQueueGenericReset
 .text.xQueueGenericCreate
                0x08004598       0x50 Middlewares/Third_Party/FreeRTOS/Source/queue.o
                0x08004598                xQueueGenericCreate
 .text.xQueueGenericSend
                0x080045e8      0x12c Middlewares/Third_Party/FreeRTOS/Source/queue.o
                0x080045e8                xQueueGenericSend
 .text.xQueueGenericSendFromISR
                0x08004714       0xa8 Middlewares/Third_Party/FreeRTOS/Source/queue.o
                0x08004714                xQueueGenericSendFromISR
 .text.xQueueGenericReceive
                0x080047bc      0x13c Middlewares/Third_Party/FreeRTOS/Source/queue.o
                0x080047bc                xQueueGenericReceive
 .text.xQueueReceiveFromISR
                0x080048f8       0x84 Middlewares/Third_Party/FreeRTOS/Source/queue.o
                0x080048f8                xQueueReceiveFromISR
 .text.prvResetNextTaskUnblockTime
                0x0800497c       0x2c Middlewares/Third_Party/FreeRTOS/Source/tasks.o
 .text.prvDeleteTCB
                0x080049a8       0x14 Middlewares/Third_Party/FreeRTOS/Source/tasks.o
 .text.prvAllocateTCBAndStack
                0x080049bc       0x3c Middlewares/Third_Party/FreeRTOS/Source/tasks.o
 .text.prvInitialiseTCBVariables
                0x080049f8       0x50 Middlewares/Third_Party/FreeRTOS/Source/tasks.o
 .text.prvInitialiseTaskLists
                0x08004a48       0x58 Middlewares/Third_Party/FreeRTOS/Source/tasks.o
 .text.prvAddCurrentTaskToDelayedList
                0x08004aa0       0x44 Middlewares/Third_Party/FreeRTOS/Source/tasks.o
 .text.xTaskGenericCreate
                0x08004ae4      0x110 Middlewares/Third_Party/FreeRTOS/Source/tasks.o
                0x08004ae4                xTaskGenericCreate
 .text.vTaskStartScheduler
                0x08004bf4       0x54 Middlewares/Third_Party/FreeRTOS/Source/tasks.o
                0x08004bf4                vTaskStartScheduler
 .text.vTaskSuspendAll
                0x08004c48       0x14 Middlewares/Third_Party/FreeRTOS/Source/tasks.o
                0x08004c48                vTaskSuspendAll
 .text.xTaskGetTickCount
                0x08004c5c        0xc Middlewares/Third_Party/FreeRTOS/Source/tasks.o
                0x08004c5c                xTaskGetTickCount
 .text.xTaskGetTickCountFromISR
                0x08004c68       0x14 Middlewares/Third_Party/FreeRTOS/Source/tasks.o
                0x08004c68                xTaskGetTickCountFromISR
 .text.xTaskIncrementTick
                0x08004c7c      0x110 Middlewares/Third_Party/FreeRTOS/Source/tasks.o
                0x08004c7c                xTaskIncrementTick
 .text.xTaskResumeAll
                0x08004d8c       0xdc Middlewares/Third_Party/FreeRTOS/Source/tasks.o
                0x08004d8c                xTaskResumeAll
 .text.vTaskDelay
                0x08004e68       0x60 Middlewares/Third_Party/FreeRTOS/Source/tasks.o
                0x08004e68                vTaskDelay
 .text.prvCheckTasksWaitingTermination
                0x08004ec8       0x54 Middlewares/Third_Party/FreeRTOS/Source/tasks.o
 .text.prvIdleTask
                0x08004f1c       0x18 Middlewares/Third_Party/FreeRTOS/Source/tasks.o
 .text.vTaskSwitchContext
                0x08004f34       0x80 Middlewares/Third_Party/FreeRTOS/Source/tasks.o
                0x08004f34                vTaskSwitchContext
 .text.vTaskPlaceOnEventList
                0x08004fb4       0x64 Middlewares/Third_Party/FreeRTOS/Source/tasks.o
                0x08004fb4                vTaskPlaceOnEventList
 .text.xTaskRemoveFromEventList
                0x08005018       0x7c Middlewares/Third_Party/FreeRTOS/Source/tasks.o
                0x08005018                xTaskRemoveFromEventList
 .text.vTaskSetTimeOutState
                0x08005094       0x20 Middlewares/Third_Party/FreeRTOS/Source/tasks.o
                0x08005094                vTaskSetTimeOutState
 .text.xTaskCheckForTimeOut
                0x080050b4       0x68 Middlewares/Third_Party/FreeRTOS/Source/tasks.o
                0x080050b4                xTaskCheckForTimeOut
 .text.vTaskMissedYield
                0x0800511c       0x10 Middlewares/Third_Party/FreeRTOS/Source/tasks.o
                0x0800511c                vTaskMissedYield
 .text.xTaskGetSchedulerState
                0x0800512c       0x20 Middlewares/Third_Party/FreeRTOS/Source/tasks.o
                0x0800512c                xTaskGetSchedulerState
 .text.vTaskPriorityInherit
                0x0800514c       0xb4 Middlewares/Third_Party/FreeRTOS/Source/tasks.o
                0x0800514c                vTaskPriorityInherit
 .text.xTaskPriorityDisinherit
                0x08005200       0x9c Middlewares/Third_Party/FreeRTOS/Source/tasks.o
                0x08005200                xTaskPriorityDisinherit
 .text.pvTaskIncrementMutexHeldCount
                0x0800529c       0x20 Middlewares/Third_Party/FreeRTOS/Source/tasks.o
                0x0800529c                pvTaskIncrementMutexHeldCount
 .text.prvPortStartFirstTask
                0x080052bc       0x20 Middlewares/Third_Party/FreeRTOS/Source/portable/GCC/ARM_CM3/port.o
 .text.pxPortInitialiseStack
                0x080052dc       0x20 Middlewares/Third_Party/FreeRTOS/Source/portable/GCC/ARM_CM3/port.o
                0x080052dc                pxPortInitialiseStack
 .text.SVC_Handler
                0x080052fc       0x24 Middlewares/Third_Party/FreeRTOS/Source/portable/GCC/ARM_CM3/port.o
                0x080052fc                SVC_Handler
 .text.vPortYield
                0x08005320       0x18 Middlewares/Third_Party/FreeRTOS/Source/portable/GCC/ARM_CM3/port.o
                0x08005320                vPortYield
 .text.ulPortSetInterruptMask
                0x08005338       0x10 Middlewares/Third_Party/FreeRTOS/Source/portable/GCC/ARM_CM3/port.o
                0x08005338                ulPortSetInterruptMask
 .text.prvTaskExitError
                0x08005348       0x1c Middlewares/Third_Party/FreeRTOS/Source/portable/GCC/ARM_CM3/port.o
 .text.vPortEnterCritical
                0x08005364       0x34 Middlewares/Third_Party/FreeRTOS/Source/portable/GCC/ARM_CM3/port.o
                0x08005364                vPortEnterCritical
 .text.vPortClearInterruptMask
                0x08005398        0x8 Middlewares/Third_Party/FreeRTOS/Source/portable/GCC/ARM_CM3/port.o
                0x08005398                vPortClearInterruptMask
 .text.vPortExitCritical
                0x080053a0       0x24 Middlewares/Third_Party/FreeRTOS/Source/portable/GCC/ARM_CM3/port.o
                0x080053a0                vPortExitCritical
 .text.PendSV_Handler
                0x080053c4       0x44 Middlewares/Third_Party/FreeRTOS/Source/portable/GCC/ARM_CM3/port.o
                0x080053c4                PendSV_Handler
 .text.xPortSysTickHandler
                0x08005408       0x20 Middlewares/Third_Party/FreeRTOS/Source/portable/GCC/ARM_CM3/port.o
                0x08005408                xPortSysTickHandler
 .text.vPortSetupTimerInterrupt
                0x08005428       0x2c Middlewares/Third_Party/FreeRTOS/Source/portable/GCC/ARM_CM3/port.o
                0x08005428                vPortSetupTimerInterrupt
 .text.xPortStartScheduler
                0x08005454       0x90 Middlewares/Third_Party/FreeRTOS/Source/portable/GCC/ARM_CM3/port.o
                0x08005454                xPortStartScheduler
 .text.vPortValidateInterruptPriority
                0x080054e4       0x44 Middlewares/Third_Party/FreeRTOS/Source/portable/GCC/ARM_CM3/port.o
                0x080054e4                vPortValidateInterruptPriority
 .text.prvHeapInit
                0x08005528       0x58 Middlewares/Third_Party/FreeRTOS/Source/portable/MemMang/heap_4.o
 .text.prvInsertBlockIntoFreeList
                0x08005580       0x58 Middlewares/Third_Party/FreeRTOS/Source/portable/MemMang/heap_4.o
 .text.pvPortMalloc
                0x080055d8       0xe4 Middlewares/Third_Party/FreeRTOS/Source/portable/MemMang/heap_4.o
                0x080055d8                pvPortMalloc
 .text.vPortFree
                0x080056bc       0x60 Middlewares/Third_Party/FreeRTOS/Source/portable/MemMang/heap_4.o
                0x080056bc                vPortFree
 .text.GpioOutputSet
                0x0800571c       0x24 Src/filter.o
                0x0800571c                GpioOutputSet
 .text.GpioOutputInit
                0x08005740       0x14 Src/filter.o
                0x08005740                GpioOutputInit
 .text.LedInit  0x08005754       0x30 Src/led.o
                0x08005754                LedInit
 .text.MX_GPIO_Init
                0x08005784      0x104 Src/main.o
 .text.StartDefaultTask
                0x08005888       0x64 Src/main.o
                0x08005888                StartDefaultTask
 .text.HAL_UART_RxCpltCallback
                0x080058ec       0x34 Src/main.o
                0x080058ec                HAL_UART_RxCpltCallback
 .text.Error_Handler
                0x08005920        0x4 Src/main.o
                0x08005920                Error_Handler
 .text.MX_ADC1_Init
                0x08005924       0x50 Src/main.o
 .text.MX_I2C1_Init
                0x08005974       0x38 Src/main.o
 .text.MX_RTC_Init
                0x080059ac       0x8c Src/main.o
 .text.MX_SPI1_Init
                0x08005a38       0x40 Src/main.o
 .text.MX_SPI2_Init
                0x08005a78       0x40 Src/main.o
 .text.MX_UART4_Init
                0x08005ab8       0x34 Src/main.o
 .text.MX_UART5_Init
                0x08005aec       0x34 Src/main.o
 .text.MX_USART1_UART_Init
                0x08005b20       0x34 Src/main.o
 .text.MX_USART2_UART_Init
                0x08005b54       0x34 Src/main.o
 .text.MX_USART3_UART_Init
                0x08005b88       0x4c Src/main.o
 .text.SystemClock_Config
                0x08005bd4       0xbc Src/main.o
                0x08005bd4                SystemClock_Config
 .text.main     0x08005c90       0x80 Src/main.o
                0x08005c90                main
 .text.RelaysInit
                0x08005d10       0x30 Src/relays.o
                0x08005d10                RelaysInit
 .text.HAL_MspInit
                0x08005d40       0x8c Src/stm32f1xx_hal_msp.o
                0x08005d40                HAL_MspInit
 .text.HAL_ADC_MspInit
                0x08005dcc       0x54 Src/stm32f1xx_hal_msp.o
                0x08005dcc                HAL_ADC_MspInit
 .text.HAL_I2C_MspInit
                0x08005e20       0x58 Src/stm32f1xx_hal_msp.o
                0x08005e20                HAL_I2C_MspInit
 .text.HAL_RTC_MspInit
                0x08005e78       0x4c Src/stm32f1xx_hal_msp.o
                0x08005e78                HAL_RTC_MspInit
 .text.HAL_SPI_MspInit
                0x08005ec4       0x94 Src/stm32f1xx_hal_msp.o
                0x08005ec4                HAL_SPI_MspInit
 .text.HAL_UART_MspInit
                0x08005f58      0x1ec Src/stm32f1xx_hal_msp.o
                0x08005f58                HAL_UART_MspInit
 .text.NMI_Handler
                0x08006144        0x4 Src/stm32f1xx_it.o
                0x08006144                NMI_Handler
 .text.HardFault_Handler
                0x08006148        0x4 Src/stm32f1xx_it.o
                0x08006148                HardFault_Handler
 .text.MemManage_Handler
                0x0800614c        0x4 Src/stm32f1xx_it.o
                0x0800614c                MemManage_Handler
 .text.BusFault_Handler
                0x08006150        0x4 Src/stm32f1xx_it.o
                0x08006150                BusFault_Handler
 .text.UsageFault_Handler
                0x08006154        0x4 Src/stm32f1xx_it.o
                0x08006154                UsageFault_Handler
 .text.DebugMon_Handler
                0x08006158        0x4 Src/stm32f1xx_it.o
                0x08006158                DebugMon_Handler
 .text.SysTick_Handler
                0x0800615c        0xc Src/stm32f1xx_it.o
                0x0800615c                SysTick_Handler
 .text.USART1_IRQHandler
                0x08006168       0x10 Src/stm32f1xx_it.o
                0x08006168                USART1_IRQHandler
 .text.USART2_IRQHandler
                0x08006178       0x10 Src/stm32f1xx_it.o
                0x08006178                USART2_IRQHandler
 .text.USART3_IRQHandler
                0x08006188       0x10 Src/stm32f1xx_it.o
                0x08006188                USART3_IRQHandler
 .text.UART4_IRQHandler
                0x08006198       0x10 Src/stm32f1xx_it.o
                0x08006198                UART4_IRQHandler
 .text.UART5_IRQHandler
                0x080061a8       0x10 Src/stm32f1xx_it.o
                0x080061a8                UART5_IRQHandler
 .text.OTG_FS_IRQHandler
                0x080061b8       0x10 Src/stm32f1xx_it.o
                0x080061b8                OTG_FS_IRQHandler
 .text.SystemInit
                0x080061c8       0x58 Src/system_stm32f1xx.o
                0x080061c8                SystemInit
 .text.MX_USB_DEVICE_Init
                0x08006220       0x38 Src/usb_device.o
                0x08006220                MX_USB_DEVICE_Init
 .text.CDC_DeInit_FS
                0x08006258        0x4 Src/usbd_cdc_if.o
 .text.CDC_Control_FS
                0x0800625c        0x4 Src/usbd_cdc_if.o
 .text.CDC_Receive_FS
                0x08006260       0x1c Src/usbd_cdc_if.o
 .text.CDC_Init_FS
                0x0800627c       0x28 Src/usbd_cdc_if.o
 .text.CDC_Transmit_FS
                0x080062a4       0x2c Src/usbd_cdc_if.o
                0x080062a4                CDC_Transmit_FS
 .text.HAL_PCD_MspInit
                0x080062d0       0x54 Src/usbd_conf.o
                0x080062d0                HAL_PCD_MspInit
 .text.HAL_PCD_SetupStageCallback
                0x08006324       0x10 Src/usbd_conf.o
                0x08006324                HAL_PCD_SetupStageCallback
 .text.HAL_PCD_DataOutStageCallback
                0x08006334       0x18 Src/usbd_conf.o
                0x08006334                HAL_PCD_DataOutStageCallback
 .text.HAL_PCD_DataInStageCallback
                0x0800634c       0x18 Src/usbd_conf.o
                0x0800634c                HAL_PCD_DataInStageCallback
 .text.HAL_PCD_SOFCallback
                0x08006364        0xc Src/usbd_conf.o
                0x08006364                HAL_PCD_SOFCallback
 .text.HAL_PCD_ResetCallback
                0x08006370       0x20 Src/usbd_conf.o
                0x08006370                HAL_PCD_ResetCallback
 .text.HAL_PCD_SuspendCallback
                0x08006390       0x30 Src/usbd_conf.o
                0x08006390                HAL_PCD_SuspendCallback
 .text.HAL_PCD_ResumeCallback
                0x080063c0        0xc Src/usbd_conf.o
                0x080063c0                HAL_PCD_ResumeCallback
 .text.HAL_PCD_ISOOUTIncompleteCallback
                0x080063cc        0xc Src/usbd_conf.o
                0x080063cc                HAL_PCD_ISOOUTIncompleteCallback
 .text.HAL_PCD_ISOINIncompleteCallback
                0x080063d8        0xc Src/usbd_conf.o
                0x080063d8                HAL_PCD_ISOINIncompleteCallback
 .text.HAL_PCD_ConnectCallback
                0x080063e4        0xc Src/usbd_conf.o
                0x080063e4                HAL_PCD_ConnectCallback
 .text.HAL_PCD_DisconnectCallback
                0x080063f0        0xc Src/usbd_conf.o
                0x080063f0                HAL_PCD_DisconnectCallback
 .text.USBD_LL_Init
                0x080063fc       0x60 Src/usbd_conf.o
                0x080063fc                USBD_LL_Init
 .text.USBD_LL_Start
                0x0800645c       0x20 Src/usbd_conf.o
                0x0800645c                USBD_LL_Start
 .text.USBD_LL_OpenEP
                0x0800647c       0x24 Src/usbd_conf.o
                0x0800647c                USBD_LL_OpenEP
 .text.USBD_LL_CloseEP
                0x080064a0       0x20 Src/usbd_conf.o
                0x080064a0                USBD_LL_CloseEP
 .text.USBD_LL_StallEP
                0x080064c0       0x20 Src/usbd_conf.o
                0x080064c0                USBD_LL_StallEP
 .text.USBD_LL_ClearStallEP
                0x080064e0       0x20 Src/usbd_conf.o
                0x080064e0                USBD_LL_ClearStallEP
 .text.USBD_LL_IsStallEP
                0x08006500       0x30 Src/usbd_conf.o
                0x08006500                USBD_LL_IsStallEP
 .text.USBD_LL_SetUSBAddress
                0x08006530       0x20 Src/usbd_conf.o
                0x08006530                USBD_LL_SetUSBAddress
 .text.USBD_LL_Transmit
                0x08006550       0x20 Src/usbd_conf.o
                0x08006550                USBD_LL_Transmit
 .text.USBD_LL_PrepareReceive
                0x08006570       0x20 Src/usbd_conf.o
                0x08006570                USBD_LL_PrepareReceive
 .text.USBD_LL_GetRxDataSize
                0x08006590        0xc Src/usbd_conf.o
                0x08006590                USBD_LL_GetRxDataSize
 .text.USBD_static_malloc
                0x0800659c        0x8 Src/usbd_conf.o
                0x0800659c                USBD_static_malloc
 .text.USBD_static_free
                0x080065a4        0x4 Src/usbd_conf.o
                0x080065a4                USBD_static_free
 .text.HAL_PCDEx_SetConnectionState
                0x080065a8        0x4 Src/usbd_conf.o
                0x080065a8                HAL_PCDEx_SetConnectionState
 .text.USBD_FS_DeviceDescriptor
                0x080065ac        0xc Src/usbd_desc.o
                0x080065ac                USBD_FS_DeviceDescriptor
 .text.USBD_FS_LangIDStrDescriptor
                0x080065b8        0xc Src/usbd_desc.o
                0x080065b8                USBD_FS_LangIDStrDescriptor
 .text.USBD_FS_ProductStrDescriptor
                0x080065c4       0x24 Src/usbd_desc.o
                0x080065c4                USBD_FS_ProductStrDescriptor
 .text.USBD_FS_ManufacturerStrDescriptor
                0x080065e8       0x1c Src/usbd_desc.o
                0x080065e8                USBD_FS_ManufacturerStrDescriptor
 .text.USBD_FS_SerialStrDescriptor
                0x08006604       0x24 Src/usbd_desc.o
                0x08006604                USBD_FS_SerialStrDescriptor
 .text.USBD_FS_ConfigStrDescriptor
                0x08006628       0x24 Src/usbd_desc.o
                0x08006628                USBD_FS_ConfigStrDescriptor
 .text.USBD_FS_InterfaceStrDescriptor
                0x0800664c       0x24 Src/usbd_desc.o
                0x0800664c                USBD_FS_InterfaceStrDescriptor
 .text.VcpRxEvent
                0x08006670       0x38 Src/vcp.o
                0x08006670                VcpRxEvent
 .text.Send     0x080066a8       0x40 Src/vcp.o
                0x080066a8                Send
 .text.VcpTask  0x080066e8       0x80 Src/vcp.o
                0x080066e8                VcpTask
 .text.Reset_Handler
                0x08006768       0x44 startup/startup_stm32f105xc.o
                0x08006768                Reset_Handler
 .text.Default_Handler
                0x080067ac        0x2 startup/startup_stm32f105xc.o
                0x080067ac                RTC_Alarm_IRQHandler
                0x080067ac                EXTI2_IRQHandler
                0x080067ac                TIM1_CC_IRQHandler
                0x080067ac                TIM6_IRQHandler
                0x080067ac                PVD_IRQHandler
                0x080067ac                CAN2_RX1_IRQHandler
                0x080067ac                EXTI3_IRQHandler
                0x080067ac                EXTI0_IRQHandler
                0x080067ac                I2C2_EV_IRQHandler
                0x080067ac                CAN1_RX0_IRQHandler
                0x080067ac                CAN2_SCE_IRQHandler
                0x080067ac                ADC1_2_IRQHandler
                0x080067ac                SPI1_IRQHandler
                0x080067ac                TAMPER_IRQHandler
                0x080067ac                CAN2_RX0_IRQHandler
                0x080067ac                DMA2_Channel2_IRQHandler
                0x080067ac                DMA1_Channel4_IRQHandler
                0x080067ac                RTC_IRQHandler
                0x080067ac                DMA1_Channel7_IRQHandler
                0x080067ac                CAN1_RX1_IRQHandler
                0x080067ac                TIM4_IRQHandler
                0x080067ac                DMA2_Channel1_IRQHandler
                0x080067ac                I2C1_EV_IRQHandler
                0x080067ac                DMA1_Channel6_IRQHandler
                0x080067ac                DMA2_Channel4_IRQHandler
                0x080067ac                TIM3_IRQHandler
                0x080067ac                RCC_IRQHandler
                0x080067ac                TIM1_TRG_COM_IRQHandler
                0x080067ac                DMA1_Channel1_IRQHandler
                0x080067ac                Default_Handler
                0x080067ac                EXTI15_10_IRQHandler
                0x080067ac                TIM7_IRQHandler
                0x080067ac                CAN2_TX_IRQHandler
                0x080067ac                TIM5_IRQHandler
                0x080067ac                EXTI9_5_IRQHandler
                0x080067ac                SPI2_IRQHandler
                0x080067ac                CAN1_TX_IRQHandler
                0x080067ac                DMA2_Channel5_IRQHandler
                0x080067ac                DMA1_Channel5_IRQHandler
                0x080067ac                EXTI4_IRQHandler
                0x080067ac                DMA1_Channel3_IRQHandler
                0x080067ac                TIM1_UP_IRQHandler
                0x080067ac                WWDG_IRQHandler
                0x080067ac                TIM2_IRQHandler
                0x080067ac                OTG_FS_WKUP_IRQHandler
                0x080067ac                TIM1_BRK_IRQHandler
                0x080067ac                EXTI1_IRQHandler
                0x080067ac                I2C2_ER_IRQHandler
                0x080067ac                DMA1_Channel2_IRQHandler
                0x080067ac                CAN1_SCE_IRQHandler
                0x080067ac                FLASH_IRQHandler
                0x080067ac                SPI3_IRQHandler
                0x080067ac                I2C1_ER_IRQHandler
                0x080067ac                DMA2_Channel3_IRQHandler
 .text.memcpy   0x080067ae       0x16 c:/ac6/systemworkbench/plugins/fr.ac6.mcu.externaltools.arm-none.win32_1.13.2.201705091103/tools/compiler/bin/../lib/gcc/arm-none-eabi/5.4.1/../../../../arm-none-eabi/lib/armv7-m\libc_nano.a(lib_a-memcpy-stub.o)
                0x080067ae                memcpy
 .text.memset   0x080067c4       0x10 c:/ac6/systemworkbench/plugins/fr.ac6.mcu.externaltools.arm-none.win32_1.13.2.201705091103/tools/compiler/bin/../lib/gcc/arm-none-eabi/5.4.1/../../../../arm-none-eabi/lib/armv7-m\libc_nano.a(lib_a-memset.o)
                0x080067c4                memset
 *(.glue_7)
 .glue_7        0x080067d4        0x0 linker stubs
 *(.glue_7t)
 .glue_7t       0x080067d4        0x0 linker stubs
 *(.eh_frame)
 .eh_frame      0x080067d4        0x0 c:/ac6/systemworkbench/plugins/fr.ac6.mcu.externaltools.arm-none.win32_1.13.2.201705091103/tools/compiler/bin/../lib/gcc/arm-none-eabi/5.4.1/armv7-m/crtbegin.o
 *(.init)
 .init          0x080067d4        0x4 c:/ac6/systemworkbench/plugins/fr.ac6.mcu.externaltools.arm-none.win32_1.13.2.201705091103/tools/compiler/bin/../lib/gcc/arm-none-eabi/5.4.1/armv7-m/crti.o
                0x080067d4                _init
 .init          0x080067d8        0x8 c:/ac6/systemworkbench/plugins/fr.ac6.mcu.externaltools.arm-none.win32_1.13.2.201705091103/tools/compiler/bin/../lib/gcc/arm-none-eabi/5.4.1/armv7-m/crtn.o
 *(.fini)
 .fini          0x080067e0        0x4 c:/ac6/systemworkbench/plugins/fr.ac6.mcu.externaltools.arm-none.win32_1.13.2.201705091103/tools/compiler/bin/../lib/gcc/arm-none-eabi/5.4.1/armv7-m/crti.o
                0x080067e0                _fini
 .fini          0x080067e4        0x8 c:/ac6/systemworkbench/plugins/fr.ac6.mcu.externaltools.arm-none.win32_1.13.2.201705091103/tools/compiler/bin/../lib/gcc/arm-none-eabi/5.4.1/armv7-m/crtn.o
                0x080067ec                . = ALIGN (0x4)
                0x080067ec                _etext = .

.vfp11_veneer   0x080067ec        0x0
 .vfp11_veneer  0x080067ec        0x0 linker stubs

.v4_bx          0x080067ec        0x0
 .v4_bx         0x080067ec        0x0 linker stubs

.iplt           0x080067ec        0x0
 .iplt          0x080067ec        0x0 c:/ac6/systemworkbench/plugins/fr.ac6.mcu.externaltools.arm-none.win32_1.13.2.201705091103/tools/compiler/bin/../lib/gcc/arm-none-eabi/5.4.1/armv7-m/crtbegin.o

.rodata         0x080067ec      0x10c
                0x080067ec                . = ALIGN (0x4)
 *(.rodata)
 .rodata        0x080067ec       0x1c Drivers/STM32F1xx_HAL_Driver/Src/stm32f1xx_hal_rcc.o
 .rodata        0x08006808       0x1c Drivers/STM32F1xx_HAL_Driver/Src/stm32f1xx_hal_rcc_ex.o
 .rodata        0x08006824       0x28 Src/main.o
 .rodata        0x0800684c       0x18 Src/system_stm32f1xx.o
                0x0800684c                AHBPrescTable
                0x0800685c                APBPrescTable
 *(.rodata*)
 .rodata.str1.4
                0x08006864        0x5 Middlewares/Third_Party/FreeRTOS/Source/tasks.o
 *fill*         0x08006869        0x3 
 .rodata.str1.4
                0x0800686c       0x34 Src/main.o
 .rodata.str1.4
                0x080068a0       0x58 Src/usbd_desc.o
                                 0x56 (size before relaxing)
                0x080068f8                . = ALIGN (0x4)

.rel.dyn        0x080068f8        0x0
 .rel.iplt      0x080068f8        0x0 c:/ac6/systemworkbench/plugins/fr.ac6.mcu.externaltools.arm-none.win32_1.13.2.201705091103/tools/compiler/bin/../lib/gcc/arm-none-eabi/5.4.1/armv7-m/crtbegin.o

.ARM.extab
 *(.ARM.extab* .gnu.linkonce.armextab.*)

.ARM            0x080068f8        0x0
                0x080068f8                __exidx_start = .
 *(.ARM.exidx*)
                0x080068f8                __exidx_end = .

.preinit_array  0x080068f8        0x0
                0x080068f8                PROVIDE (__preinit_array_start, .)
 *(.preinit_array*)
                0x080068f8                PROVIDE (__preinit_array_end, .)

.init_array     0x080068f8        0x4
                0x080068f8                PROVIDE (__init_array_start, .)
 *(SORT(.init_array.*))
 *(.init_array*)
 .init_array    0x080068f8        0x4 c:/ac6/systemworkbench/plugins/fr.ac6.mcu.externaltools.arm-none.win32_1.13.2.201705091103/tools/compiler/bin/../lib/gcc/arm-none-eabi/5.4.1/armv7-m/crtbegin.o
                0x080068fc                PROVIDE (__init_array_end, .)

.fini_array     0x080068fc        0x4
                [!provide]                PROVIDE (__fini_array_start, .)
 *(SORT(.fini_array.*))
 *(.fini_array*)
 .fini_array    0x080068fc        0x4 c:/ac6/systemworkbench/plugins/fr.ac6.mcu.externaltools.arm-none.win32_1.13.2.201705091103/tools/compiler/bin/../lib/gcc/arm-none-eabi/5.4.1/armv7-m/crtbegin.o
                [!provide]                PROVIDE (__fini_array_end, .)
                0x08006900                _sidata = LOADADDR (.data)

.data           0x20000000      0x15c load address 0x08006900
                0x20000000                . = ALIGN (0x4)
                0x20000000                _sdata = .
 *(.data)
 .data          0x20000000      0x110 Middlewares/ST/STM32_USB_Device_Library/Class/CDC/Src/usbd_cdc.o
                0x20000000                USBD_CDC_CfgFSDesc
                0x20000044                USBD_CDC_CfgHSDesc
                0x20000088                USBD_CDC_OtherSpeedCfgDesc
                0x200000d8                USBD_CDC
 .data          0x20000110        0x4 Middlewares/Third_Party/FreeRTOS/Source/portable/GCC/ARM_CM3/port.o
 .data          0x20000114        0x4 Src/system_stm32f1xx.o
                0x20000114                SystemCoreClock
 .data          0x20000118       0x10 Src/usbd_cdc_if.o
                0x20000118                USBD_Interface_fops_FS
 .data          0x20000128       0x34 Src/usbd_desc.o
                0x20000128                USBD_FS_DeviceDesc
                0x2000013c                USBD_LangIDDesc
                0x20000140                FS_Desc
 *(.data*)
                0x2000015c                . = ALIGN (0x4)
                0x2000015c                _edata = .

.jcr            0x2000015c        0x0 load address 0x08006a5c
 .jcr           0x2000015c        0x0 c:/ac6/systemworkbench/plugins/fr.ac6.mcu.externaltools.arm-none.win32_1.13.2.201705091103/tools/compiler/bin/../lib/gcc/arm-none-eabi/5.4.1/armv7-m/crtbegin.o

.igot.plt       0x2000015c        0x0 load address 0x08006a5c
 .igot.plt      0x2000015c        0x0 c:/ac6/systemworkbench/plugins/fr.ac6.mcu.externaltools.arm-none.win32_1.13.2.201705091103/tools/compiler/bin/../lib/gcc/arm-none-eabi/5.4.1/armv7-m/crtbegin.o
                0x2000015c                . = ALIGN (0x4)

.bss            0x2000015c     0x1e88 load address 0x08006a5c
                0x2000015c                _sbss = .
                0x2000015c                __bss_start__ = _sbss
 *(.bss)
 .bss           0x2000015c       0x1c c:/ac6/systemworkbench/plugins/fr.ac6.mcu.externaltools.arm-none.win32_1.13.2.201705091103/tools/compiler/bin/../lib/gcc/arm-none-eabi/5.4.1/armv7-m/crtbegin.o
 .bss           0x20000178        0x4 Drivers/STM32F1xx_HAL_Driver/Src/stm32f1xx_hal.o
 .bss           0x2000017c        0x1 Drivers/STM32F1xx_HAL_Driver/Src/stm32f1xx_hal_spi_ex.o
                0x2000017c                uCRCErrorWorkaroundCheck
 .bss           0x2000017d        0x1 Middlewares/ST/STM32_USB_Device_Library/Class/CDC/Src/usbd_cdc.o
 .bss           0x2000017e        0x1 Middlewares/ST/STM32_USB_Device_Library/Core/Src/usbd_ctlreq.o
 *fill*         0x2000017f        0x1 
 .bss           0x20000180      0x128 Middlewares/Third_Party/FreeRTOS/Source/tasks.o
                0x2000027c                pxCurrentTCB
 .bss           0x200002a8        0x8 Middlewares/Third_Party/FreeRTOS/Source/portable/GCC/ARM_CM3/port.o
 .bss           0x200002b0     0x1018 Middlewares/Third_Party/FreeRTOS/Source/portable/MemMang/heap_4.o
 .bss           0x200012c8       0x1a Src/led.o
 *fill*         0x200012e2        0x2 
 .bss           0x200012e4       0x18 Src/relays.o
 .bss           0x200012fc      0x220 Src/usbd_conf.o
 .bss           0x2000151c        0x4 Src/vcp.o
 *(.bss*)
 *(COMMON)
 COMMON         0x20001520      0x278 Src/main.o
                0x20001520                defaultTaskHandle
                0x20001524                hspi2
                0x2000157c                huart3
                0x200015bc                hi2c1
                0x200015f8                UART3_Data
                0x200015fc                huart5
                0x2000163c                hadc1
                0x2000166c                huart1
                0x200016ac                hrtc
                0x200016c0                huart4
                0x20001700                hspi1
                0x20001758                huart2
 COMMON         0x20001798      0x224 Src/usb_device.o
                0x20001798                hUsbDeviceFS
 COMMON         0x200019bc       0x80 Src/usbd_cdc_if.o
                0x200019bc                UserRxBufferFS
                0x200019fc                UserTxBufferFS
 COMMON         0x20001a3c      0x3a8 Src/usbd_conf.o
                0x20001a3c                hpcd_USB_OTG_FS
 COMMON         0x20001de4      0x200 Src/usbd_desc.o
                0x20001de4                USBD_StrDesc
                0x20001fe4                . = ALIGN (0x4)
                0x20001fe4                _ebss = .
                0x20001fe4                __bss_end__ = _ebss

._user_heap_stack
                0x20001fe4      0x604 load address 0x08006a5c
                0x20001fe8                . = ALIGN (0x8)
 *fill*         0x20001fe4        0x4 
                0x20001fe8                PROVIDE (end, .)
                [!provide]                PROVIDE (_end, .)
                0x200021e8                . = (. + _Min_Heap_Size)
 *fill*         0x20001fe8      0x200 
                0x200025e8                . = (. + _Min_Stack_Size)
 *fill*         0x200021e8      0x400 
                0x200025e8                . = ALIGN (0x8)

/DISCARD/
 libc.a(*)
 libm.a(*)
 libgcc.a(*)

.ARM.attributes
                0x00000000       0x29
 *(.ARM.attributes)
 .ARM.attributes
                0x00000000       0x1d c:/ac6/systemworkbench/plugins/fr.ac6.mcu.externaltools.arm-none.win32_1.13.2.201705091103/tools/compiler/bin/../lib/gcc/arm-none-eabi/5.4.1/armv7-m/crti.o
 .ARM.attributes
                0x0000001d       0x2d c:/ac6/systemworkbench/plugins/fr.ac6.mcu.externaltools.arm-none.win32_1.13.2.201705091103/tools/compiler/bin/../lib/gcc/arm-none-eabi/5.4.1/armv7-m/crtbegin.o
 .ARM.attributes
                0x0000004a       0x33 Drivers/STM32F1xx_HAL_Driver/Src/stm32f1xx_hal.o
 .ARM.attributes
                0x0000007d       0x33 Drivers/STM32F1xx_HAL_Driver/Src/stm32f1xx_hal_adc.o
 .ARM.attributes
                0x000000b0       0x33 Drivers/STM32F1xx_HAL_Driver/Src/stm32f1xx_hal_cortex.o
 .ARM.attributes
                0x000000e3       0x33 Drivers/STM32F1xx_HAL_Driver/Src/stm32f1xx_hal_gpio.o
 .ARM.attributes
                0x00000116       0x33 Drivers/STM32F1xx_HAL_Driver/Src/stm32f1xx_hal_i2c.o
 .ARM.attributes
                0x00000149       0x33 Drivers/STM32F1xx_HAL_Driver/Src/stm32f1xx_hal_pcd.o
 .ARM.attributes
                0x0000017c       0x33 Drivers/STM32F1xx_HAL_Driver/Src/stm32f1xx_hal_pcd_ex.o
 .ARM.attributes
                0x000001af       0x33 Drivers/STM32F1xx_HAL_Driver/Src/stm32f1xx_hal_pwr.o
 .ARM.attributes
                0x000001e2       0x33 Drivers/STM32F1xx_HAL_Driver/Src/stm32f1xx_hal_rcc.o
 .ARM.attributes
                0x00000215       0x33 Drivers/STM32F1xx_HAL_Driver/Src/stm32f1xx_hal_rcc_ex.o
 .ARM.attributes
                0x00000248       0x33 Drivers/STM32F1xx_HAL_Driver/Src/stm32f1xx_hal_rtc.o
 .ARM.attributes
                0x0000027b       0x33 Drivers/STM32F1xx_HAL_Driver/Src/stm32f1xx_hal_rtc_ex.o
 .ARM.attributes
                0x000002ae       0x33 Drivers/STM32F1xx_HAL_Driver/Src/stm32f1xx_hal_spi_ex.o
 .ARM.attributes
                0x000002e1       0x33 Drivers/STM32F1xx_HAL_Driver/Src/stm32f1xx_hal_uart.o
 .ARM.attributes
                0x00000314       0x33 Drivers/STM32F1xx_HAL_Driver/Src/stm32f1xx_ll_usb.o
 .ARM.attributes
                0x00000347       0x33 Middlewares/ST/STM32_USB_Device_Library/Class/CDC/Src/usbd_cdc.o
 .ARM.attributes
                0x0000037a       0x33 Middlewares/ST/STM32_USB_Device_Library/Core/Src/usbd_core.o
 .ARM.attributes
                0x000003ad       0x33 Middlewares/ST/STM32_USB_Device_Library/Core/Src/usbd_ctlreq.o
 .ARM.attributes
                0x000003e0       0x33 Middlewares/ST/STM32_USB_Device_Library/Core/Src/usbd_ioreq.o
 .ARM.attributes
                0x00000413       0x33 Middlewares/Third_Party/FreeRTOS/Source/CMSIS_RTOS/cmsis_os.o
 .ARM.attributes
                0x00000446       0x33 Middlewares/Third_Party/FreeRTOS/Source/list.o
 .ARM.attributes
                0x00000479       0x33 Middlewares/Third_Party/FreeRTOS/Source/queue.o
 .ARM.attributes
                0x000004ac       0x33 Middlewares/Third_Party/FreeRTOS/Source/tasks.o
 .ARM.attributes
                0x000004df       0x33 Middlewares/Third_Party/FreeRTOS/Source/portable/GCC/ARM_CM3/port.o
 .ARM.attributes
                0x00000512       0x33 Middlewares/Third_Party/FreeRTOS/Source/portable/MemMang/heap_4.o
 .ARM.attributes
                0x00000545       0x33 Src/filter.o
 .ARM.attributes
                0x00000578       0x33 Src/led.o
 .ARM.attributes
                0x000005ab       0x33 Src/main.o
 .ARM.attributes
                0x000005de       0x33 Src/relays.o
 .ARM.attributes
                0x00000611       0x33 Src/stm32f1xx_hal_msp.o
 .ARM.attributes
                0x00000644       0x33 Src/stm32f1xx_it.o
 .ARM.attributes
                0x00000677       0x33 Src/system_stm32f1xx.o
 .ARM.attributes
                0x000006aa       0x33 Src/usb_device.o
 .ARM.attributes
                0x000006dd       0x33 Src/usbd_cdc_if.o
 .ARM.attributes
                0x00000710       0x33 Src/usbd_conf.o
 .ARM.attributes
                0x00000743       0x33 Src/usbd_desc.o
 .ARM.attributes
                0x00000776       0x33 Src/vcp.o
 .ARM.attributes
                0x000007a9       0x21 startup/startup_stm32f105xc.o
 .ARM.attributes
                0x000007ca       0x2d c:/ac6/systemworkbench/plugins/fr.ac6.mcu.externaltools.arm-none.win32_1.13.2.201705091103/tools/compiler/bin/../lib/gcc/arm-none-eabi/5.4.1/../../../../arm-none-eabi/lib/armv7-m\libc_nano.a(lib_a-memcpy-stub.o)
 .ARM.attributes
                0x000007f7       0x2d c:/ac6/systemworkbench/plugins/fr.ac6.mcu.externaltools.arm-none.win32_1.13.2.201705091103/tools/compiler/bin/../lib/gcc/arm-none-eabi/5.4.1/../../../../arm-none-eabi/lib/armv7-m\libc_nano.a(lib_a-memset.o)
 .ARM.attributes
                0x00000824       0x17 c:/ac6/systemworkbench/plugins/fr.ac6.mcu.externaltools.arm-none.win32_1.13.2.201705091103/tools/compiler/bin/../lib/gcc/arm-none-eabi/5.4.1/../../../../arm-none-eabi/lib/armv7-m\libc_nano.a(lib_a-strlen.o)
 .ARM.attributes
                0x0000083b       0x1d c:/ac6/systemworkbench/plugins/fr.ac6.mcu.externaltools.arm-none.win32_1.13.2.201705091103/tools/compiler/bin/../lib/gcc/arm-none-eabi/5.4.1/armv7-m/crtn.o
OUTPUT(ISWiFi_test_board_v1.elf elf32-littlearm)

.debug_info     0x00000000    0x1fb5e
 .debug_info    0x00000000      0x713 Drivers/STM32F1xx_HAL_Driver/Src/stm32f1xx_hal.o
 .debug_info    0x00000713      0xfdc Drivers/STM32F1xx_HAL_Driver/Src/stm32f1xx_hal_adc.o
 .debug_info    0x000016ef      0xc93 Drivers/STM32F1xx_HAL_Driver/Src/stm32f1xx_hal_cortex.o
 .debug_info    0x00002382      0x622 Drivers/STM32F1xx_HAL_Driver/Src/stm32f1xx_hal_gpio.o
 .debug_info    0x000029a4     0x2aba Drivers/STM32F1xx_HAL_Driver/Src/stm32f1xx_hal_i2c.o
 .debug_info    0x0000545e     0x1436 Drivers/STM32F1xx_HAL_Driver/Src/stm32f1xx_hal_pcd.o
 .debug_info    0x00006894      0x57b Drivers/STM32F1xx_HAL_Driver/Src/stm32f1xx_hal_pcd_ex.o
 .debug_info    0x00006e0f      0x7cd Drivers/STM32F1xx_HAL_Driver/Src/stm32f1xx_hal_pwr.o
 .debug_info    0x000075dc     0x1588 Drivers/STM32F1xx_HAL_Driver/Src/stm32f1xx_hal_rcc.o
 .debug_info    0x00008b64      0xccc Drivers/STM32F1xx_HAL_Driver/Src/stm32f1xx_hal_rcc_ex.o
 .debug_info    0x00009830     0x12e3 Drivers/STM32F1xx_HAL_Driver/Src/stm32f1xx_hal_rtc.o
 .debug_info    0x0000ab13      0x8d6 Drivers/STM32F1xx_HAL_Driver/Src/stm32f1xx_hal_rtc_ex.o
 .debug_info    0x0000b3e9      0x5ba Drivers/STM32F1xx_HAL_Driver/Src/stm32f1xx_hal_spi_ex.o
 .debug_info    0x0000b9a3     0x10f5 Drivers/STM32F1xx_HAL_Driver/Src/stm32f1xx_hal_uart.o
 .debug_info    0x0000ca98     0x1555 Drivers/STM32F1xx_HAL_Driver/Src/stm32f1xx_ll_usb.o
 .debug_info    0x0000dfed      0xd07 Middlewares/ST/STM32_USB_Device_Library/Class/CDC/Src/usbd_cdc.o
 .debug_info    0x0000ecf4      0xc42 Middlewares/ST/STM32_USB_Device_Library/Core/Src/usbd_core.o
 .debug_info    0x0000f936      0xdfb Middlewares/ST/STM32_USB_Device_Library/Core/Src/usbd_ctlreq.o
 .debug_info    0x00010731      0x765 Middlewares/ST/STM32_USB_Device_Library/Core/Src/usbd_ioreq.o
 .debug_info    0x00010e96     0x1959 Middlewares/Third_Party/FreeRTOS/Source/CMSIS_RTOS/cmsis_os.o
 .debug_info    0x000127ef      0x2a5 Middlewares/Third_Party/FreeRTOS/Source/list.o
 .debug_info    0x00012a94     0x12cd Middlewares/Third_Party/FreeRTOS/Source/queue.o
 .debug_info    0x00013d61     0x211f Middlewares/Third_Party/FreeRTOS/Source/tasks.o
 .debug_info    0x00015e80      0x3ed Middlewares/Third_Party/FreeRTOS/Source/portable/GCC/ARM_CM3/port.o
 .debug_info    0x0001626d      0x3b3 Middlewares/Third_Party/FreeRTOS/Source/portable/MemMang/heap_4.o
 .debug_info    0x00016620      0x8bb Src/filter.o
 .debug_info    0x00016edb      0xa63 Src/led.o
 .debug_info    0x0001793e     0x1ee1 Src/main.o
 .debug_info    0x0001981f      0x562 Src/relays.o
 .debug_info    0x00019d81     0x1900 Src/stm32f1xx_hal_msp.o
 .debug_info    0x0001b681      0x9a5 Src/stm32f1xx_it.o
 .debug_info    0x0001c026      0x42c Src/system_stm32f1xx.o
 .debug_info    0x0001c452      0x616 Src/usb_device.o
 .debug_info    0x0001ca68      0x820 Src/usbd_cdc_if.o
 .debug_info    0x0001d288     0x18d7 Src/usbd_conf.o
 .debug_info    0x0001eb5f      0x4c6 Src/usbd_desc.o
 .debug_info    0x0001f025      0xad4 Src/vcp.o
 .debug_info    0x0001faf9       0x65 startup/startup_stm32f105xc.o

.debug_abbrev   0x00000000     0x4b25
 .debug_abbrev  0x00000000      0x21f Drivers/STM32F1xx_HAL_Driver/Src/stm32f1xx_hal.o
 .debug_abbrev  0x0000021f      0x248 Drivers/STM32F1xx_HAL_Driver/Src/stm32f1xx_hal_adc.o
 .debug_abbrev  0x00000467      0x2bd Drivers/STM32F1xx_HAL_Driver/Src/stm32f1xx_hal_cortex.o
 .debug_abbrev  0x00000724      0x1cd Drivers/STM32F1xx_HAL_Driver/Src/stm32f1xx_hal_gpio.o
 .debug_abbrev  0x000008f1      0x21b Drivers/STM32F1xx_HAL_Driver/Src/stm32f1xx_hal_i2c.o
 .debug_abbrev  0x00000b0c      0x285 Drivers/STM32F1xx_HAL_Driver/Src/stm32f1xx_hal_pcd.o
 .debug_abbrev  0x00000d91      0x17d Drivers/STM32F1xx_HAL_Driver/Src/stm32f1xx_hal_pcd_ex.o
 .debug_abbrev  0x00000f0e      0x20e Drivers/STM32F1xx_HAL_Driver/Src/stm32f1xx_hal_pwr.o
 .debug_abbrev  0x0000111c      0x287 Drivers/STM32F1xx_HAL_Driver/Src/stm32f1xx_hal_rcc.o
 .debug_abbrev  0x000013a3      0x233 Drivers/STM32F1xx_HAL_Driver/Src/stm32f1xx_hal_rcc_ex.o
 .debug_abbrev  0x000015d6      0x21e Drivers/STM32F1xx_HAL_Driver/Src/stm32f1xx_hal_rtc.o
 .debug_abbrev  0x000017f4      0x1e8 Drivers/STM32F1xx_HAL_Driver/Src/stm32f1xx_hal_rtc_ex.o
 .debug_abbrev  0x000019dc      0x160 Drivers/STM32F1xx_HAL_Driver/Src/stm32f1xx_hal_spi_ex.o
 .debug_abbrev  0x00001b3c      0x228 Drivers/STM32F1xx_HAL_Driver/Src/stm32f1xx_hal_uart.o
 .debug_abbrev  0x00001d64      0x242 Drivers/STM32F1xx_HAL_Driver/Src/stm32f1xx_ll_usb.o
 .debug_abbrev  0x00001fa6      0x24a Middlewares/ST/STM32_USB_Device_Library/Class/CDC/Src/usbd_cdc.o
 .debug_abbrev  0x000021f0      0x1ef Middlewares/ST/STM32_USB_Device_Library/Core/Src/usbd_core.o
 .debug_abbrev  0x000023df      0x26c Middlewares/ST/STM32_USB_Device_Library/Core/Src/usbd_ctlreq.o
 .debug_abbrev  0x0000264b      0x158 Middlewares/ST/STM32_USB_Device_Library/Core/Src/usbd_ioreq.o
 .debug_abbrev  0x000027a3      0x2ac Middlewares/Third_Party/FreeRTOS/Source/CMSIS_RTOS/cmsis_os.o
 .debug_abbrev  0x00002a4f       0xdf Middlewares/Third_Party/FreeRTOS/Source/list.o
 .debug_abbrev  0x00002b2e      0x1d8 Middlewares/Third_Party/FreeRTOS/Source/queue.o
 .debug_abbrev  0x00002d06      0x29b Middlewares/Third_Party/FreeRTOS/Source/tasks.o
 .debug_abbrev  0x00002fa1      0x1ff Middlewares/Third_Party/FreeRTOS/Source/portable/GCC/ARM_CM3/port.o
 .debug_abbrev  0x000031a0      0x1ce Middlewares/Third_Party/FreeRTOS/Source/portable/MemMang/heap_4.o
 .debug_abbrev  0x0000336e      0x1ba Src/filter.o
 .debug_abbrev  0x00003528      0x212 Src/led.o
 .debug_abbrev  0x0000373a      0x300 Src/main.o
 .debug_abbrev  0x00003a3a      0x1a6 Src/relays.o
 .debug_abbrev  0x00003be0      0x247 Src/stm32f1xx_hal_msp.o
 .debug_abbrev  0x00003e27      0x1c0 Src/stm32f1xx_it.o
 .debug_abbrev  0x00003fe7      0x104 Src/system_stm32f1xx.o
 .debug_abbrev  0x000040eb      0x170 Src/usb_device.o
 .debug_abbrev  0x0000425b      0x212 Src/usbd_cdc_if.o
 .debug_abbrev  0x0000446d      0x2ab Src/usbd_conf.o
 .debug_abbrev  0x00004718      0x167 Src/usbd_desc.o
 .debug_abbrev  0x0000487f      0x294 Src/vcp.o
 .debug_abbrev  0x00004b13       0x12 startup/startup_stm32f105xc.o

.debug_loc      0x00000000    0x11295
 .debug_loc     0x00000000       0x81 Drivers/STM32F1xx_HAL_Driver/Src/stm32f1xx_hal.o
 .debug_loc     0x00000081      0x9d6 Drivers/STM32F1xx_HAL_Driver/Src/stm32f1xx_hal_adc.o
 .debug_loc     0x00000a57      0x527 Drivers/STM32F1xx_HAL_Driver/Src/stm32f1xx_hal_cortex.o
 .debug_loc     0x00000f7e      0x377 Drivers/STM32F1xx_HAL_Driver/Src/stm32f1xx_hal_gpio.o
 .debug_loc     0x000012f5     0x2bab Drivers/STM32F1xx_HAL_Driver/Src/stm32f1xx_hal_i2c.o
 .debug_loc     0x00003ea0      0xbd8 Drivers/STM32F1xx_HAL_Driver/Src/stm32f1xx_hal_pcd.o
 .debug_loc     0x00004a78       0xd0 Drivers/STM32F1xx_HAL_Driver/Src/stm32f1xx_hal_pcd_ex.o
 .debug_loc     0x00004b48       0xfe Drivers/STM32F1xx_HAL_Driver/Src/stm32f1xx_hal_pwr.o
 .debug_loc     0x00004c46      0xacb Drivers/STM32F1xx_HAL_Driver/Src/stm32f1xx_hal_rcc.o
 .debug_loc     0x00005711      0x968 Drivers/STM32F1xx_HAL_Driver/Src/stm32f1xx_hal_rcc_ex.o
 .debug_loc     0x00006079     0x12e5 Drivers/STM32F1xx_HAL_Driver/Src/stm32f1xx_hal_rtc.o
 .debug_loc     0x0000735e      0x55c Drivers/STM32F1xx_HAL_Driver/Src/stm32f1xx_hal_rtc_ex.o
 .debug_loc     0x000078ba       0x58 Drivers/STM32F1xx_HAL_Driver/Src/stm32f1xx_hal_spi_ex.o
 .debug_loc     0x00007912     0x1009 Drivers/STM32F1xx_HAL_Driver/Src/stm32f1xx_hal_uart.o
 .debug_loc     0x0000891b     0x116f Drivers/STM32F1xx_HAL_Driver/Src/stm32f1xx_ll_usb.o
 .debug_loc     0x00009a8a      0x4b1 Middlewares/ST/STM32_USB_Device_Library/Class/CDC/Src/usbd_cdc.o
 .debug_loc     0x00009f3b      0x629 Middlewares/ST/STM32_USB_Device_Library/Core/Src/usbd_core.o
 .debug_loc     0x0000a564      0xb12 Middlewares/ST/STM32_USB_Device_Library/Core/Src/usbd_ctlreq.o
 .debug_loc     0x0000b076      0x23c Middlewares/ST/STM32_USB_Device_Library/Core/Src/usbd_ioreq.o
 .debug_loc     0x0000b2b2      0xeb9 Middlewares/Third_Party/FreeRTOS/Source/CMSIS_RTOS/cmsis_os.o
 .debug_loc     0x0000c16b       0x65 Middlewares/Third_Party/FreeRTOS/Source/list.o
 .debug_loc     0x0000c1d0     0x150d Middlewares/Third_Party/FreeRTOS/Source/queue.o
 .debug_loc     0x0000d6dd     0x1af4 Middlewares/Third_Party/FreeRTOS/Source/tasks.o
 .debug_loc     0x0000f1d1       0xa6 Middlewares/Third_Party/FreeRTOS/Source/portable/GCC/ARM_CM3/port.o
 .debug_loc     0x0000f277      0x27b Middlewares/Third_Party/FreeRTOS/Source/portable/MemMang/heap_4.o
 .debug_loc     0x0000f4f2      0x664 Src/filter.o
 .debug_loc     0x0000fb56      0x10e Src/led.o
 .debug_loc     0x0000fc64       0x63 Src/main.o
 .debug_loc     0x0000fcc7       0xa5 Src/relays.o
 .debug_loc     0x0000fd6c      0x270 Src/stm32f1xx_hal_msp.o
 .debug_loc     0x0000ffdc      0x1a1 Src/system_stm32f1xx.o
 .debug_loc     0x0001017d      0x135 Src/usbd_cdc_if.o
 .debug_loc     0x000102b2      0xb8b Src/usbd_conf.o
 .debug_loc     0x00010e3d      0x2b7 Src/usbd_desc.o
 .debug_loc     0x000110f4      0x1a1 Src/vcp.o

.debug_aranges  0x00000000     0x1860
 .debug_aranges
                0x00000000       0xb0 Drivers/STM32F1xx_HAL_Driver/Src/stm32f1xx_hal.o
 .debug_aranges
                0x000000b0       0xf0 Drivers/STM32F1xx_HAL_Driver/Src/stm32f1xx_hal_adc.o
 .debug_aranges
                0x000001a0       0x90 Drivers/STM32F1xx_HAL_Driver/Src/stm32f1xx_hal_cortex.o
 .debug_aranges
                0x00000230       0x58 Drivers/STM32F1xx_HAL_Driver/Src/stm32f1xx_hal_gpio.o
 .debug_aranges
                0x00000288      0x218 Drivers/STM32F1xx_HAL_Driver/Src/stm32f1xx_hal_i2c.o
 .debug_aranges
                0x000004a0      0x120 Drivers/STM32F1xx_HAL_Driver/Src/stm32f1xx_hal_pcd.o
 .debug_aranges
                0x000005c0       0x30 Drivers/STM32F1xx_HAL_Driver/Src/stm32f1xx_hal_pcd_ex.o
 .debug_aranges
                0x000005f0       0xa8 Drivers/STM32F1xx_HAL_Driver/Src/stm32f1xx_hal_pwr.o
 .debug_aranges
                0x00000698       0x88 Drivers/STM32F1xx_HAL_Driver/Src/stm32f1xx_hal_rcc.o
 .debug_aranges
                0x00000720       0x50 Drivers/STM32F1xx_HAL_Driver/Src/stm32f1xx_hal_rcc_ex.o
 .debug_aranges
                0x00000770       0xf8 Drivers/STM32F1xx_HAL_Driver/Src/stm32f1xx_hal_rtc.o
 .debug_aranges
                0x00000868       0x88 Drivers/STM32F1xx_HAL_Driver/Src/stm32f1xx_hal_rtc_ex.o
 .debug_aranges
                0x000008f0       0x28 Drivers/STM32F1xx_HAL_Driver/Src/stm32f1xx_hal_spi_ex.o
 .debug_aranges
                0x00000918      0x150 Drivers/STM32F1xx_HAL_Driver/Src/stm32f1xx_hal_uart.o
 .debug_aranges
                0x00000a68      0x180 Drivers/STM32F1xx_HAL_Driver/Src/stm32f1xx_ll_usb.o
 .debug_aranges
                0x00000be8       0x90 Middlewares/ST/STM32_USB_Device_Library/Class/CDC/Src/usbd_cdc.o
 .debug_aranges
                0x00000c78       0xb8 Middlewares/ST/STM32_USB_Device_Library/Core/Src/usbd_core.o
 .debug_aranges
                0x00000d30       0x88 Middlewares/ST/STM32_USB_Device_Library/Core/Src/usbd_ctlreq.o
 .debug_aranges
                0x00000db8       0x50 Middlewares/ST/STM32_USB_Device_Library/Core/Src/usbd_ioreq.o
 .debug_aranges
                0x00000e08      0x1b0 Middlewares/Third_Party/FreeRTOS/Source/CMSIS_RTOS/cmsis_os.o
 .debug_aranges
                0x00000fb8       0x40 Middlewares/Third_Party/FreeRTOS/Source/list.o
 .debug_aranges
                0x00000ff8       0xe0 Middlewares/Third_Party/FreeRTOS/Source/queue.o
 .debug_aranges
                0x000010d8      0x1b0 Middlewares/Third_Party/FreeRTOS/Source/tasks.o
 .debug_aranges
                0x00001288       0x90 Middlewares/Third_Party/FreeRTOS/Source/portable/GCC/ARM_CM3/port.o
 .debug_aranges
                0x00001318       0x50 Middlewares/Third_Party/FreeRTOS/Source/portable/MemMang/heap_4.o
 .debug_aranges
                0x00001368       0x98 Src/filter.o
 .debug_aranges
                0x00001400       0x48 Src/led.o
 .debug_aranges
                0x00001448       0x98 Src/main.o
 .debug_aranges
                0x000014e0       0x50 Src/relays.o
 .debug_aranges
                0x00001530       0x70 Src/stm32f1xx_hal_msp.o
 .debug_aranges
                0x000015a0       0x80 Src/stm32f1xx_it.o
 .debug_aranges
                0x00001620       0x28 Src/system_stm32f1xx.o
 .debug_aranges
                0x00001648       0x20 Src/usb_device.o
 .debug_aranges
                0x00001668       0x40 Src/usbd_cdc_if.o
 .debug_aranges
                0x000016a8      0x110 Src/usbd_conf.o
 .debug_aranges
                0x000017b8       0x50 Src/usbd_desc.o
 .debug_aranges
                0x00001808       0x30 Src/vcp.o
 .debug_aranges
                0x00001838       0x28 startup/startup_stm32f105xc.o

.debug_ranges   0x00000000     0x1620
 .debug_ranges  0x00000000       0xa0 Drivers/STM32F1xx_HAL_Driver/Src/stm32f1xx_hal.o
 .debug_ranges  0x000000a0       0xe0 Drivers/STM32F1xx_HAL_Driver/Src/stm32f1xx_hal_adc.o
 .debug_ranges  0x00000180       0x80 Drivers/STM32F1xx_HAL_Driver/Src/stm32f1xx_hal_cortex.o
 .debug_ranges  0x00000200       0x48 Drivers/STM32F1xx_HAL_Driver/Src/stm32f1xx_hal_gpio.o
 .debug_ranges  0x00000248      0x208 Drivers/STM32F1xx_HAL_Driver/Src/stm32f1xx_hal_i2c.o
 .debug_ranges  0x00000450      0x110 Drivers/STM32F1xx_HAL_Driver/Src/stm32f1xx_hal_pcd.o
 .debug_ranges  0x00000560       0x20 Drivers/STM32F1xx_HAL_Driver/Src/stm32f1xx_hal_pcd_ex.o
 .debug_ranges  0x00000580       0x98 Drivers/STM32F1xx_HAL_Driver/Src/stm32f1xx_hal_pwr.o
 .debug_ranges  0x00000618       0x78 Drivers/STM32F1xx_HAL_Driver/Src/stm32f1xx_hal_rcc.o
 .debug_ranges  0x00000690       0x40 Drivers/STM32F1xx_HAL_Driver/Src/stm32f1xx_hal_rcc_ex.o
 .debug_ranges  0x000006d0       0xe8 Drivers/STM32F1xx_HAL_Driver/Src/stm32f1xx_hal_rtc.o
 .debug_ranges  0x000007b8       0x78 Drivers/STM32F1xx_HAL_Driver/Src/stm32f1xx_hal_rtc_ex.o
 .debug_ranges  0x00000830       0x18 Drivers/STM32F1xx_HAL_Driver/Src/stm32f1xx_hal_spi_ex.o
 .debug_ranges  0x00000848      0x140 Drivers/STM32F1xx_HAL_Driver/Src/stm32f1xx_hal_uart.o
 .debug_ranges  0x00000988      0x170 Drivers/STM32F1xx_HAL_Driver/Src/stm32f1xx_ll_usb.o
 .debug_ranges  0x00000af8       0x80 Middlewares/ST/STM32_USB_Device_Library/Class/CDC/Src/usbd_cdc.o
 .debug_ranges  0x00000b78       0xa8 Middlewares/ST/STM32_USB_Device_Library/Core/Src/usbd_core.o
 .debug_ranges  0x00000c20       0x78 Middlewares/ST/STM32_USB_Device_Library/Core/Src/usbd_ctlreq.o
 .debug_ranges  0x00000c98       0x40 Middlewares/ST/STM32_USB_Device_Library/Core/Src/usbd_ioreq.o
 .debug_ranges  0x00000cd8      0x1a0 Middlewares/Third_Party/FreeRTOS/Source/CMSIS_RTOS/cmsis_os.o
 .debug_ranges  0x00000e78       0x30 Middlewares/Third_Party/FreeRTOS/Source/list.o
 .debug_ranges  0x00000ea8       0xd0 Middlewares/Third_Party/FreeRTOS/Source/queue.o
 .debug_ranges  0x00000f78      0x1b8 Middlewares/Third_Party/FreeRTOS/Source/tasks.o
 .debug_ranges  0x00001130       0x80 Middlewares/Third_Party/FreeRTOS/Source/portable/GCC/ARM_CM3/port.o
 .debug_ranges  0x000011b0       0x40 Middlewares/Third_Party/FreeRTOS/Source/portable/MemMang/heap_4.o
 .debug_ranges  0x000011f0       0x88 Src/filter.o
 .debug_ranges  0x00001278       0x38 Src/led.o
 .debug_ranges  0x000012b0       0x88 Src/main.o
 .debug_ranges  0x00001338       0x40 Src/relays.o
 .debug_ranges  0x00001378       0x60 Src/stm32f1xx_hal_msp.o
 .debug_ranges  0x000013d8       0x70 Src/stm32f1xx_it.o
 .debug_ranges  0x00001448       0x18 Src/system_stm32f1xx.o
 .debug_ranges  0x00001460       0x10 Src/usb_device.o
 .debug_ranges  0x00001470       0x30 Src/usbd_cdc_if.o
 .debug_ranges  0x000014a0      0x100 Src/usbd_conf.o
 .debug_ranges  0x000015a0       0x40 Src/usbd_desc.o
 .debug_ranges  0x000015e0       0x20 Src/vcp.o
 .debug_ranges  0x00001600       0x20 startup/startup_stm32f105xc.o

.debug_macro    0x00000000    0x270e4
 .debug_macro   0x00000000      0x34a Drivers/STM32F1xx_HAL_Driver/Src/stm32f1xx_hal.o
 .debug_macro   0x0000034a      0x880 Drivers/STM32F1xx_HAL_Driver/Src/stm32f1xx_hal.o
 .debug_macro   0x00000bca      0x136 Drivers/STM32F1xx_HAL_Driver/Src/stm32f1xx_hal.o
 .debug_macro   0x00000d00      0x179 Drivers/STM32F1xx_HAL_Driver/Src/stm32f1xx_hal.o
 .debug_macro   0x00000e79       0x2e Drivers/STM32F1xx_HAL_Driver/Src/stm32f1xx_hal.o
 .debug_macro   0x00000ea7       0x22 Drivers/STM32F1xx_HAL_Driver/Src/stm32f1xx_hal.o
 .debug_macro   0x00000ec9       0x22 Drivers/STM32F1xx_HAL_Driver/Src/stm32f1xx_hal.o
 .debug_macro   0x00000eeb       0x87 Drivers/STM32F1xx_HAL_Driver/Src/stm32f1xx_hal.o
 .debug_macro   0x00000f72       0x44 Drivers/STM32F1xx_HAL_Driver/Src/stm32f1xx_hal.o
 .debug_macro   0x00000fb6       0xfd Drivers/STM32F1xx_HAL_Driver/Src/stm32f1xx_hal.o
 .debug_macro   0x000010b3       0x5e Drivers/STM32F1xx_HAL_Driver/Src/stm32f1xx_hal.o
 .debug_macro   0x00001111      0x1df Drivers/STM32F1xx_HAL_Driver/Src/stm32f1xx_hal.o
 .debug_macro   0x000012f0       0x34 Drivers/STM32F1xx_HAL_Driver/Src/stm32f1xx_hal.o
 .debug_macro   0x00001324       0x34 Drivers/STM32F1xx_HAL_Driver/Src/stm32f1xx_hal.o
 .debug_macro   0x00001358      0xb8e Drivers/STM32F1xx_HAL_Driver/Src/stm32f1xx_hal.o
 .debug_macro   0x00001ee6    0x15a92 Drivers/STM32F1xx_HAL_Driver/Src/stm32f1xx_hal.o
 .debug_macro   0x00017978       0x43 Drivers/STM32F1xx_HAL_Driver/Src/stm32f1xx_hal.o
 .debug_macro   0x000179bb     0x3383 Drivers/STM32F1xx_HAL_Driver/Src/stm32f1xx_hal.o
 .debug_macro   0x0001ad3e       0x52 Drivers/STM32F1xx_HAL_Driver/Src/stm32f1xx_hal.o
 .debug_macro   0x0001ad90       0x35 Drivers/STM32F1xx_HAL_Driver/Src/stm32f1xx_hal.o
 .debug_macro   0x0001adc5       0x9c Drivers/STM32F1xx_HAL_Driver/Src/stm32f1xx_hal.o
 .debug_macro   0x0001ae61       0x16 Drivers/STM32F1xx_HAL_Driver/Src/stm32f1xx_hal.o
 .debug_macro   0x0001ae77       0x97 Drivers/STM32F1xx_HAL_Driver/Src/stm32f1xx_hal.o
 .debug_macro   0x0001af0e      0x30d Drivers/STM32F1xx_HAL_Driver/Src/stm32f1xx_hal.o
 .debug_macro   0x0001b21b       0xfd Drivers/STM32F1xx_HAL_Driver/Src/stm32f1xx_hal.o
 .debug_macro   0x0001b318       0x10 Drivers/STM32F1xx_HAL_Driver/Src/stm32f1xx_hal.o
 .debug_macro   0x0001b328       0x52 Drivers/STM32F1xx_HAL_Driver/Src/stm32f1xx_hal.o
 .debug_macro   0x0001b37a       0x1f Drivers/STM32F1xx_HAL_Driver/Src/stm32f1xx_hal.o
 .debug_macro   0x0001b399       0x43 Drivers/STM32F1xx_HAL_Driver/Src/stm32f1xx_hal.o
 .debug_macro   0x0001b3dc       0x20 Drivers/STM32F1xx_HAL_Driver/Src/stm32f1xx_hal.o
 .debug_macro   0x0001b3fc      0x187 Drivers/STM32F1xx_HAL_Driver/Src/stm32f1xx_hal.o
 .debug_macro   0x0001b583       0x10 Drivers/STM32F1xx_HAL_Driver/Src/stm32f1xx_hal.o
 .debug_macro   0x0001b593       0x1c Drivers/STM32F1xx_HAL_Driver/Src/stm32f1xx_hal.o
 .debug_macro   0x0001b5af       0x52 Drivers/STM32F1xx_HAL_Driver/Src/stm32f1xx_hal.o
 .debug_macro   0x0001b601       0x40 Drivers/STM32F1xx_HAL_Driver/Src/stm32f1xx_hal.o
 .debug_macro   0x0001b641       0x10 Drivers/STM32F1xx_HAL_Driver/Src/stm32f1xx_hal.o
 .debug_macro   0x0001b651       0x40 Drivers/STM32F1xx_HAL_Driver/Src/stm32f1xx_hal.o
 .debug_macro   0x0001b691       0xd7 Drivers/STM32F1xx_HAL_Driver/Src/stm32f1xx_hal.o
 .debug_macro   0x0001b768       0x16 Drivers/STM32F1xx_HAL_Driver/Src/stm32f1xx_hal.o
 .debug_macro   0x0001b77e      0x18b Drivers/STM32F1xx_HAL_Driver/Src/stm32f1xx_hal.o
 .debug_macro   0x0001b909       0x50 Drivers/STM32F1xx_HAL_Driver/Src/stm32f1xx_hal.o
 .debug_macro   0x0001b959      0x778 Drivers/STM32F1xx_HAL_Driver/Src/stm32f1xx_hal.o
 .debug_macro   0x0001c0d1      0x649 Drivers/STM32F1xx_HAL_Driver/Src/stm32f1xx_hal.o
 .debug_macro   0x0001c71a      0x141 Drivers/STM32F1xx_HAL_Driver/Src/stm32f1xx_hal.o
 .debug_macro   0x0001c85b      0x1f9 Drivers/STM32F1xx_HAL_Driver/Src/stm32f1xx_hal.o
 .debug_macro   0x0001ca54      0x1ae Drivers/STM32F1xx_HAL_Driver/Src/stm32f1xx_hal.o
 .debug_macro   0x0001cc02       0x2a Drivers/STM32F1xx_HAL_Driver/Src/stm32f1xx_hal.o
 .debug_macro   0x0001cc2c       0x3c Drivers/STM32F1xx_HAL_Driver/Src/stm32f1xx_hal.o
 .debug_macro   0x0001cc68       0x57 Drivers/STM32F1xx_HAL_Driver/Src/stm32f1xx_hal.o
 .debug_macro   0x0001ccbf      0x46a Drivers/STM32F1xx_HAL_Driver/Src/stm32f1xx_hal.o
 .debug_macro   0x0001d129      0x1c3 Drivers/STM32F1xx_HAL_Driver/Src/stm32f1xx_hal.o
 .debug_macro   0x0001d2ec       0x8c Drivers/STM32F1xx_HAL_Driver/Src/stm32f1xx_hal.o
 .debug_macro   0x0001d378      0x250 Drivers/STM32F1xx_HAL_Driver/Src/stm32f1xx_hal.o
 .debug_macro   0x0001d5c8      0x225 Drivers/STM32F1xx_HAL_Driver/Src/stm32f1xx_hal.o
 .debug_macro   0x0001d7ed      0x143 Drivers/STM32F1xx_HAL_Driver/Src/stm32f1xx_hal.o