Archive member included to satisfy reference by file (symbol)

c:/ac6/systemworkbench/plugins/fr.ac6.mcu.externaltools.arm-none.win32_1.13.2.201705091103/tools/compiler/bin/../lib/gcc/arm-none-eabi/5.4.1/../../../../arm-none-eabi/lib/armv7-m\libc_nano.a(lib_a-exit.o)
                              c:/ac6/systemworkbench/plugins/fr.ac6.mcu.externaltools.arm-none.win32_1.13.2.201705091103/tools/compiler/bin/../lib/gcc/arm-none-eabi/5.4.1/../../../../arm-none-eabi/lib/armv7-m/crt0.o (exit)
c:/ac6/systemworkbench/plugins/fr.ac6.mcu.externaltools.arm-none.win32_1.13.2.201705091103/tools/compiler/bin/../lib/gcc/arm-none-eabi/5.4.1/../../../../arm-none-eabi/lib/armv7-m\libc_nano.a(lib_a-impure.o)
                              c:/ac6/systemworkbench/plugins/fr.ac6.mcu.externaltools.arm-none.win32_1.13.2.201705091103/tools/compiler/bin/../lib/gcc/arm-none-eabi/5.4.1/../../../../arm-none-eabi/lib/armv7-m\libc_nano.a(lib_a-exit.o) (_global_impure_ptr)
c:/ac6/systemworkbench/plugins/fr.ac6.mcu.externaltools.arm-none.win32_1.13.2.201705091103/tools/compiler/bin/../lib/gcc/arm-none-eabi/5.4.1/../../../../arm-none-eabi/lib/armv7-m\libc_nano.a(lib_a-init.o)
                              c:/ac6/systemworkbench/plugins/fr.ac6.mcu.externaltools.arm-none.win32_1.13.2.201705091103/tools/compiler/bin/../lib/gcc/arm-none-eabi/5.4.1/../../../../arm-none-eabi/lib/armv7-m/crt0.o (__libc_init_array)
c:/ac6/systemworkbench/plugins/fr.ac6.mcu.externaltools.arm-none.win32_1.13.2.201705091103/tools/compiler/bin/../lib/gcc/arm-none-eabi/5.4.1/../../../../arm-none-eabi/lib/armv7-m\libc_nano.a(lib_a-memcpy-stub.o)
                              Middlewares/Third_Party/FreeRTOS/Source/queue.o (memcpy)
c:/ac6/systemworkbench/plugins/fr.ac6.mcu.externaltools.arm-none.win32_1.13.2.201705091103/tools/compiler/bin/../lib/gcc/arm-none-eabi/5.4.1/../../../../arm-none-eabi/lib/armv7-m\libc_nano.a(lib_a-memset.o)
                              c:/ac6/systemworkbench/plugins/fr.ac6.mcu.externaltools.arm-none.win32_1.13.2.201705091103/tools/compiler/bin/../lib/gcc/arm-none-eabi/5.4.1/../../../../arm-none-eabi/lib/armv7-m/crt0.o (memset)
c:/ac6/systemworkbench/plugins/fr.ac6.mcu.externaltools.arm-none.win32_1.13.2.201705091103/tools/compiler/bin/../lib/gcc/arm-none-eabi/5.4.1/../../../../arm-none-eabi/lib/armv7-m\libc_nano.a(lib_a-sprintf.o)
                              Src/HysteresisController.o (sprintf)
c:/ac6/systemworkbench/plugins/fr.ac6.mcu.externaltools.arm-none.win32_1.13.2.201705091103/tools/compiler/bin/../lib/gcc/arm-none-eabi/5.4.1/../../../../arm-none-eabi/lib/armv7-m\libc_nano.a(lib_a-strlen.o)
                              Src/HysteresisController.o (strlen)
c:/ac6/systemworkbench/plugins/fr.ac6.mcu.externaltools.arm-none.win32_1.13.2.201705091103/tools/compiler/bin/../lib/gcc/arm-none-eabi/5.4.1/../../../../arm-none-eabi/lib/armv7-m\libc_nano.a(lib_a-nano-svfprintf.o)
                              c:/ac6/systemworkbench/plugins/fr.ac6.mcu.externaltools.arm-none.win32_1.13.2.201705091103/tools/compiler/bin/../lib/gcc/arm-none-eabi/5.4.1/../../../../arm-none-eabi/lib/armv7-m\libc_nano.a(lib_a-sprintf.o) (_svfprintf_r)
c:/ac6/systemworkbench/plugins/fr.ac6.mcu.externaltools.arm-none.win32_1.13.2.201705091103/tools/compiler/bin/../lib/gcc/arm-none-eabi/5.4.1/../../../../arm-none-eabi/lib/armv7-m\libc_nano.a(lib_a-nano-vfprintf_i.o)
                              c:/ac6/systemworkbench/plugins/fr.ac6.mcu.externaltools.arm-none.win32_1.13.2.201705091103/tools/compiler/bin/../lib/gcc/arm-none-eabi/5.4.1/../../../../arm-none-eabi/lib/armv7-m\libc_nano.a(lib_a-nano-svfprintf.o) (_printf_i)
c:/ac6/systemworkbench/plugins/fr.ac6.mcu.externaltools.arm-none.win32_1.13.2.201705091103/tools/compiler/bin/../lib/gcc/arm-none-eabi/5.4.1/../../../../arm-none-eabi/lib/armv7-m\libc_nano.a(lib_a-memchr-stub.o)
                              c:/ac6/systemworkbench/plugins/fr.ac6.mcu.externaltools.arm-none.win32_1.13.2.201705091103/tools/compiler/bin/../lib/gcc/arm-none-eabi/5.4.1/../../../../arm-none-eabi/lib/armv7-m\libc_nano.a(lib_a-nano-svfprintf.o) (memchr)
c:/ac6/systemworkbench/plugins/fr.ac6.mcu.externaltools.arm-none.win32_1.13.2.201705091103/tools/compiler/bin/../lib/gcc/arm-none-eabi/5.4.1/../../../../arm-none-eabi/lib/armv7-m\libc_nano.a(lib_a-memmove.o)
                              c:/ac6/systemworkbench/plugins/fr.ac6.mcu.externaltools.arm-none.win32_1.13.2.201705091103/tools/compiler/bin/../lib/gcc/arm-none-eabi/5.4.1/../../../../arm-none-eabi/lib/armv7-m\libc_nano.a(lib_a-nano-svfprintf.o) (memmove)
c:/ac6/systemworkbench/plugins/fr.ac6.mcu.externaltools.arm-none.win32_1.13.2.201705091103/tools/compiler/bin/../lib/gcc/arm-none-eabi/5.4.1/../../../../arm-none-eabi/lib/armv7-m\libc_nano.a(lib_a-nano-freer.o)
[...]
Memory Configuration

Name             Origin             Length             Attributes
RAM              0x20000000         0x00010000         xrw
FLASH            0x08000000         0x00040000         xr
*default*        0x00000000         0xffffffff

Linker script and memory map

LOAD c:/ac6/systemworkbench/plugins/fr.ac6.mcu.externaltools.arm-none.win32_1.13.2.201705091103/tools/compiler/bin/../lib/gcc/arm-none-eabi/5.4.1/armv7-m/crti.o
LOAD c:/ac6/systemworkbench/plugins/fr.ac6.mcu.externaltools.arm-none.win32_1.13.2.201705091103/tools/compiler/bin/../lib/gcc/arm-none-eabi/5.4.1/armv7-m/crtbegin.o
LOAD c:/ac6/systemworkbench/plugins/fr.ac6.mcu.externaltools.arm-none.win32_1.13.2.201705091103/tools/compiler/bin/../lib/gcc/arm-none-eabi/5.4.1/../../../../arm-none-eabi/lib/armv7-m/crt0.o
LOAD Drivers/STM32F1xx_HAL_Driver/Src/stm32f1xx_hal.o
LOAD Drivers/STM32F1xx_HAL_Driver/Src/stm32f1xx_hal_adc.o
LOAD Drivers/STM32F1xx_HAL_Driver/Src/stm32f1xx_hal_adc_ex.o
LOAD Drivers/STM32F1xx_HAL_Driver/Src/stm32f1xx_hal_cortex.o
LOAD Drivers/STM32F1xx_HAL_Driver/Src/stm32f1xx_hal_dma.o
LOAD Drivers/STM32F1xx_HAL_Driver/Src/stm32f1xx_hal_flash.o
LOAD Drivers/STM32F1xx_HAL_Driver/Src/stm32f1xx_hal_flash_ex.o
LOAD Drivers/STM32F1xx_HAL_Driver/Src/stm32f1xx_hal_gpio.o
LOAD Drivers/STM32F1xx_HAL_Driver/Src/stm32f1xx_hal_gpio_ex.o
LOAD Drivers/STM32F1xx_HAL_Driver/Src/stm32f1xx_hal_i2c.o
LOAD Drivers/STM32F1xx_HAL_Driver/Src/stm32f1xx_hal_pcd.o
LOAD Drivers/STM32F1xx_HAL_Driver/Src/stm32f1xx_hal_pcd_ex.o
LOAD Drivers/STM32F1xx_HAL_Driver/Src/stm32f1xx_hal_pwr.o
LOAD Drivers/STM32F1xx_HAL_Driver/Src/stm32f1xx_hal_rcc.o
LOAD Drivers/STM32F1xx_HAL_Driver/Src/stm32f1xx_hal_rcc_ex.o
LOAD Drivers/STM32F1xx_HAL_Driver/Src/stm32f1xx_hal_rtc.o
LOAD Drivers/STM32F1xx_HAL_Driver/Src/stm32f1xx_hal_rtc_ex.o
LOAD Drivers/STM32F1xx_HAL_Driver/Src/stm32f1xx_hal_spi.o
LOAD Drivers/STM32F1xx_HAL_Driver/Src/stm32f1xx_hal_spi_ex.o
LOAD Drivers/STM32F1xx_HAL_Driver/Src/stm32f1xx_hal_tim.o
LOAD Drivers/STM32F1xx_HAL_Driver/Src/stm32f1xx_hal_tim_ex.o
LOAD Drivers/STM32F1xx_HAL_Driver/Src/stm32f1xx_hal_uart.o
LOAD Drivers/STM32F1xx_HAL_Driver/Src/stm32f1xx_ll_usb.o
LOAD Middlewares/ST/STM32_USB_Device_Library/Class/CDC/Src/usbd_cdc.o
LOAD Middlewares/ST/STM32_USB_Device_Library/Core/Src/usbd_core.o
LOAD Middlewares/ST/STM32_USB_Device_Library/Core/Src/usbd_ctlreq.o
LOAD Middlewares/ST/STM32_USB_Device_Library/Core/Src/usbd_ioreq.o
LOAD Middlewares/Third_Party/FreeRTOS/Source/CMSIS_RTOS/cmsis_os.o
LOAD Middlewares/Third_Party/FreeRTOS/Source/croutine.o
LOAD Middlewares/Third_Party/FreeRTOS/Source/event_groups.o
LOAD Middlewares/Third_Party/FreeRTOS/Source/list.o
LOAD Middlewares/Third_Party/FreeRTOS/Source/queue.o
LOAD Middlewares/Third_Party/FreeRTOS/Source/tasks.o
LOAD Middlewares/Third_Party/FreeRTOS/Source/timers.o
LOAD Middlewares/Third_Party/FreeRTOS/Source/portable/GCC/ARM_CM3/port.o
LOAD Middlewares/Third_Party/FreeRTOS/Source/portable/MemMang/heap_4.o
LOAD Src/ADC.o
LOAD Src/HysteresisController.o
LOAD Src/config.o
LOAD Src/database.o
LOAD Src/filter.o
LOAD Src/freertos.o
LOAD Src/led.o
LOAD Src/main.o
LOAD Src/relays.o
LOAD Src/stm32f1xx_hal_msp.o
LOAD Src/stm32f1xx_it.o
LOAD Src/system_stm32f1xx.o
LOAD Src/usb_device.o
LOAD Src/usbd_cdc_if.o
LOAD Src/usbd_conf.o
LOAD Src/usbd_desc.o
LOAD Src/vcp.o
LOAD startup/startup_stm32f105xc.o
LOAD c:/ac6/systemworkbench/plugins/fr.ac6.mcu.externaltools.arm-none.win32_1.13.2.201705091103/tools/compiler/bin/../lib/gcc/arm-none-eabi/5.4.1/../../../../arm-none-eabi/lib/armv7-m\libm.a
START GROUP
LOAD c:/ac6/systemworkbench/plugins/fr.ac6.mcu.externaltools.arm-none.win32_1.13.2.201705091103/tools/compiler/bin/../lib/gcc/arm-none-eabi/5.4.1/armv7-m\libgcc.a
LOAD c:/ac6/systemworkbench/plugins/fr.ac6.mcu.externaltools.arm-none.win32_1.13.2.201705091103/tools/compiler/bin/../lib/gcc/arm-none-eabi/5.4.1/../../../../arm-none-eabi/lib/armv7-m\libc_nano.a
END GROUP
START GROUP
LOAD c:/ac6/systemworkbench/plugins/fr.ac6.mcu.externaltools.arm-none.win32_1.13.2.201705091103/tools/compiler/bin/../lib/gcc/arm-none-eabi/5.4.1/armv7-m\libgcc.a
LOAD c:/ac6/systemworkbench/plugins/fr.ac6.mcu.externaltools.arm-none.win32_1.13.2.201705091103/tools/compiler/bin/../lib/gcc/arm-none-eabi/5.4.1/../../../../arm-none-eabi/lib/armv7-m\libc_nano.a
LOAD c:/ac6/systemworkbench/plugins/fr.ac6.mcu.externaltools.arm-none.win32_1.13.2.201705091103/tools/compiler/bin/../lib/gcc/arm-none-eabi/5.4.1/../../../../arm-none-eabi/lib/armv7-m\libnosys.a
END GROUP
START GROUP
LOAD c:/ac6/systemworkbench/plugins/fr.ac6.mcu.externaltools.arm-none.win32_1.13.2.201705091103/tools/compiler/bin/../lib/gcc/arm-none-eabi/5.4.1/armv7-m\libgcc.a
LOAD c:/ac6/systemworkbench/plugins/fr.ac6.mcu.externaltools.arm-none.win32_1.13.2.201705091103/tools/compiler/bin/../lib/gcc/arm-none-eabi/5.4.1/../../../../arm-none-eabi/lib/armv7-m\libc_nano.a
LOAD c:/ac6/systemworkbench/plugins/fr.ac6.mcu.externaltools.arm-none.win32_1.13.2.201705091103/tools/compiler/bin/../lib/gcc/arm-none-eabi/5.4.1/../../../../arm-none-eabi/lib/armv7-m\libnosys.a
END GROUP
LOAD c:/ac6/systemworkbench/plugins/fr.ac6.mcu.externaltools.arm-none.win32_1.13.2.201705091103/tools/compiler/bin/../lib/gcc/arm-none-eabi/5.4.1/armv7-m/crtend.o
LOAD c:/ac6/systemworkbench/plugins/fr.ac6.mcu.externaltools.arm-none.win32_1.13.2.201705091103/tools/compiler/bin/../lib/gcc/arm-none-eabi/5.4.1/armv7-m/crtn.o
                0x20010000                _estack = 0x20010000
                0x00000200                _Min_Heap_Size = 0x200
                0x00000400                _Min_Stack_Size = 0x400

.isr_vector     0x08000000      0x1e4
                0x08000000                . = ALIGN (0x4)
 *(.isr_vector)
 .isr_vector    0x08000000      0x1e4 startup/startup_stm32f105xc.o
                0x08000000                g_pfnVectors
                0x080001e4                . = ALIGN (0x4)

.text           0x080001e4     0x6ff8
                0x080001e4                . = ALIGN (0x4)
 *(.text)
 .text          0x080001e4       0x5c c:/ac6/systemworkbench/plugins/fr.ac6.mcu.externaltools.arm-none.win32_1.13.2.201705091103/tools/compiler/bin/../lib/gcc/arm-none-eabi/5.4.1/armv7-m/crtbegin.o
 .text          0x08000240       0x10 c:/ac6/systemworkbench/plugins/fr.ac6.mcu.externaltools.arm-none.win32_1.13.2.201705091103/tools/compiler/bin/../lib/gcc/arm-none-eabi/5.4.1/../../../../arm-none-eabi/lib/armv7-m\libc_nano.a(lib_a-strlen.o)
                0x08000240                strlen
 *(.text*)
 .text.HAL_InitTick
                0x08000250       0x28 Drivers/STM32F1xx_HAL_Driver/Src/stm32f1xx_hal.o
                0x08000250                HAL_InitTick
 .text.HAL_Init
                0x08000278       0x24 Drivers/STM32F1xx_HAL_Driver/Src/stm32f1xx_hal.o
                0x08000278                HAL_Init
 .text.HAL_IncTick
                0x0800029c       0x10 Drivers/STM32F1xx_HAL_Driver/Src/stm32f1xx_hal.o
                0x0800029c                HAL_IncTick
 .text.HAL_GetTick
                0x080002ac        0xc Drivers/STM32F1xx_HAL_Driver/Src/stm32f1xx_hal.o
                0x080002ac                HAL_GetTick
 .text.HAL_Delay
                0x080002b8       0x1c Drivers/STM32F1xx_HAL_Driver/Src/stm32f1xx_hal.o
                0x080002b8                HAL_Delay
 .text.HAL_ADC_PollForConversion
                0x080002d4      0x174 Drivers/STM32F1xx_HAL_Driver/Src/stm32f1xx_hal_adc.o
                0x080002d4                HAL_ADC_PollForConversion
 .text.HAL_ADC_GetValue
                0x08000448        0x8 Drivers/STM32F1xx_HAL_Driver/Src/stm32f1xx_hal_adc.o
                0x08000448                HAL_ADC_GetValue
 .text.HAL_ADC_ConfigChannel
                0x08000450      0x1b4 Drivers/STM32F1xx_HAL_Driver/Src/stm32f1xx_hal_adc.o
                0x08000450                HAL_ADC_ConfigChannel
 .text.ADC_Enable
                0x08000604       0x80 Drivers/STM32F1xx_HAL_Driver/Src/stm32f1xx_hal_adc.o
                0x08000604                ADC_Enable
 .text.HAL_ADC_Start
                0x08000684       0xf8 Drivers/STM32F1xx_HAL_Driver/Src/stm32f1xx_hal_adc.o
                0x08000684                HAL_ADC_Start
 .text.ADC_ConversionStop_Disable
                0x0800077c       0x50 Drivers/STM32F1xx_HAL_Driver/Src/stm32f1xx_hal_adc.o
                0x0800077c                ADC_ConversionStop_Disable
 .text.HAL_ADC_Init
                0x080007cc      0x134 Drivers/STM32F1xx_HAL_Driver/Src/stm32f1xx_hal_adc.o
                0x080007cc                HAL_ADC_Init
 .text.HAL_NVIC_SetPriorityGrouping
                0x08000900       0x24 Drivers/STM32F1xx_HAL_Driver/Src/stm32f1xx_hal_cortex.o
                0x08000900                HAL_NVIC_SetPriorityGrouping
 .text.HAL_NVIC_SetPriority
                0x08000924       0x64 Drivers/STM32F1xx_HAL_Driver/Src/stm32f1xx_hal_cortex.o
                0x08000924                HAL_NVIC_SetPriority
 .text.HAL_NVIC_EnableIRQ
                0x08000988       0x18 Drivers/STM32F1xx_HAL_Driver/Src/stm32f1xx_hal_cortex.o
                0x08000988                HAL_NVIC_EnableIRQ
 .text.HAL_SYSTICK_Config
                0x080009a0       0x2c Drivers/STM32F1xx_HAL_Driver/Src/stm32f1xx_hal_cortex.o
                0x080009a0                HAL_SYSTICK_Config
 .text.HAL_SYSTICK_CLKSourceConfig
                0x080009cc       0x20 Drivers/STM32F1xx_HAL_Driver/Src/stm32f1xx_hal_cortex.o
                0x080009cc                HAL_SYSTICK_CLKSourceConfig
 .text.HAL_GPIO_Init
                0x080009ec      0x1d8 Drivers/STM32F1xx_HAL_Driver/Src/stm32f1xx_hal_gpio.o
                0x080009ec                HAL_GPIO_Init
 .text.HAL_GPIO_WritePin
                0x08000bc4        0xc Drivers/STM32F1xx_HAL_Driver/Src/stm32f1xx_hal_gpio.o
                0x08000bc4                HAL_GPIO_WritePin
 .text.I2C_Configure_Speed
                0x08000bd0       0x4c Drivers/STM32F1xx_HAL_Driver/Src/stm32f1xx_hal_i2c.o
 .text.HAL_I2C_Init
                0x08000c1c       0xb4 Drivers/STM32F1xx_HAL_Driver/Src/stm32f1xx_hal_i2c.o
                0x08000c1c                HAL_I2C_Init
 .text.PCD_WriteEmptyTxFifo
                0x08000cd0       0xb4 Drivers/STM32F1xx_HAL_Driver/Src/stm32f1xx_hal_pcd.o
 .text.HAL_PCD_Init
                0x08000d84       0xdc Drivers/STM32F1xx_HAL_Driver/Src/stm32f1xx_hal_pcd.o
                0x08000d84                HAL_PCD_Init
 .text.HAL_PCD_Start
                0x08000e60       0x30 Drivers/STM32F1xx_HAL_Driver/Src/stm32f1xx_hal_pcd.o
                0x08000e60                HAL_PCD_Start
 .text.HAL_PCD_IRQHandler
                0x08000e90      0x38c Drivers/STM32F1xx_HAL_Driver/Src/stm32f1xx_hal_pcd.o
                0x08000e90                HAL_PCD_IRQHandler
 .text.HAL_PCD_SetAddress
                0x0800121c       0x28 Drivers/STM32F1xx_HAL_Driver/Src/stm32f1xx_hal_pcd.o
                0x0800121c                HAL_PCD_SetAddress
 .text.HAL_PCD_EP_Open
                0x08001244       0x5c Drivers/STM32F1xx_HAL_Driver/Src/stm32f1xx_hal_pcd.o
                0x08001244                HAL_PCD_EP_Open
 .text.HAL_PCD_EP_Close
                0x080012a0       0x58 Drivers/STM32F1xx_HAL_Driver/Src/stm32f1xx_hal_pcd.o
                0x080012a0                HAL_PCD_EP_Close
 .text.HAL_PCD_EP_Receive
                0x080012f8       0x5c Drivers/STM32F1xx_HAL_Driver/Src/stm32f1xx_hal_pcd.o
                0x080012f8                HAL_PCD_EP_Receive
 .text.HAL_PCD_EP_GetRxCount
                0x08001354       0x14 Drivers/STM32F1xx_HAL_Driver/Src/stm32f1xx_hal_pcd.o
                0x08001354                HAL_PCD_EP_GetRxCount
 .text.HAL_PCD_EP_Transmit
                0x08001368       0x54 Drivers/STM32F1xx_HAL_Driver/Src/stm32f1xx_hal_pcd.o
                0x08001368                HAL_PCD_EP_Transmit
 .text.HAL_PCD_EP_SetStall
                0x080013bc       0x64 Drivers/STM32F1xx_HAL_Driver/Src/stm32f1xx_hal_pcd.o
                0x080013bc                HAL_PCD_EP_SetStall
 .text.HAL_PCD_EP_ClrStall
                0x08001420       0x58 Drivers/STM32F1xx_HAL_Driver/Src/stm32f1xx_hal_pcd.o
                0x08001420                HAL_PCD_EP_ClrStall
 .text.HAL_PCDEx_SetTxFiFo
                0x08001478       0x48 Drivers/STM32F1xx_HAL_Driver/Src/stm32f1xx_hal_pcd_ex.o
                0x08001478                HAL_PCDEx_SetTxFiFo
 .text.HAL_PCDEx_SetRxFiFo
                0x080014c0        0x8 Drivers/STM32F1xx_HAL_Driver/Src/stm32f1xx_hal_pcd_ex.o
                0x080014c0                HAL_PCDEx_SetRxFiFo
 .text.HAL_PWR_EnableBkUpAccess
                0x080014c8       0x1c Drivers/STM32F1xx_HAL_Driver/Src/stm32f1xx_hal_pwr.o
                0x080014c8                HAL_PWR_EnableBkUpAccess
 .text.HAL_RCC_OscConfig
                0x080014e4      0x780 Drivers/STM32F1xx_HAL_Driver/Src/stm32f1xx_hal_rcc.o
                0x080014e4                HAL_RCC_OscConfig
 .text.HAL_RCC_GetSysClockFreq
                0x08001c64      0x100 Drivers/STM32F1xx_HAL_Driver/Src/stm32f1xx_hal_rcc.o
                0x08001c64                HAL_RCC_GetSysClockFreq
 .text.HAL_RCC_ClockConfig
                0x08001d64      0x1e4 Drivers/STM32F1xx_HAL_Driver/Src/stm32f1xx_hal_rcc.o
                0x08001d64                HAL_RCC_ClockConfig
 .text.HAL_RCC_GetHCLKFreq
                0x08001f48        0xc Drivers/STM32F1xx_HAL_Driver/Src/stm32f1xx_hal_rcc.o
                0x08001f48                HAL_RCC_GetHCLKFreq
 .text.HAL_RCC_GetPCLK1Freq
                0x08001f54       0x30 Drivers/STM32F1xx_HAL_Driver/Src/stm32f1xx_hal_rcc.o
                0x08001f54                HAL_RCC_GetPCLK1Freq
 .text.HAL_RCC_GetPCLK2Freq
                0x08001f84       0x30 Drivers/STM32F1xx_HAL_Driver/Src/stm32f1xx_hal_rcc.o
                0x08001f84                HAL_RCC_GetPCLK2Freq
 .text.HAL_RCCEx_PeriphCLKConfig
                0x08001fb4      0x234 Drivers/STM32F1xx_HAL_Driver/Src/stm32f1xx_hal_rcc_ex.o
                0x08001fb4                HAL_RCCEx_PeriphCLKConfig
 .text.HAL_RCCEx_GetPeriphCLKFreq
                0x080021e8      0x278 Drivers/STM32F1xx_HAL_Driver/Src/stm32f1xx_hal_rcc_ex.o
                0x080021e8                HAL_RCCEx_GetPeriphCLKFreq
 .text.RTC_ReadTimeCounter
                0x08002460       0x28 Drivers/STM32F1xx_HAL_Driver/Src/stm32f1xx_hal_rtc.o
 .text.RTC_ReadAlarmCounter
                0x08002488       0x10 Drivers/STM32F1xx_HAL_Driver/Src/stm32f1xx_hal_rtc.o
 .text.RTC_Bcd2ToByte
                0x08002498       0x14 Drivers/STM32F1xx_HAL_Driver/Src/stm32f1xx_hal_rtc.o
 .text.RTC_WeekDayNum
                0x080024ac       0xa0 Drivers/STM32F1xx_HAL_Driver/Src/stm32f1xx_hal_rtc.o
 .text.RTC_EnterInitMode
                0x0800254c       0x34 Drivers/STM32F1xx_HAL_Driver/Src/stm32f1xx_hal_rtc.o
 .text.RTC_ExitInitMode
                0x08002580       0x34 Drivers/STM32F1xx_HAL_Driver/Src/stm32f1xx_hal_rtc.o
 .text.RTC_WriteTimeCounter
                0x080025b4       0x2c Drivers/STM32F1xx_HAL_Driver/Src/stm32f1xx_hal_rtc.o
 .text.RTC_WriteAlarmCounter
                0x080025e0       0x2c Drivers/STM32F1xx_HAL_Driver/Src/stm32f1xx_hal_rtc.o
 .text.HAL_RTC_SetTime
                0x0800260c       0xc0 Drivers/STM32F1xx_HAL_Driver/Src/stm32f1xx_hal_rtc.o
                0x0800260c                HAL_RTC_SetTime
 .text.HAL_RTC_SetDate
                0x080026cc       0xd8 Drivers/STM32F1xx_HAL_Driver/Src/stm32f1xx_hal_rtc.o
                0x080026cc                HAL_RTC_SetDate
 .text.HAL_RTC_WaitForSynchro
                0x080027a4       0x3c Drivers/STM32F1xx_HAL_Driver/Src/stm32f1xx_hal_rtc.o
                0x080027a4                HAL_RTC_WaitForSynchro
 .text.HAL_RTC_Init
                0x080027e0       0xc8 Drivers/STM32F1xx_HAL_Driver/Src/stm32f1xx_hal_rtc.o
                0x080027e0                HAL_RTC_Init
 .text.HAL_RTCEx_BKUPWrite
                0x080028a8       0x10 Drivers/STM32F1xx_HAL_Driver/Src/stm32f1xx_hal_rtc_ex.o
                0x080028a8                HAL_RTCEx_BKUPWrite
 .text.HAL_RTCEx_BKUPRead
                0x080028b8       0x10 Drivers/STM32F1xx_HAL_Driver/Src/stm32f1xx_hal_rtc_ex.o
                0x080028b8                HAL_RTCEx_BKUPRead
 .text.SPI_WaitOnFlagUntilTimeout
                0x080028c8       0xe4 Drivers/STM32F1xx_HAL_Driver/Src/stm32f1xx_hal_spi.o
 .text.HAL_SPI_Transmit
                0x080029ac      0x1b8 Drivers/STM32F1xx_HAL_Driver/Src/stm32f1xx_hal_spi.o
                0x080029ac                HAL_SPI_Transmit
 .text.HAL_SPI_Init
                0x08002b64       0x88 Drivers/STM32F1xx_HAL_Driver/Src/stm32f1xx_hal_spi_ex.o
                0x08002b64                HAL_SPI_Init
 .text.UART_Transmit_IT
                0x08002bec       0x6c Drivers/STM32F1xx_HAL_Driver/Src/stm32f1xx_hal_uart.o
 .text.UART_SetConfig
                0x08002c58      0x1bc Drivers/STM32F1xx_HAL_Driver/Src/stm32f1xx_hal_uart.o
 .text.HAL_UART_Init
                0x08002e14       0x60 Drivers/STM32F1xx_HAL_Driver/Src/stm32f1xx_hal_uart.o
                0x08002e14                HAL_UART_Init
 .text.HAL_UART_TxCpltCallback
                0x08002e74        0x4 Drivers/STM32F1xx_HAL_Driver/Src/stm32f1xx_hal_uart.o
                0x08002e74                HAL_UART_TxCpltCallback
 .text.UART_EndTransmit_IT
                0x08002e78       0x2c Drivers/STM32F1xx_HAL_Driver/Src/stm32f1xx_hal_uart.o
 .text.HAL_UART_RxCpltCallback
                0x08002ea4        0x4 Drivers/STM32F1xx_HAL_Driver/Src/stm32f1xx_hal_uart.o
                0x08002ea4                HAL_UART_RxCpltCallback
 .text.UART_Receive_IT
                0x08002ea8       0xb4 Drivers/STM32F1xx_HAL_Driver/Src/stm32f1xx_hal_uart.o
 .text.HAL_UART_ErrorCallback
                0x08002f5c        0x4 Drivers/STM32F1xx_HAL_Driver/Src/stm32f1xx_hal_uart.o
                0x08002f5c                HAL_UART_ErrorCallback
 .text.HAL_UART_IRQHandler
                0x08002f60       0xc4 Drivers/STM32F1xx_HAL_Driver/Src/stm32f1xx_hal_uart.o
                0x08002f60                HAL_UART_IRQHandler
 .text.USB_CoreInit
                0x08003024       0x28 Drivers/STM32F1xx_HAL_Driver/Src/stm32f1xx_ll_usb.o
                0x08003024                USB_CoreInit
 .text.USB_EnableGlobalInt
                0x0800304c        0xc Drivers/STM32F1xx_HAL_Driver/Src/stm32f1xx_ll_usb.o
                0x0800304c                USB_EnableGlobalInt
 .text.USB_DisableGlobalInt
                0x08003058        0xc Drivers/STM32F1xx_HAL_Driver/Src/stm32f1xx_ll_usb.o
                0x08003058                USB_DisableGlobalInt
 .text.USB_SetCurrentMode
                0x08003064       0x2c Drivers/STM32F1xx_HAL_Driver/Src/stm32f1xx_ll_usb.o
                0x08003064                USB_SetCurrentMode
 .text.USB_DevInit
                0x08003090      0x114 Drivers/STM32F1xx_HAL_Driver/Src/stm32f1xx_ll_usb.o
                0x08003090                USB_DevInit
 .text.USB_FlushTxFifo
                0x080031a4       0x28 Drivers/STM32F1xx_HAL_Driver/Src/stm32f1xx_ll_usb.o
                0x080031a4                USB_FlushTxFifo
 .text.USB_FlushRxFifo
                0x080031cc       0x24 Drivers/STM32F1xx_HAL_Driver/Src/stm32f1xx_ll_usb.o
                0x080031cc                USB_FlushRxFifo
 .text.USB_SetDevSpeed
                0x080031f0       0x10 Drivers/STM32F1xx_HAL_Driver/Src/stm32f1xx_ll_usb.o
                0x080031f0                USB_SetDevSpeed
 .text.USB_ActivateEndpoint
                0x08003200       0xa8 Drivers/STM32F1xx_HAL_Driver/Src/stm32f1xx_ll_usb.o
                0x08003200                USB_ActivateEndpoint
 .text.USB_DeactivateEndpoint
                0x080032a8       0x80 Drivers/STM32F1xx_HAL_Driver/Src/stm32f1xx_ll_usb.o
                0x080032a8                USB_DeactivateEndpoint
 .text.USB_EPStartXfer
                0x08003328      0x22c Drivers/STM32F1xx_HAL_Driver/Src/stm32f1xx_ll_usb.o
                0x08003328                USB_EPStartXfer
 .text.USB_EP0StartXfer
                0x08003554      0x13c Drivers/STM32F1xx_HAL_Driver/Src/stm32f1xx_ll_usb.o
                0x08003554                USB_EP0StartXfer
 .text.USB_WritePacket
                0x08003690       0x24 Drivers/STM32F1xx_HAL_Driver/Src/stm32f1xx_ll_usb.o
                0x08003690                USB_WritePacket
 .text.USB_ReadPacket
                0x080036b4       0x20 Drivers/STM32F1xx_HAL_Driver/Src/stm32f1xx_ll_usb.o
                0x080036b4                USB_ReadPacket
 .text.USB_EPSetStall
                0x080036d4       0x64 Drivers/STM32F1xx_HAL_Driver/Src/stm32f1xx_ll_usb.o
                0x080036d4                USB_EPSetStall
 .text.USB_EPClearStall
                0x08003738       0x68 Drivers/STM32F1xx_HAL_Driver/Src/stm32f1xx_ll_usb.o
                0x08003738                USB_EPClearStall
 .text.USB_SetDevAddress
                0x080037a0       0x20 Drivers/STM32F1xx_HAL_Driver/Src/stm32f1xx_ll_usb.o
                0x080037a0                USB_SetDevAddress
 .text.USB_DevConnect
                0x080037c0       0x18 Drivers/STM32F1xx_HAL_Driver/Src/stm32f1xx_ll_usb.o
                0x080037c0                USB_DevConnect
 .text.USB_DevDisconnect
                0x080037d8       0x18 Drivers/STM32F1xx_HAL_Driver/Src/stm32f1xx_ll_usb.o
                0x080037d8                USB_DevDisconnect
 .text.USB_ReadInterrupts
                0x080037f0        0x8 Drivers/STM32F1xx_HAL_Driver/Src/stm32f1xx_ll_usb.o
                0x080037f0                USB_ReadInterrupts
 .text.USB_ReadDevAllOutEpInterrupt
                0x080037f8       0x10 Drivers/STM32F1xx_HAL_Driver/Src/stm32f1xx_ll_usb.o
                0x080037f8                USB_ReadDevAllOutEpInterrupt
 .text.USB_ReadDevAllInEpInterrupt
                0x08003808       0x10 Drivers/STM32F1xx_HAL_Driver/Src/stm32f1xx_ll_usb.o
                0x08003808                USB_ReadDevAllInEpInterrupt
 .text.USB_ReadDevOutEPInterrupt
                0x08003818       0x14 Drivers/STM32F1xx_HAL_Driver/Src/stm32f1xx_ll_usb.o
                0x08003818                USB_ReadDevOutEPInterrupt
 .text.USB_ReadDevInEPInterrupt
                0x0800382c       0x24 Drivers/STM32F1xx_HAL_Driver/Src/stm32f1xx_ll_usb.o
                0x0800382c                USB_ReadDevInEPInterrupt
 .text.USB_GetMode
                0x08003850        0x8 Drivers/STM32F1xx_HAL_Driver/Src/stm32f1xx_ll_usb.o
                0x08003850                USB_GetMode
 .text.USB_ActivateSetup
                0x08003858       0x38 Drivers/STM32F1xx_HAL_Driver/Src/stm32f1xx_ll_usb.o
                0x08003858                USB_ActivateSetup
 .text.USB_EP0_OutStart
                0x08003890       0x24 Drivers/STM32F1xx_HAL_Driver/Src/stm32f1xx_ll_usb.o
                0x08003890                USB_EP0_OutStart
 .text.USB_CoreReset
                0x080038b4       0x64 Drivers/STM32F1xx_HAL_Driver/Src/stm32f1xx_ll_usb.o
 .text.USBD_CDC_DataIn
                0x08003918       0x14 Middlewares/ST/STM32_USB_Device_Library/Class/CDC/Src/usbd_cdc.o
 .text.USBD_CDC_EP0_RxReady
                0x0800392c       0x28 Middlewares/ST/STM32_USB_Device_Library/Class/CDC/Src/usbd_cdc.o
 .text.USBD_CDC_GetFSCfgDesc
                0x08003954        0xc Middlewares/ST/STM32_USB_Device_Library/Class/CDC/Src/usbd_cdc.o
 .text.USBD_CDC_GetHSCfgDesc
                0x08003960        0xc Middlewares/ST/STM32_USB_Device_Library/Class/CDC/Src/usbd_cdc.o
 .text.USBD_CDC_GetOtherSpeedCfgDesc
                0x0800396c        0xc Middlewares/ST/STM32_USB_Device_Library/Class/CDC/Src/usbd_cdc.o
 .text.USBD_CDC_GetDeviceQualifierDescriptor
                0x08003978        0xc Middlewares/ST/STM32_USB_Device_Library/Class/CDC/Src/usbd_cdc.o
                0x08003978                USBD_CDC_GetDeviceQualifierDescriptor
 .text.USBD_CDC_DataOut
                0x08003984       0x30 Middlewares/ST/STM32_USB_Device_Library/Class/CDC/Src/usbd_cdc.o
 .text.USBD_CDC_Setup
                0x080039b4       0x74 Middlewares/ST/STM32_USB_Device_Library/Class/CDC/Src/usbd_cdc.o
 .text.USBD_CDC_DeInit
                0x08003a28       0x3c Middlewares/ST/STM32_USB_Device_Library/Class/CDC/Src/usbd_cdc.o
 .text.USBD_CDC_Init
                0x08003a64       0x98 Middlewares/ST/STM32_USB_Device_Library/Class/CDC/Src/usbd_cdc.o
 .text.USBD_CDC_RegisterInterface
                0x08003afc       0x10 Middlewares/ST/STM32_USB_Device_Library/Class/CDC/Src/usbd_cdc.o
                0x08003afc                USBD_CDC_RegisterInterface
 .text.USBD_CDC_SetTxBuffer
                0x08003b0c       0x10 Middlewares/ST/STM32_USB_Device_Library/Class/CDC/Src/usbd_cdc.o
                0x08003b0c                USBD_CDC_SetTxBuffer
 .text.USBD_CDC_SetRxBuffer
                0x08003b1c        0xc Middlewares/ST/STM32_USB_Device_Library/Class/CDC/Src/usbd_cdc.o
                0x08003b1c                USBD_CDC_SetRxBuffer
 .text.USBD_CDC_TransmitPacket
                0x08003b28       0x30 Middlewares/ST/STM32_USB_Device_Library/Class/CDC/Src/usbd_cdc.o
                0x08003b28                USBD_CDC_TransmitPacket
 .text.USBD_CDC_ReceivePacket
                0x08003b58       0x34 Middlewares/ST/STM32_USB_Device_Library/Class/CDC/Src/usbd_cdc.o
                0x08003b58                USBD_CDC_ReceivePacket
 .text.USBD_Init
                0x08003b8c       0x30 Middlewares/ST/STM32_USB_Device_Library/Core/Src/usbd_core.o
                0x08003b8c                USBD_Init
 .text.USBD_RegisterClass
                0x08003bbc       0x10 Middlewares/ST/STM32_USB_Device_Library/Core/Src/usbd_core.o
                0x08003bbc                USBD_RegisterClass
 .text.USBD_Start
                0x08003bcc        0xc Middlewares/ST/STM32_USB_Device_Library/Core/Src/usbd_core.o
                0x08003bcc                USBD_Start
 .text.USBD_SetClassConfig
                0x08003bd8       0x1c Middlewares/ST/STM32_USB_Device_Library/Core/Src/usbd_core.o
                0x08003bd8                USBD_SetClassConfig
 .text.USBD_ClrClassConfig
                0x08003bf4       0x10 Middlewares/ST/STM32_USB_Device_Library/Core/Src/usbd_core.o
                0x08003bf4                USBD_ClrClassConfig
 .text.USBD_LL_SetupStage
                0x08003c04       0x5c Middlewares/ST/STM32_USB_Device_Library/Core/Src/usbd_core.o
                0x08003c04                USBD_LL_SetupStage
 .text.USBD_LL_DataOutStage
                0x08003c60       0x68 Middlewares/ST/STM32_USB_Device_Library/Core/Src/usbd_core.o
                0x08003c60                USBD_LL_DataOutStage
 .text.USBD_LL_DataInStage
                0x08003cc8       0xac Middlewares/ST/STM32_USB_Device_Library/Core/Src/usbd_core.o
                0x08003cc8                USBD_LL_DataInStage
 .text.USBD_LL_Reset
                0x08003d74       0x40 Middlewares/ST/STM32_USB_Device_Library/Core/Src/usbd_core.o
                0x08003d74                USBD_LL_Reset
 .text.USBD_LL_SetSpeed
                0x08003db4        0x8 Middlewares/ST/STM32_USB_Device_Library/Core/Src/usbd_core.o
                0x08003db4                USBD_LL_SetSpeed
 .text.USBD_LL_Suspend
                0x08003dbc       0x14 Middlewares/ST/STM32_USB_Device_Library/Core/Src/usbd_core.o
                0x08003dbc                USBD_LL_Suspend
 .text.USBD_LL_Resume
                0x08003dd0        0xc Middlewares/ST/STM32_USB_Device_Library/Core/Src/usbd_core.o
                0x08003dd0                USBD_LL_Resume
 .text.USBD_LL_SOF
                0x08003ddc       0x18 Middlewares/ST/STM32_USB_Device_Library/Core/Src/usbd_core.o
                0x08003ddc                USBD_LL_SOF
 .text.USBD_LL_IsoINIncomplete
                0x08003df4        0x4 Middlewares/ST/STM32_USB_Device_Library/Core/Src/usbd_core.o
                0x08003df4                USBD_LL_IsoINIncomplete
 .text.USBD_LL_IsoOUTIncomplete
                0x08003df8        0x4 Middlewares/ST/STM32_USB_Device_Library/Core/Src/usbd_core.o
                0x08003df8                USBD_LL_IsoOUTIncomplete
 .text.USBD_LL_DevConnected
                0x08003dfc        0x4 Middlewares/ST/STM32_USB_Device_Library/Core/Src/usbd_core.o
                0x08003dfc                USBD_LL_DevConnected
 .text.USBD_LL_DevDisconnected
                0x08003e00       0x18 Middlewares/ST/STM32_USB_Device_Library/Core/Src/usbd_core.o
                0x08003e00                USBD_LL_DevDisconnected
 .text.USBD_GetLen
                0x08003e18       0x14 Middlewares/ST/STM32_USB_Device_Library/Core/Src/usbd_ctlreq.o
 .text.USBD_SetFeature
                0x08003e2c       0x20 Middlewares/ST/STM32_USB_Device_Library/Core/Src/usbd_ctlreq.o
 .text.USBD_ParseSetupRequest
                0x08003e4c       0x28 Middlewares/ST/STM32_USB_Device_Library/Core/Src/usbd_ctlreq.o
                0x08003e4c                USBD_ParseSetupRequest
 .text.USBD_CtlError
                0x08003e74       0x14 Middlewares/ST/STM32_USB_Device_Library/Core/Src/usbd_ctlreq.o
                0x08003e74                USBD_CtlError
 .text.USBD_GetDescriptor
                0x08003e88      0x130 Middlewares/ST/STM32_USB_Device_Library/Core/Src/usbd_ctlreq.o
 .text.USBD_SetAddress
                0x08003fb8       0x4c Middlewares/ST/STM32_USB_Device_Library/Core/Src/usbd_ctlreq.o
 .text.USBD_SetConfig
                0x08004004       0xa8 Middlewares/ST/STM32_USB_Device_Library/Core/Src/usbd_ctlreq.o
 .text.USBD_GetConfig
                0x080040ac       0x3c Middlewares/ST/STM32_USB_Device_Library/Core/Src/usbd_ctlreq.o
 .text.USBD_GetStatus
                0x080040e8       0x2c Middlewares/ST/STM32_USB_Device_Library/Core/Src/usbd_ctlreq.o
 .text.USBD_ClrFeature
                0x08004114       0x30 Middlewares/ST/STM32_USB_Device_Library/Core/Src/usbd_ctlreq.o
 .text.USBD_StdDevReq
                0x08004144       0x48 Middlewares/ST/STM32_USB_Device_Library/Core/Src/usbd_ctlreq.o
                0x08004144                USBD_StdDevReq
 .text.USBD_StdItfReq
                0x0800418c       0x38 Middlewares/ST/STM32_USB_Device_Library/Core/Src/usbd_ctlreq.o
                0x0800418c                USBD_StdItfReq
 .text.USBD_StdEPReq
                0x080041c4      0x11c Middlewares/ST/STM32_USB_Device_Library/Core/Src/usbd_ctlreq.o
                0x080041c4                USBD_StdEPReq
 .text.USBD_GetString
                0x080042e0       0x3c Middlewares/ST/STM32_USB_Device_Library/Core/Src/usbd_ctlreq.o
                0x080042e0                USBD_GetString
 .text.USBD_CtlSendData
                0x0800431c       0x1c Middlewares/ST/STM32_USB_Device_Library/Core/Src/usbd_ioreq.o
                0x0800431c                USBD_CtlSendData
 .text.USBD_CtlContinueSendData
                0x08004338       0x10 Middlewares/ST/STM32_USB_Device_Library/Core/Src/usbd_ioreq.o
                0x08004338                USBD_CtlContinueSendData
 .text.USBD_CtlPrepareRx
                0x08004348       0x20 Middlewares/ST/STM32_USB_Device_Library/Core/Src/usbd_ioreq.o
                0x08004348                USBD_CtlPrepareRx
 .text.USBD_CtlContinueRx
                0x08004368       0x10 Middlewares/ST/STM32_USB_Device_Library/Core/Src/usbd_ioreq.o
                0x08004368                USBD_CtlContinueRx
 .text.USBD_CtlSendStatus
                0x08004378       0x18 Middlewares/ST/STM32_USB_Device_Library/Core/Src/usbd_ioreq.o
                0x08004378                USBD_CtlSendStatus
 .text.USBD_CtlReceiveStatus
                0x08004390       0x18 Middlewares/ST/STM32_USB_Device_Library/Core/Src/usbd_ioreq.o
                0x08004390                USBD_CtlReceiveStatus
 .text.makeFreeRtosPriority
                0x080043a8        0xc Middlewares/Third_Party/FreeRTOS/Source/CMSIS_RTOS/cmsis_os.o
 .text.inHandlerMode
                0x080043b4        0xc Middlewares/Third_Party/FreeRTOS/Source/CMSIS_RTOS/cmsis_os.o
 .text.osKernelStart
                0x080043c0        0xc Middlewares/Third_Party/FreeRTOS/Source/CMSIS_RTOS/cmsis_os.o
                0x080043c0                osKernelStart
 .text.osKernelSysTick
                0x080043cc       0x14 Middlewares/Third_Party/FreeRTOS/Source/CMSIS_RTOS/cmsis_os.o
                0x080043cc                osKernelSysTick
 .text.osThreadCreate
                0x080043e0       0x3c Middlewares/Third_Party/FreeRTOS/Source/CMSIS_RTOS/cmsis_os.o
                0x080043e0                osThreadCreate
 .text.osDelay  0x0800441c       0x10 Middlewares/Third_Party/FreeRTOS/Source/CMSIS_RTOS/cmsis_os.o
                0x0800441c                osDelay
 .text.osPoolAlloc
                0x0800442c       0x60 Middlewares/Third_Party/FreeRTOS/Source/CMSIS_RTOS/cmsis_os.o
                0x0800442c                osPoolAlloc
 .text.osMailAlloc
                0x0800448c       0x10 Middlewares/Third_Party/FreeRTOS/Source/CMSIS_RTOS/cmsis_os.o
                0x0800448c                osMailAlloc
 .text.osMailPut
                0x0800449c       0x60 Middlewares/Third_Party/FreeRTOS/Source/CMSIS_RTOS/cmsis_os.o
                0x0800449c                osMailPut
 .text.osSystickHandler
                0x080044fc       0x10 Middlewares/Third_Party/FreeRTOS/Source/CMSIS_RTOS/cmsis_os.o
                0x080044fc                osSystickHandler
 .text.vListInitialise
                0x0800450c       0x18 Middlewares/Third_Party/FreeRTOS/Source/list.o
                0x0800450c                vListInitialise
 .text.vListInitialiseItem
                0x08004524        0x8 Middlewares/Third_Party/FreeRTOS/Source/list.o
                0x08004524                vListInitialiseItem
 .text.vListInsertEnd
                0x0800452c       0x18 Middlewares/Third_Party/FreeRTOS/Source/list.o
                0x0800452c                vListInsertEnd
 .text.vListInsert
                0x08004544       0x34 Middlewares/Third_Party/FreeRTOS/Source/list.o
                0x08004544                vListInsert
 .text.uxListRemove
                0x08004578       0x24 Middlewares/Third_Party/FreeRTOS/Source/list.o
                0x08004578                uxListRemove
 .text.prvIsQueueFull
                0x0800459c       0x20 Middlewares/Third_Party/FreeRTOS/Source/queue.o
 .text.prvCopyDataToQueue
                0x080045bc       0x7c Middlewares/Third_Party/FreeRTOS/Source/queue.o
 .text.prvUnlockQueue
                0x08004638       0x64 Middlewares/Third_Party/FreeRTOS/Source/queue.o
 .text.xQueueGenericSend
                0x0800469c      0x12c Middlewares/Third_Party/FreeRTOS/Source/queue.o
                0x0800469c                xQueueGenericSend
 .text.xQueueGenericSendFromISR
                0x080047c8       0xa8 Middlewares/Third_Party/FreeRTOS/Source/queue.o
                0x080047c8                xQueueGenericSendFromISR
 .text.prvResetNextTaskUnblockTime
                0x08004870       0x2c Middlewares/Third_Party/FreeRTOS/Source/tasks.o
 .text.prvDeleteTCB
                0x0800489c       0x14 Middlewares/Third_Party/FreeRTOS/Source/tasks.o
 .text.prvAllocateTCBAndStack
                0x080048b0       0x3c Middlewares/Third_Party/FreeRTOS/Source/tasks.o
 .text.prvInitialiseTCBVariables
                0x080048ec       0x50 Middlewares/Third_Party/FreeRTOS/Source/tasks.o
 .text.prvInitialiseTaskLists
                0x0800493c       0x58 Middlewares/Third_Party/FreeRTOS/Source/tasks.o
 .text.prvAddCurrentTaskToDelayedList
                0x08004994       0x44 Middlewares/Third_Party/FreeRTOS/Source/tasks.o
 .text.xTaskGenericCreate
                0x080049d8      0x110 Middlewares/Third_Party/FreeRTOS/Source/tasks.o
                0x080049d8                xTaskGenericCreate
 .text.vTaskStartScheduler
                0x08004ae8       0x54 Middlewares/Third_Party/FreeRTOS/Source/tasks.o
                0x08004ae8                vTaskStartScheduler
 .text.vTaskSuspendAll
                0x08004b3c       0x14 Middlewares/Third_Party/FreeRTOS/Source/tasks.o
                0x08004b3c                vTaskSuspendAll
 .text.xTaskGetTickCount
                0x08004b50        0xc Middlewares/Third_Party/FreeRTOS/Source/tasks.o
                0x08004b50                xTaskGetTickCount
 .text.xTaskGetTickCountFromISR
                0x08004b5c       0x14 Middlewares/Third_Party/FreeRTOS/Source/tasks.o
                0x08004b5c                xTaskGetTickCountFromISR
 .text.xTaskIncrementTick
                0x08004b70      0x110 Middlewares/Third_Party/FreeRTOS/Source/tasks.o
                0x08004b70                xTaskIncrementTick
 .text.xTaskResumeAll
                0x08004c80       0xdc Middlewares/Third_Party/FreeRTOS/Source/tasks.o
                0x08004c80                xTaskResumeAll
 .text.vTaskDelay
                0x08004d5c       0x60 Middlewares/Third_Party/FreeRTOS/Source/tasks.o
                0x08004d5c                vTaskDelay
 .text.prvCheckTasksWaitingTermination
                0x08004dbc       0x54 Middlewares/Third_Party/FreeRTOS/Source/tasks.o
 .text.prvIdleTask
                0x08004e10       0x18 Middlewares/Third_Party/FreeRTOS/Source/tasks.o
 .text.vTaskSwitchContext
                0x08004e28       0x80 Middlewares/Third_Party/FreeRTOS/Source/tasks.o
                0x08004e28                vTaskSwitchContext
 .text.vTaskPlaceOnEventList
                0x08004ea8       0x64 Middlewares/Third_Party/FreeRTOS/Source/tasks.o
                0x08004ea8                vTaskPlaceOnEventList
 .text.xTaskRemoveFromEventList
                0x08004f0c       0x7c Middlewares/Third_Party/FreeRTOS/Source/tasks.o
                0x08004f0c                xTaskRemoveFromEventList
 .text.vTaskSetTimeOutState
                0x08004f88       0x20 Middlewares/Third_Party/FreeRTOS/Source/tasks.o
                0x08004f88                vTaskSetTimeOutState
 .text.xTaskCheckForTimeOut
                0x08004fa8       0x68 Middlewares/Third_Party/FreeRTOS/Source/tasks.o
                0x08004fa8                xTaskCheckForTimeOut
 .text.vTaskMissedYield
                0x08005010       0x10 Middlewares/Third_Party/FreeRTOS/Source/tasks.o
                0x08005010                vTaskMissedYield
 .text.xTaskGetSchedulerState
                0x08005020       0x20 Middlewares/Third_Party/FreeRTOS/Source/tasks.o
                0x08005020                xTaskGetSchedulerState
 .text.xTaskPriorityDisinherit
                0x08005040       0x9c Middlewares/Third_Party/FreeRTOS/Source/tasks.o
                0x08005040                xTaskPriorityDisinherit
 .text.prvPortStartFirstTask
                0x080050dc       0x20 Middlewares/Third_Party/FreeRTOS/Source/portable/GCC/ARM_CM3/port.o
 .text.pxPortInitialiseStack
                0x080050fc       0x20 Middlewares/Third_Party/FreeRTOS/Source/portable/GCC/ARM_CM3/port.o
                0x080050fc                pxPortInitialiseStack
 .text.SVC_Handler
                0x0800511c       0x24 Middlewares/Third_Party/FreeRTOS/Source/portable/GCC/ARM_CM3/port.o
                0x0800511c                SVC_Handler
 .text.vPortYield
                0x08005140       0x18 Middlewares/Third_Party/FreeRTOS/Source/portable/GCC/ARM_CM3/port.o
                0x08005140                vPortYield
 .text.ulPortSetInterruptMask
                0x08005158       0x10 Middlewares/Third_Party/FreeRTOS/Source/portable/GCC/ARM_CM3/port.o
                0x08005158                ulPortSetInterruptMask
 .text.prvTaskExitError
                0x08005168       0x1c Middlewares/Third_Party/FreeRTOS/Source/portable/GCC/ARM_CM3/port.o
 .text.vPortEnterCritical
                0x08005184       0x34 Middlewares/Third_Party/FreeRTOS/Source/portable/GCC/ARM_CM3/port.o
                0x08005184                vPortEnterCritical
 .text.vPortClearInterruptMask
                0x080051b8        0x8 Middlewares/Third_Party/FreeRTOS/Source/portable/GCC/ARM_CM3/port.o
                0x080051b8                vPortClearInterruptMask
 .text.vPortExitCritical
                0x080051c0       0x24 Middlewares/Third_Party/FreeRTOS/Source/portable/GCC/ARM_CM3/port.o
                0x080051c0                vPortExitCritical
 .text.PendSV_Handler
                0x080051e4       0x44 Middlewares/Third_Party/FreeRTOS/Source/portable/GCC/ARM_CM3/port.o
                0x080051e4                PendSV_Handler
 .text.xPortSysTickHandler
                0x08005228       0x20 Middlewares/Third_Party/FreeRTOS/Source/portable/GCC/ARM_CM3/port.o
                0x08005228                xPortSysTickHandler
 .text.vPortSetupTimerInterrupt
                0x08005248       0x2c Middlewares/Third_Party/FreeRTOS/Source/portable/GCC/ARM_CM3/port.o
                0x08005248                vPortSetupTimerInterrupt
 .text.xPortStartScheduler
                0x08005274       0x90 Middlewares/Third_Party/FreeRTOS/Source/portable/GCC/ARM_CM3/port.o
                0x08005274                xPortStartScheduler
 .text.vPortValidateInterruptPriority
                0x08005304       0x44 Middlewares/Third_Party/FreeRTOS/Source/portable/GCC/ARM_CM3/port.o
                0x08005304                vPortValidateInterruptPriority
 .text.prvHeapInit
                0x08005348       0x58 Middlewares/Third_Party/FreeRTOS/Source/portable/MemMang/heap_4.o
 .text.prvInsertBlockIntoFreeList
                0x080053a0       0x58 Middlewares/Third_Party/FreeRTOS/Source/portable/MemMang/heap_4.o
 .text.pvPortMalloc
                0x080053f8       0xe4 Middlewares/Third_Party/FreeRTOS/Source/portable/MemMang/heap_4.o
                0x080053f8                pvPortMalloc
 .text.vPortFree
                0x080054dc       0x60 Middlewares/Third_Party/FreeRTOS/Source/portable/MemMang/heap_4.o
                0x080054dc                vPortFree
 .text.GetAnalogTemperature
                0x0800553c       0x38 Src/ADC.o
 .text.GetADC_Temp1
                0x08005574        0xc Src/ADC.o
 .text.GetADC_Temp2
                0x08005580        0xc Src/ADC.o
 .text.GetADC_Temp3
                0x0800558c        0xc Src/ADC.o
 .text.ADCTask  0x08005598       0xbc Src/ADC.o
                0x08005598                ADCTask
 .text.TempControllerTask
                0x08005654       0xd8 Src/HysteresisController.o
                0x08005654                TempControllerTask
 .text.writeVar
                0x0800572c       0x74 Src/database.o
                0x0800572c                writeVar
 .text.readVar  0x080057a0       0x14 Src/database.o
                0x080057a0                readVar
 .text.getParam
                0x080057b4       0x14 Src/database.o
                0x080057b4                getParam
 .text.GpioOutputSet
                0x080057c8       0x24 Src/filter.o
                0x080057c8                GpioOutputSet
 .text.GpioOutputInit
                0x080057ec       0x14 Src/filter.o
                0x080057ec                GpioOutputInit
 .text.LowPassFIRInit
                0x08005800       0x24 Src/filter.o
                0x08005800                LowPassFIRInit
 .text.LowPassFIRProcess
                0x08005824       0x74 Src/filter.o
                0x08005824                LowPassFIRProcess
 .text.LowPassFIRValue
                0x08005898       0x34 Src/filter.o
                0x08005898                LowPassFIRValue
 .text.HystContrInit
                0x080058cc       0x20 Src/filter.o
                0x080058cc                HystContrInit
 .text.HystContrProcess
                0x080058ec       0x40 Src/filter.o
                0x080058ec                HystContrProcess
 .text.LedInit  0x0800592c       0x30 Src/led.o
                0x0800592c                LedInit
 .text.LedWriteDirect
                0x0800595c       0x50 Src/led.o
                0x0800595c                LedWriteDirect
 .text.LedUp    0x080059ac       0x20 Src/led.o
                0x080059ac                LedUp
 .text.LedDown  0x080059cc       0x20 Src/led.o
                0x080059cc                LedDown
 .text.LedSet   0x080059ec       0x10 Src/led.o
                0x080059ec                LedSet
 .text.MX_GPIO_Init
                0x080059fc      0x104 Src/main.o
 .text.Error_Handler
                0x08005b00        0x4 Src/main.o
                0x08005b00                Error_Handler
 .text.MX_ADC1_Init
                0x08005b04       0x50 Src/main.o
 .text.MX_I2C1_Init
                0x08005b54       0x38 Src/main.o
 .text.MX_RTC_Init
                0x08005b8c       0x8c Src/main.o
 .text.MX_SPI1_Init
                0x08005c18       0x40 Src/main.o
 .text.MX_SPI2_Init
                0x08005c58       0x40 Src/main.o
 .text.MX_UART4_Init
                0x08005c98       0x34 Src/main.o
 .text.MX_UART5_Init
                0x08005ccc       0x34 Src/main.o
 .text.MX_USART1_UART_Init
                0x08005d00       0x34 Src/main.o
 .text.MX_USART2_UART_Init
                0x08005d34       0x34 Src/main.o
 .text.MX_USART3_UART_Init
                0x08005d68       0x34 Src/main.o
 .text.SystemClock_Config
                0x08005d9c       0xbc Src/main.o
                0x08005d9c                SystemClock_Config
 .text.main     0x08005e58       0x7c Src/main.o
                0x08005e58                main
 .text.RelaySet
                0x08005ed4        0x8 Src/relays.o
 .text.RelaysInit
                0x08005edc       0x30 Src/relays.o
                0x08005edc                RelaysInit
 .text.RelayPK1Set
                0x08005f0c       0x20 Src/relays.o
                0x08005f0c                RelayPK1Set
 .text.RelayPK2Set
                0x08005f2c       0x20 Src/relays.o
                0x08005f2c                RelayPK2Set
 .text.HAL_MspInit
                0x08005f4c       0x8c Src/stm32f1xx_hal_msp.o
                0x08005f4c                HAL_MspInit
 .text.HAL_ADC_MspInit
                0x08005fd8       0x54 Src/stm32f1xx_hal_msp.o
                0x08005fd8                HAL_ADC_MspInit
 .text.HAL_I2C_MspInit
                0x0800602c       0x58 Src/stm32f1xx_hal_msp.o
                0x0800602c                HAL_I2C_MspInit
 .text.HAL_RTC_MspInit
                0x08006084       0x4c Src/stm32f1xx_hal_msp.o
                0x08006084                HAL_RTC_MspInit
 .text.HAL_SPI_MspInit
                0x080060d0       0x94 Src/stm32f1xx_hal_msp.o
                0x080060d0                HAL_SPI_MspInit
 .text.HAL_UART_MspInit
                0x08006164      0x1ec Src/stm32f1xx_hal_msp.o
                0x08006164                HAL_UART_MspInit
 .text.NMI_Handler
                0x08006350        0x4 Src/stm32f1xx_it.o
                0x08006350                NMI_Handler
 .text.HardFault_Handler
                0x08006354        0x4 Src/stm32f1xx_it.o
                0x08006354                HardFault_Handler
 .text.MemManage_Handler
                0x08006358        0x4 Src/stm32f1xx_it.o
                0x08006358                MemManage_Handler
 .text.BusFault_Handler
                0x0800635c        0x4 Src/stm32f1xx_it.o
                0x0800635c                BusFault_Handler
 .text.UsageFault_Handler
                0x08006360        0x4 Src/stm32f1xx_it.o
                0x08006360                UsageFault_Handler
 .text.DebugMon_Handler
                0x08006364        0x4 Src/stm32f1xx_it.o
                0x08006364                DebugMon_Handler
 .text.SysTick_Handler
                0x08006368        0xc Src/stm32f1xx_it.o
                0x08006368                SysTick_Handler
 .text.USART1_IRQHandler
                0x08006374       0x10 Src/stm32f1xx_it.o
                0x08006374                USART1_IRQHandler
 .text.USART2_IRQHandler
                0x08006384       0x10 Src/stm32f1xx_it.o
                0x08006384                USART2_IRQHandler
 .text.USART3_IRQHandler
                0x08006394       0x10 Src/stm32f1xx_it.o
                0x08006394                USART3_IRQHandler
 .text.UART4_IRQHandler
                0x080063a4       0x10 Src/stm32f1xx_it.o
                0x080063a4                UART4_IRQHandler
 .text.UART5_IRQHandler
                0x080063b4       0x10 Src/stm32f1xx_it.o
                0x080063b4                UART5_IRQHandler
 .text.OTG_FS_IRQHandler
                0x080063c4       0x10 Src/stm32f1xx_it.o
                0x080063c4                OTG_FS_IRQHandler
 .text.SystemInit
                0x080063d4       0x58 Src/system_stm32f1xx.o
                0x080063d4                SystemInit
 .text.MX_USB_DEVICE_Init
                0x0800642c       0x38 Src/usb_device.o
                0x0800642c                MX_USB_DEVICE_Init
 .text.CDC_DeInit_FS
                0x08006464        0x4 Src/usbd_cdc_if.o
 .text.CDC_Control_FS
                0x08006468        0x4 Src/usbd_cdc_if.o
 .text.CDC_Receive_FS
                0x0800646c       0x1c Src/usbd_cdc_if.o
 .text.CDC_Init_FS
                0x08006488       0x28 Src/usbd_cdc_if.o
 .text.CDC_Transmit_FS
                0x080064b0       0x2c Src/usbd_cdc_if.o
                0x080064b0                CDC_Transmit_FS
 .text.HAL_PCD_MspInit
                0x080064dc       0x54 Src/usbd_conf.o
                0x080064dc                HAL_PCD_MspInit
 .text.HAL_PCD_SetupStageCallback
                0x08006530       0x10 Src/usbd_conf.o
                0x08006530                HAL_PCD_SetupStageCallback
 .text.HAL_PCD_DataOutStageCallback
                0x08006540       0x18 Src/usbd_conf.o
                0x08006540                HAL_PCD_DataOutStageCallback
 .text.HAL_PCD_DataInStageCallback
                0x08006558       0x18 Src/usbd_conf.o
                0x08006558                HAL_PCD_DataInStageCallback
 .text.HAL_PCD_SOFCallback
                0x08006570        0xc Src/usbd_conf.o
                0x08006570                HAL_PCD_SOFCallback
 .text.HAL_PCD_ResetCallback
                0x0800657c       0x20 Src/usbd_conf.o
                0x0800657c                HAL_PCD_ResetCallback
 .text.HAL_PCD_SuspendCallback
                0x0800659c       0x30 Src/usbd_conf.o
                0x0800659c                HAL_PCD_SuspendCallback
 .text.HAL_PCD_ResumeCallback
                0x080065cc        0xc Src/usbd_conf.o
                0x080065cc                HAL_PCD_ResumeCallback
 .text.HAL_PCD_ISOOUTIncompleteCallback
                0x080065d8        0xc Src/usbd_conf.o
                0x080065d8                HAL_PCD_ISOOUTIncompleteCallback
 .text.HAL_PCD_ISOINIncompleteCallback
                0x080065e4        0xc Src/usbd_conf.o
                0x080065e4                HAL_PCD_ISOINIncompleteCallback
 .text.HAL_PCD_ConnectCallback
                0x080065f0        0xc Src/usbd_conf.o
                0x080065f0                HAL_PCD_ConnectCallback
 .text.HAL_PCD_DisconnectCallback
                0x080065fc        0xc Src/usbd_conf.o
                0x080065fc                HAL_PCD_DisconnectCallback
 .text.USBD_LL_Init
                0x08006608       0x60 Src/usbd_conf.o
                0x08006608                USBD_LL_Init
 .text.USBD_LL_Start
                0x08006668       0x20 Src/usbd_conf.o
                0x08006668                USBD_LL_Start
 .text.USBD_LL_OpenEP
                0x08006688       0x24 Src/usbd_conf.o
                0x08006688                USBD_LL_OpenEP
 .text.USBD_LL_CloseEP
                0x080066ac       0x20 Src/usbd_conf.o
                0x080066ac                USBD_LL_CloseEP
 .text.USBD_LL_StallEP
                0x080066cc       0x20 Src/usbd_conf.o
                0x080066cc                USBD_LL_StallEP
 .text.USBD_LL_ClearStallEP
                0x080066ec       0x20 Src/usbd_conf.o
                0x080066ec                USBD_LL_ClearStallEP
 .text.USBD_LL_IsStallEP
                0x0800670c       0x30 Src/usbd_conf.o
                0x0800670c                USBD_LL_IsStallEP
 .text.USBD_LL_SetUSBAddress
                0x0800673c       0x20 Src/usbd_conf.o
                0x0800673c                USBD_LL_SetUSBAddress
 .text.USBD_LL_Transmit
                0x0800675c       0x20 Src/usbd_conf.o
                0x0800675c                USBD_LL_Transmit
 .text.USBD_LL_PrepareReceive
                0x0800677c       0x20 Src/usbd_conf.o
                0x0800677c                USBD_LL_PrepareReceive
 .text.USBD_LL_GetRxDataSize
                0x0800679c        0xc Src/usbd_conf.o
                0x0800679c                USBD_LL_GetRxDataSize
 .text.USBD_static_malloc
                0x080067a8        0x8 Src/usbd_conf.o
                0x080067a8                USBD_static_malloc
 .text.USBD_static_free
                0x080067b0        0x4 Src/usbd_conf.o
                0x080067b0                USBD_static_free
 .text.HAL_PCDEx_SetConnectionState
                0x080067b4        0x4 Src/usbd_conf.o
                0x080067b4                HAL_PCDEx_SetConnectionState
 .text.USBD_FS_DeviceDescriptor
                0x080067b8        0xc Src/usbd_desc.o
                0x080067b8                USBD_FS_DeviceDescriptor
 .text.USBD_FS_LangIDStrDescriptor
                0x080067c4        0xc Src/usbd_desc.o
                0x080067c4                USBD_FS_LangIDStrDescriptor
 .text.USBD_FS_ProductStrDescriptor
                0x080067d0       0x24 Src/usbd_desc.o
                0x080067d0                USBD_FS_ProductStrDescriptor
 .text.USBD_FS_ManufacturerStrDescriptor
                0x080067f4       0x1c Src/usbd_desc.o
                0x080067f4                USBD_FS_ManufacturerStrDescriptor
 .text.USBD_FS_SerialStrDescriptor
                0x08006810       0x24 Src/usbd_desc.o
                0x08006810                USBD_FS_SerialStrDescriptor
 .text.USBD_FS_ConfigStrDescriptor
                0x08006834       0x24 Src/usbd_desc.o
                0x08006834                USBD_FS_ConfigStrDescriptor
 .text.USBD_FS_InterfaceStrDescriptor
                0x08006858       0x24 Src/usbd_desc.o
                0x08006858                USBD_FS_InterfaceStrDescriptor
 .text.VcpRxEvent
                0x0800687c       0x38 Src/vcp.o
                0x0800687c                VcpRxEvent
 .text.Send     0x080068b4       0x40 Src/vcp.o
                0x080068b4                Send
 .text.Reset_Handler
                0x080068f4       0x44 startup/startup_stm32f105xc.o
                0x080068f4                Reset_Handler
 .text.Default_Handler
                0x08006938        0x2 startup/startup_stm32f105xc.o
                0x08006938                RTC_Alarm_IRQHandler
                0x08006938                EXTI2_IRQHandler
                0x08006938                TIM1_CC_IRQHandler
                0x08006938                TIM6_IRQHandler
                0x08006938                PVD_IRQHandler
                0x08006938                CAN2_RX1_IRQHandler
                0x08006938                EXTI3_IRQHandler
                0x08006938                EXTI0_IRQHandler
                0x08006938                I2C2_EV_IRQHandler
                0x08006938                CAN1_RX0_IRQHandler
                0x08006938                CAN2_SCE_IRQHandler
                0x08006938                ADC1_2_IRQHandler
                0x08006938                SPI1_IRQHandler
                0x08006938                TAMPER_IRQHandler
                0x08006938                CAN2_RX0_IRQHandler
                0x08006938                DMA2_Channel2_IRQHandler
                0x08006938                DMA1_Channel4_IRQHandler
                0x08006938                RTC_IRQHandler
                0x08006938                DMA1_Channel7_IRQHandler
                0x08006938                CAN1_RX1_IRQHandler
                0x08006938                TIM4_IRQHandler
                0x08006938                DMA2_Channel1_IRQHandler
                0x08006938                I2C1_EV_IRQHandler
                0x08006938                DMA1_Channel6_IRQHandler
                0x08006938                DMA2_Channel4_IRQHandler
                0x08006938                TIM3_IRQHandler
                0x08006938                RCC_IRQHandler
                0x08006938                TIM1_TRG_COM_IRQHandler
                0x08006938                DMA1_Channel1_IRQHandler
                0x08006938                Default_Handler
                0x08006938                EXTI15_10_IRQHandler
                0x08006938                TIM7_IRQHandler
                0x08006938                CAN2_TX_IRQHandler
                0x08006938                TIM5_IRQHandler
                0x08006938                EXTI9_5_IRQHandler
                0x08006938                SPI2_IRQHandler
                0x08006938                CAN1_TX_IRQHandler
                0x08006938                DMA2_Channel5_IRQHandler
                0x08006938                DMA1_Channel5_IRQHandler
                0x08006938                EXTI4_IRQHandler
                0x08006938                DMA1_Channel3_IRQHandler
                0x08006938                TIM1_UP_IRQHandler
                0x08006938                WWDG_IRQHandler
                0x08006938                TIM2_IRQHandler
                0x08006938                OTG_FS_WKUP_IRQHandler
                0x08006938                TIM1_BRK_IRQHandler
                0x08006938                EXTI1_IRQHandler
                0x08006938                I2C2_ER_IRQHandler
                0x08006938                DMA1_Channel2_IRQHandler
                0x08006938                CAN1_SCE_IRQHandler
                0x08006938                FLASH_IRQHandler
                0x08006938                SPI3_IRQHandler
                0x08006938                I2C1_ER_IRQHandler
                0x08006938                DMA2_Channel3_IRQHandler
 .text.memcpy   0x0800693a       0x16 c:/ac6/systemworkbench/plugins/fr.ac6.mcu.externaltools.arm-none.win32_1.13.2.201705091103/tools/compiler/bin/../lib/gcc/arm-none-eabi/5.4.1/../../../../arm-none-eabi/lib/armv7-m\libc_nano.a(lib_a-memcpy-stub.o)
                0x0800693a                memcpy
 .text.memset   0x08006950       0x10 c:/ac6/systemworkbench/plugins/fr.ac6.mcu.externaltools.arm-none.win32_1.13.2.201705091103/tools/compiler/bin/../lib/gcc/arm-none-eabi/5.4.1/../../../../arm-none-eabi/lib/armv7-m\libc_nano.a(lib_a-memset.o)
                0x08006950                memset
 .text.sprintf  0x08006960       0x48 c:/ac6/systemworkbench/plugins/fr.ac6.mcu.externaltools.arm-none.win32_1.13.2.201705091103/tools/compiler/bin/../lib/gcc/arm-none-eabi/5.4.1/../../../../arm-none-eabi/lib/armv7-m\libc_nano.a(lib_a-sprintf.o)
                0x08006960                siprintf
                0x08006960                sprintf
 .text.__ssputs_r
                0x080069a8       0xb2 c:/ac6/systemworkbench/plugins/fr.ac6.mcu.externaltools.arm-none.win32_1.13.2.201705091103/tools/compiler/bin/../lib/gcc/arm-none-eabi/5.4.1/../../../../arm-none-eabi/lib/armv7-m\libc_nano.a(lib_a-nano-svfprintf.o)
                0x080069a8                __ssputs_r
 *fill*         0x08006a5a        0x2 
 .text._svfprintf_r
                0x08006a5c      0x1e8 c:/ac6/systemworkbench/plugins/fr.ac6.mcu.externaltools.arm-none.win32_1.13.2.201705091103/tools/compiler/bin/../lib/gcc/arm-none-eabi/5.4.1/../../../../arm-none-eabi/lib/armv7-m\libc_nano.a(lib_a-nano-svfprintf.o)
                0x08006a5c                _svfiprintf_r
                0x08006a5c                _svfprintf_r
 .text._printf_common
                0x08006c44       0xec c:/ac6/systemworkbench/plugins/fr.ac6.mcu.externaltools.arm-none.win32_1.13.2.201705091103/tools/compiler/bin/../lib/gcc/arm-none-eabi/5.4.1/../../../../arm-none-eabi/lib/armv7-m\libc_nano.a(lib_a-nano-vfprintf_i.o)
                0x08006c44                _printf_common
 .text._printf_i
                0x08006d30      0x24c c:/ac6/systemworkbench/plugins/fr.ac6.mcu.externaltools.arm-none.win32_1.13.2.201705091103/tools/compiler/bin/../lib/gcc/arm-none-eabi/5.4.1/../../../../arm-none-eabi/lib/armv7-m\libc_nano.a(lib_a-nano-vfprintf_i.o)
                0x08006d30                _printf_i
 .text.memchr   0x08006f7c       0x1c c:/ac6/systemworkbench/plugins/fr.ac6.mcu.externaltools.arm-none.win32_1.13.2.201705091103/tools/compiler/bin/../lib/gcc/arm-none-eabi/5.4.1/../../../../arm-none-eabi/lib/armv7-m\libc_nano.a(lib_a-memchr-stub.o)
                0x08006f7c                memchr
 .text.memmove  0x08006f98       0x36 c:/ac6/systemworkbench/plugins/fr.ac6.mcu.externaltools.arm-none.win32_1.13.2.201705091103/tools/compiler/bin/../lib/gcc/arm-none-eabi/5.4.1/../../../../arm-none-eabi/lib/armv7-m\libc_nano.a(lib_a-memmove.o)
                0x08006f98                memmove
 *fill*         0x08006fce        0x2 
 .text._free_r  0x08006fd0       0x98 c:/ac6/systemworkbench/plugins/fr.ac6.mcu.externaltools.arm-none.win32_1.13.2.201705091103/tools/compiler/bin/../lib/gcc/arm-none-eabi/5.4.1/../../../../arm-none-eabi/lib/armv7-m\libc_nano.a(lib_a-nano-freer.o)
                0x08006fd0                _free_r
 .text._malloc_r
                0x08007068       0xbc c:/ac6/systemworkbench/plugins/fr.ac6.mcu.externaltools.arm-none.win32_1.13.2.201705091103/tools/compiler/bin/../lib/gcc/arm-none-eabi/5.4.1/../../../../arm-none-eabi/lib/armv7-m\libc_nano.a(lib_a-nano-mallocr.o)
                0x08007068                _malloc_r
 .text._realloc_r
                0x08007124       0x4c c:/ac6/systemworkbench/plugins/fr.ac6.mcu.externaltools.arm-none.win32_1.13.2.201705091103/tools/compiler/bin/../lib/gcc/arm-none-eabi/5.4.1/../../../../arm-none-eabi/lib/armv7-m\libc_nano.a(lib_a-nano-reallocr.o)
                0x08007124                _realloc_r
 .text._sbrk_r  0x08007170       0x20 c:/ac6/systemworkbench/plugins/fr.ac6.mcu.externaltools.arm-none.win32_1.13.2.201705091103/tools/compiler/bin/../lib/gcc/arm-none-eabi/5.4.1/../../../../arm-none-eabi/lib/armv7-m\libc_nano.a(lib_a-sbrkr.o)
                0x08007170                _sbrk_r
 .text.__malloc_lock
                0x08007190        0x2 c:/ac6/systemworkbench/plugins/fr.ac6.mcu.externaltools.arm-none.win32_1.13.2.201705091103/tools/compiler/bin/../lib/gcc/arm-none-eabi/5.4.1/../../../../arm-none-eabi/lib/armv7-m\libc_nano.a(lib_a-mlock.o)
                0x08007190                __malloc_lock
 .text.__malloc_unlock
                0x08007192        0x2 c:/ac6/systemworkbench/plugins/fr.ac6.mcu.externaltools.arm-none.win32_1.13.2.201705091103/tools/compiler/bin/../lib/gcc/arm-none-eabi/5.4.1/../../../../arm-none-eabi/lib/armv7-m\libc_nano.a(lib_a-mlock.o)
                0x08007192                __malloc_unlock
 .text._malloc_usable_size_r
                0x08007194       0x14 c:/ac6/systemworkbench/plugins/fr.ac6.mcu.externaltools.arm-none.win32_1.13.2.201705091103/tools/compiler/bin/../lib/gcc/arm-none-eabi/5.4.1/../../../../arm-none-eabi/lib/armv7-m\libc_nano.a(lib_a-nano-msizer.o)
                0x08007194                _malloc_usable_size_r
 .text._sbrk    0x080071a8       0x1c c:/ac6/systemworkbench/plugins/fr.ac6.mcu.externaltools.arm-none.win32_1.13.2.201705091103/tools/compiler/bin/../lib/gcc/arm-none-eabi/5.4.1/../../../../arm-none-eabi/lib/armv7-m\libnosys.a(sbrk.o)
                0x080071a8                _sbrk
 *(.glue_7)
 .glue_7        0x080071c4        0x0 linker stubs
 *(.glue_7t)
 .glue_7t       0x080071c4        0x0 linker stubs
 *(.eh_frame)
 .eh_frame      0x080071c4        0x0 c:/ac6/systemworkbench/plugins/fr.ac6.mcu.externaltools.arm-none.win32_1.13.2.201705091103/tools/compiler/bin/../lib/gcc/arm-none-eabi/5.4.1/armv7-m/crtbegin.o
 *(.init)
 .init          0x080071c4        0x4 c:/ac6/systemworkbench/plugins/fr.ac6.mcu.externaltools.arm-none.win32_1.13.2.201705091103/tools/compiler/bin/../lib/gcc/arm-none-eabi/5.4.1/armv7-m/crti.o
                0x080071c4                _init
 .init          0x080071c8        0x8 c:/ac6/systemworkbench/plugins/fr.ac6.mcu.externaltools.arm-none.win32_1.13.2.201705091103/tools/compiler/bin/../lib/gcc/arm-none-eabi/5.4.1/armv7-m/crtn.o
 *(.fini)
 .fini          0x080071d0        0x4 c:/ac6/systemworkbench/plugins/fr.ac6.mcu.externaltools.arm-none.win32_1.13.2.201705091103/tools/compiler/bin/../lib/gcc/arm-none-eabi/5.4.1/armv7-m/crti.o
                0x080071d0                _fini
 .fini          0x080071d4        0x8 c:/ac6/systemworkbench/plugins/fr.ac6.mcu.externaltools.arm-none.win32_1.13.2.201705091103/tools/compiler/bin/../lib/gcc/arm-none-eabi/5.4.1/armv7-m/crtn.o
                0x080071dc                . = ALIGN (0x4)
                0x080071dc                _etext = .

.vfp11_veneer   0x080071dc        0x0
 .vfp11_veneer  0x080071dc        0x0 linker stubs

.v4_bx          0x080071dc        0x0
 .v4_bx         0x080071dc        0x0 linker stubs

.iplt           0x080071dc        0x0
 .iplt          0x080071dc        0x0 c:/ac6/systemworkbench/plugins/fr.ac6.mcu.externaltools.arm-none.win32_1.13.2.201705091103/tools/compiler/bin/../lib/gcc/arm-none-eabi/5.4.1/armv7-m/crtbegin.o

.rodata         0x080071dc      0x200
                0x080071dc                . = ALIGN (0x4)
 *(.rodata)
 .rodata        0x080071dc       0x1c Drivers/STM32F1xx_HAL_Driver/Src/stm32f1xx_hal_rcc.o
 .rodata        0x080071f8       0x1c Drivers/STM32F1xx_HAL_Driver/Src/stm32f1xx_hal_rcc_ex.o
 .rodata        0x08007214       0x28 Src/main.o
 .rodata        0x0800723c       0x18 Src/system_stm32f1xx.o
                0x0800723c                AHBPrescTable
                0x0800724c                APBPrescTable
 *(.rodata*)
 .rodata.str1.4
                0x08007254        0x5 Middlewares/Third_Party/FreeRTOS/Source/tasks.o
 *fill*         0x08007259        0x3 
 .rodata.str1.4
                0x0800725c       0x37 Src/HysteresisController.o
 *fill*         0x08007293        0x1 
 .rodata.str1.4
                0x08007294       0x87 Src/database.o
 *fill*         0x0800731b        0x1 
 .rodata.str1.4
                0x0800731c       0x34 Src/main.o
 .rodata.str1.4
                0x08007350       0x58 Src/usbd_desc.o
                                 0x56 (size before relaxing)
 .rodata.str1.1
                0x080073a8       0x11 c:/ac6/systemworkbench/plugins/fr.ac6.mcu.externaltools.arm-none.win32_1.13.2.201705091103/tools/compiler/bin/../lib/gcc/arm-none-eabi/5.4.1/../../../../arm-none-eabi/lib/armv7-m\libc_nano.a(lib_a-nano-svfprintf.o)
 .rodata.str1.1
                0x080073b9       0x22 c:/ac6/systemworkbench/plugins/fr.ac6.mcu.externaltools.arm-none.win32_1.13.2.201705091103/tools/compiler/bin/../lib/gcc/arm-none-eabi/5.4.1/../../../../arm-none-eabi/lib/armv7-m\libc_nano.a(lib_a-nano-vfprintf_i.o)
                0x080073dc                . = ALIGN (0x4)
 *fill*         0x080073db        0x1 

.rel.dyn        0x080073dc        0x0
 .rel.iplt      0x080073dc        0x0 c:/ac6/systemworkbench/plugins/fr.ac6.mcu.externaltools.arm-none.win32_1.13.2.201705091103/tools/compiler/bin/../lib/gcc/arm-none-eabi/5.4.1/armv7-m/crtbegin.o

.ARM.extab
 *(.ARM.extab* .gnu.linkonce.armextab.*)

.ARM            0x080073dc        0x0
                0x080073dc                __exidx_start = .
 *(.ARM.exidx*)
                0x080073dc                __exidx_end = .

.preinit_array  0x080073dc        0x0
                0x080073dc                PROVIDE (__preinit_array_start, .)
 *(.preinit_array*)
                0x080073dc                PROVIDE (__preinit_array_end, .)

.init_array     0x080073dc        0x4
                0x080073dc                PROVIDE (__init_array_start, .)
 *(SORT(.init_array.*))
 *(.init_array*)
 .init_array    0x080073dc        0x4 c:/ac6/systemworkbench/plugins/fr.ac6.mcu.externaltools.arm-none.win32_1.13.2.201705091103/tools/compiler/bin/../lib/gcc/arm-none-eabi/5.4.1/armv7-m/crtbegin.o
                0x080073e0                PROVIDE (__init_array_end, .)

.fini_array     0x080073e0        0x4
                [!provide]                PROVIDE (__fini_array_start, .)
 *(SORT(.fini_array.*))
 *(.fini_array*)
 .fini_array    0x080073e0        0x4 c:/ac6/systemworkbench/plugins/fr.ac6.mcu.externaltools.arm-none.win32_1.13.2.201705091103/tools/compiler/bin/../lib/gcc/arm-none-eabi/5.4.1/armv7-m/crtbegin.o
                [!provide]                PROVIDE (__fini_array_end, .)
                0x080073e4                _sidata = LOADADDR (.data)

.data           0x20000000      0x254 load address 0x080073e4
                0x20000000                . = ALIGN (0x4)
                0x20000000                _sdata = .
 *(.data)
 .data          0x20000000      0x110 Middlewares/ST/STM32_USB_Device_Library/Class/CDC/Src/usbd_cdc.o
                0x20000000                USBD_CDC_CfgFSDesc
                0x20000044                USBD_CDC_CfgHSDesc
                0x20000088                USBD_CDC_OtherSpeedCfgDesc
                0x200000d8                USBD_CDC
 .data          0x20000110        0x4 Middlewares/Third_Party/FreeRTOS/Source/portable/GCC/ARM_CM3/port.o
 .data          0x20000114       0x94 Src/database.o
 .data          0x200001a8        0x4 Src/system_stm32f1xx.o
                0x200001a8                SystemCoreClock
 .data          0x200001ac       0x10 Src/usbd_cdc_if.o
                0x200001ac                USBD_Interface_fops_FS
 .data          0x200001bc       0x34 Src/usbd_desc.o
                0x200001bc                USBD_FS_DeviceDesc
                0x200001d0                USBD_LangIDDesc
                0x200001d4                FS_Desc
 *(.data*)
 .data.impure_data
                0x200001f0       0x60 c:/ac6/systemworkbench/plugins/fr.ac6.mcu.externaltools.arm-none.win32_1.13.2.201705091103/tools/compiler/bin/../lib/gcc/arm-none-eabi/5.4.1/../../../../arm-none-eabi/lib/armv7-m\libc_nano.a(lib_a-impure.o)
 .data._impure_ptr
                0x20000250        0x4 c:/ac6/systemworkbench/plugins/fr.ac6.mcu.externaltools.arm-none.win32_1.13.2.201705091103/tools/compiler/bin/../lib/gcc/arm-none-eabi/5.4.1/../../../../arm-none-eabi/lib/armv7-m\libc_nano.a(lib_a-impure.o)
                0x20000250                _impure_ptr
                0x20000254                . = ALIGN (0x4)
                0x20000254                _edata = .

.jcr            0x20000254        0x0 load address 0x08007638
 .jcr           0x20000254        0x0 c:/ac6/systemworkbench/plugins/fr.ac6.mcu.externaltools.arm-none.win32_1.13.2.201705091103/tools/compiler/bin/../lib/gcc/arm-none-eabi/5.4.1/armv7-m/crtbegin.o

.igot.plt       0x20000254        0x0 load address 0x08007638
 .igot.plt      0x20000254        0x0 c:/ac6/systemworkbench/plugins/fr.ac6.mcu.externaltools.arm-none.win32_1.13.2.201705091103/tools/compiler/bin/../lib/gcc/arm-none-eabi/5.4.1/armv7-m/crtbegin.o
                0x20000254                . = ALIGN (0x4)

.bss            0x20000254     0x1ed8 load address 0x08007638
                0x20000254                _sbss = .
                0x20000254                __bss_start__ = _sbss
 *(.bss)
 .bss           0x20000254       0x1c c:/ac6/systemworkbench/plugins/fr.ac6.mcu.externaltools.arm-none.win32_1.13.2.201705091103/tools/compiler/bin/../lib/gcc/arm-none-eabi/5.4.1/armv7-m/crtbegin.o
 .bss           0x20000270        0x4 Drivers/STM32F1xx_HAL_Driver/Src/stm32f1xx_hal.o
 .bss           0x20000274        0x1 Drivers/STM32F1xx_HAL_Driver/Src/stm32f1xx_hal_spi_ex.o
                0x20000274                uCRCErrorWorkaroundCheck
 .bss           0x20000275        0x1 Middlewares/ST/STM32_USB_Device_Library/Class/CDC/Src/usbd_cdc.o
 .bss           0x20000276        0x1 Middlewares/ST/STM32_USB_Device_Library/Core/Src/usbd_ctlreq.o
 *fill*         0x20000277        0x1 
 .bss           0x20000278      0x128 Middlewares/Third_Party/FreeRTOS/Source/tasks.o
                0x20000374                pxCurrentTCB
 .bss           0x200003a0        0x8 Middlewares/Third_Party/FreeRTOS/Source/portable/GCC/ARM_CM3/port.o
 .bss           0x200003a8     0x1018 Middlewares/Third_Party/FreeRTOS/Source/portable/MemMang/heap_4.o
 .bss           0x200013c0       0x34 Src/ADC.o
                0x200013f0                adcResult
 .bss           0x200013f4        0xe Src/HysteresisController.o
 *fill*         0x20001402        0x2 
 .bss           0x20001404       0x1a Src/led.o
 *fill*         0x2000141e        0x2 
 .bss           0x20001420       0x18 Src/relays.o
 .bss           0x20001438      0x220 Src/usbd_conf.o
 .bss           0x20001658        0x4 Src/vcp.o
 *(.bss*)
 .bss.__malloc_sbrk_start
                0x2000165c        0x4 c:/ac6/systemworkbench/plugins/fr.ac6.mcu.externaltools.arm-none.win32_1.13.2.201705091103/tools/compiler/bin/../lib/gcc/arm-none-eabi/5.4.1/../../../../arm-none-eabi/lib/armv7-m\libc_nano.a(lib_a-nano-mallocr.o)
                0x2000165c                __malloc_sbrk_start
 .bss.__malloc_free_list
                0x20001660        0x4 c:/ac6/systemworkbench/plugins/fr.ac6.mcu.externaltools.arm-none.win32_1.13.2.201705091103/tools/compiler/bin/../lib/gcc/arm-none-eabi/5.4.1/../../../../arm-none-eabi/lib/armv7-m\libc_nano.a(lib_a-nano-mallocr.o)
                0x20001660                __malloc_free_list
 .bss.heap_end.4167
                0x20001664        0x4 c:/ac6/systemworkbench/plugins/fr.ac6.mcu.externaltools.arm-none.win32_1.13.2.201705091103/tools/compiler/bin/../lib/gcc/arm-none-eabi/5.4.1/../../../../arm-none-eabi/lib/armv7-m\libnosys.a(sbrk.o)
 *(COMMON)
 COMMON         0x20001668      0x274 Src/main.o
                0x20001668                defaultTaskHandle
                0x2000166c                hspi2
                0x200016c4                huart3
                0x20001704                hi2c1
                0x20001740                huart5
                0x20001780                hadc1
                0x200017b0                huart1
                0x200017f0                hrtc
                0x20001804                huart4
                0x20001844                hspi1
                0x2000189c                huart2
 COMMON         0x200018dc      0x224 Src/usb_device.o
                0x200018dc                hUsbDeviceFS
 COMMON         0x20001b00       0x80 Src/usbd_cdc_if.o
                0x20001b00                UserRxBufferFS
                0x20001b40                UserTxBufferFS
 COMMON         0x20001b80      0x3a8 Src/usbd_conf.o
                0x20001b80                hpcd_USB_OTG_FS
 COMMON         0x20001f28      0x200 Src/usbd_desc.o
                0x20001f28                USBD_StrDesc
 COMMON         0x20002128        0x4 c:/ac6/systemworkbench/plugins/fr.ac6.mcu.externaltools.arm-none.win32_1.13.2.201705091103/tools/compiler/bin/../lib/gcc/arm-none-eabi/5.4.1/../../../../arm-none-eabi/lib/armv7-m\libc_nano.a(lib_a-reent.o)
                0x20002128                errno
                0x2000212c                . = ALIGN (0x4)
                0x2000212c                _ebss = .
                0x2000212c                __bss_end__ = _ebss

._user_heap_stack
                0x2000212c      0x604 load address 0x08007638
                0x20002130                . = ALIGN (0x8)
 *fill*         0x2000212c        0x4 
                0x20002130                PROVIDE (end, .)
                [!provide]                PROVIDE (_end, .)
                0x20002330                . = (. + _Min_Heap_Size)
 *fill*         0x20002130      0x200 
                0x20002730                . = (. + _Min_Stack_Size)
 *fill*         0x20002330      0x400 
                0x20002730                . = ALIGN (0x8)

/DISCARD/
 libc.a(*)
 libm.a(*)
 libgcc.a(*)

.ARM.attributes
                0x00000000       0x29
 *(.ARM.attributes)
 .ARM.attributes
                0x00000000       0x1d c:/ac6/systemworkbench/plugins/fr.ac6.mcu.externaltools.arm-none.win32_1.13.2.201705091103/tools/compiler/bin/../lib/gcc/arm-none-eabi/5.4.1/armv7-m/crti.o
 .ARM.attributes
                0x0000001d       0x2d c:/ac6/systemworkbench/plugins/fr.ac6.mcu.externaltools.arm-none.win32_1.13.2.201705091103/tools/compiler/bin/../lib/gcc/arm-none-eabi/5.4.1/armv7-m/crtbegin.o
 .ARM.attributes
                0x0000004a       0x33 Drivers/STM32F1xx_HAL_Driver/Src/stm32f1xx_hal.o
 .ARM.attributes
                0x0000007d       0x33 Drivers/STM32F1xx_HAL_Driver/Src/stm32f1xx_hal_adc.o
 .ARM.attributes
                0x000000b0       0x33 Drivers/STM32F1xx_HAL_Driver/Src/stm32f1xx_hal_cortex.o
 .ARM.attributes
                0x000000e3       0x33 Drivers/STM32F1xx_HAL_Driver/Src/stm32f1xx_hal_gpio.o
 .ARM.attributes
                0x00000116       0x33 Drivers/STM32F1xx_HAL_Driver/Src/stm32f1xx_hal_i2c.o
 .ARM.attributes
                0x00000149       0x33 Drivers/STM32F1xx_HAL_Driver/Src/stm32f1xx_hal_pcd.o
 .ARM.attributes
                0x0000017c       0x33 Drivers/STM32F1xx_HAL_Driver/Src/stm32f1xx_hal_pcd_ex.o
 .ARM.attributes
                0x000001af       0x33 Drivers/STM32F1xx_HAL_Driver/Src/stm32f1xx_hal_pwr.o
 .ARM.attributes
                0x000001e2       0x33 Drivers/STM32F1xx_HAL_Driver/Src/stm32f1xx_hal_rcc.o
 .ARM.attributes
                0x00000215       0x33 Drivers/STM32F1xx_HAL_Driver/Src/stm32f1xx_hal_rcc_ex.o
 .ARM.attributes
                0x00000248       0x33 Drivers/STM32F1xx_HAL_Driver/Src/stm32f1xx_hal_rtc.o
 .ARM.attributes
                0x0000027b       0x33 Drivers/STM32F1xx_HAL_Driver/Src/stm32f1xx_hal_rtc_ex.o
 .ARM.attributes
                0x000002ae       0x33 Drivers/STM32F1xx_HAL_Driver/Src/stm32f1xx_hal_spi.o
 .ARM.attributes
                0x000002e1       0x33 Drivers/STM32F1xx_HAL_Driver/Src/stm32f1xx_hal_spi_ex.o
 .ARM.attributes
                0x00000314       0x33 Drivers/STM32F1xx_HAL_Driver/Src/stm32f1xx_hal_uart.o
 .ARM.attributes
                0x00000347       0x33 Drivers/STM32F1xx_HAL_Driver/Src/stm32f1xx_ll_usb.o
 .ARM.attributes
                0x0000037a       0x33 Middlewares/ST/STM32_USB_Device_Library/Class/CDC/Src/usbd_cdc.o
 .ARM.attributes
                0x000003ad       0x33 Middlewares/ST/STM32_USB_Device_Library/Core/Src/usbd_core.o
 .ARM.attributes
                0x000003e0       0x33 Middlewares/ST/STM32_USB_Device_Library/Core/Src/usbd_ctlreq.o
 .ARM.attributes
                0x00000413       0x33 Middlewares/ST/STM32_USB_Device_Library/Core/Src/usbd_ioreq.o
 .ARM.attributes
                0x00000446       0x33 Middlewares/Third_Party/FreeRTOS/Source/CMSIS_RTOS/cmsis_os.o
 .ARM.attributes
                0x00000479       0x33 Middlewares/Third_Party/FreeRTOS/Source/list.o
 .ARM.attributes
                0x000004ac       0x33 Middlewares/Third_Party/FreeRTOS/Source/queue.o
 .ARM.attributes
                0x000004df       0x33 Middlewares/Third_Party/FreeRTOS/Source/tasks.o
 .ARM.attributes
                0x00000512       0x33 Middlewares/Third_Party/FreeRTOS/Source/portable/GCC/ARM_CM3/port.o
 .ARM.attributes
                0x00000545       0x33 Middlewares/Third_Party/FreeRTOS/Source/portable/MemMang/heap_4.o
 .ARM.attributes
                0x00000578       0x33 Src/ADC.o
 .ARM.attributes
                0x000005ab       0x33 Src/HysteresisController.o
 .ARM.attributes
                0x000005de       0x33 Src/database.o
 .ARM.attributes
                0x00000611       0x33 Src/filter.o
 .ARM.attributes
                0x00000644       0x33 Src/led.o
 .ARM.attributes
                0x00000677       0x33 Src/main.o
 .ARM.attributes
                0x000006aa       0x33 Src/relays.o
 .ARM.attributes
                0x000006dd       0x33 Src/stm32f1xx_hal_msp.o
 .ARM.attributes
                0x00000710       0x33 Src/stm32f1xx_it.o
 .ARM.attributes
                0x00000743       0x33 Src/system_stm32f1xx.o
 .ARM.attributes
                0x00000776       0x33 Src/usb_device.o
 .ARM.attributes
                0x000007a9       0x33 Src/usbd_cdc_if.o
 .ARM.attributes
                0x000007dc       0x33 Src/usbd_conf.o
 .ARM.attributes
                0x0000080f       0x33 Src/usbd_desc.o
 .ARM.attributes
                0x00000842       0x33 Src/vcp.o
 .ARM.attributes
                0x00000875       0x21 startup/startup_stm32f105xc.o
 .ARM.attributes
                0x00000896       0x2d c:/ac6/systemworkbench/plugins/fr.ac6.mcu.externaltools.arm-none.win32_1.13.2.201705091103/tools/compiler/bin/../lib/gcc/arm-none-eabi/5.4.1/../../../../arm-none-eabi/lib/armv7-m\libc_nano.a(lib_a-impure.o)
 .ARM.attributes
                0x000008c3       0x2d c:/ac6/systemworkbench/plugins/fr.ac6.mcu.externaltools.arm-none.win32_1.13.2.201705091103/tools/compiler/bin/../lib/gcc/arm-none-eabi/5.4.1/../../../../arm-none-eabi/lib/armv7-m\libc_nano.a(lib_a-memcpy-stub.o)
 .ARM.attributes
                0x000008f0       0x2d c:/ac6/systemworkbench/plugins/fr.ac6.mcu.externaltools.arm-none.win32_1.13.2.201705091103/tools/compiler/bin/../lib/gcc/arm-none-eabi/5.4.1/../../../../arm-none-eabi/lib/armv7-m\libc_nano.a(lib_a-memset.o)
 .ARM.attributes
                0x0000091d       0x2d c:/ac6/systemworkbench/plugins/fr.ac6.mcu.externaltools.arm-none.win32_1.13.2.201705091103/tools/compiler/bin/../lib/gcc/arm-none-eabi/5.4.1/../../../../arm-none-eabi/lib/armv7-m\libc_nano.a(lib_a-sprintf.o)
 .ARM.attributes
                0x0000094a       0x17 c:/ac6/systemworkbench/plugins/fr.ac6.mcu.externaltools.arm-none.win32_1.13.2.201705091103/tools/compiler/bin/../lib/gcc/arm-none-eabi/5.4.1/../../../../arm-none-eabi/lib/armv7-m\libc_nano.a(lib_a-strlen.o)
 .ARM.attributes
                0x00000961       0x2d c:/ac6/systemworkbench/plugins/fr.ac6.mcu.externaltools.arm-none.win32_1.13.2.201705091103/tools/compiler/bin/../lib/gcc/arm-none-eabi/5.4.1/../../../../arm-none-eabi/lib/armv7-m\libc_nano.a(lib_a-nano-svfprintf.o)
 .ARM.attributes
                0x0000098e       0x2d c:/ac6/systemworkbench/plugins/fr.ac6.mcu.externaltools.arm-none.win32_1.13.2.201705091103/tools/compiler/bin/../lib/gcc/arm-none-eabi/5.4.1/../../../../arm-none-eabi/lib/armv7-m\libc_nano.a(lib_a-nano-vfprintf_i.o)
 .ARM.attributes
                0x000009bb       0x2d c:/ac6/systemworkbench/plugins/fr.ac6.mcu.externaltools.arm-none.win32_1.13.2.201705091103/tools/compiler/bin/../lib/gcc/arm-none-eabi/5.4.1/../../../../arm-none-eabi/lib/armv7-m\libc_nano.a(lib_a-memchr-stub.o)
 .ARM.attributes
                0x000009e8       0x2d c:/ac6/systemworkbench/plugins/fr.ac6.mcu.externaltools.arm-none.win32_1.13.2.201705091103/tools/compiler/bin/../lib/gcc/arm-none-eabi/5.4.1/../../../../arm-none-eabi/lib/armv7-m\libc_nano.a(lib_a-memmove.o)
 .ARM.attributes
                0x00000a15       0x2d c:/ac6/systemworkbench/plugins/fr.ac6.mcu.externaltools.arm-none.win32_1.13.2.201705091103/tools/compiler/bin/../lib/gcc/arm-none-eabi/5.4.1/../../../../arm-none-eabi/lib/armv7-m\libc_nano.a(lib_a-nano-freer.o)
 .ARM.attributes
                0x00000a42       0x2d c:/ac6/systemworkbench/plugins/fr.ac6.mcu.externaltools.arm-none.win32_1.13.2.201705091103/tools/compiler/bin/../lib/gcc/arm-none-eabi/5.4.1/../../../../arm-none-eabi/lib/armv7-m\libc_nano.a(lib_a-nano-mallocr.o)
 .ARM.attributes
                0x00000a6f       0x2d c:/ac6/systemworkbench/plugins/fr.ac6.mcu.externaltools.arm-none.win32_1.13.2.201705091103/tools/compiler/bin/../lib/gcc/arm-none-eabi/5.4.1/../../../../arm-none-eabi/lib/armv7-m\libc_nano.a(lib_a-nano-reallocr.o)
 .ARM.attributes
                0x00000a9c       0x2d c:/ac6/systemworkbench/plugins/fr.ac6.mcu.externaltools.arm-none.win32_1.13.2.201705091103/tools/compiler/bin/../lib/gcc/arm-none-eabi/5.4.1/../../../../arm-none-eabi/lib/armv7-m\libc_nano.a(lib_a-sbrkr.o)
 .ARM.attributes
                0x00000ac9       0x2d c:/ac6/systemworkbench/plugins/fr.ac6.mcu.externaltools.arm-none.win32_1.13.2.201705091103/tools/compiler/bin/../lib/gcc/arm-none-eabi/5.4.1/../../../../arm-none-eabi/lib/armv7-m\libc_nano.a(lib_a-mlock.o)
 .ARM.attributes
                0x00000af6       0x2d c:/ac6/systemworkbench/plugins/fr.ac6.mcu.externaltools.arm-none.win32_1.13.2.201705091103/tools/compiler/bin/../lib/gcc/arm-none-eabi/5.4.1/../../../../arm-none-eabi/lib/armv7-m\libc_nano.a(lib_a-nano-msizer.o)
 .ARM.attributes
                0x00000b23       0x2d c:/ac6/systemworkbench/plugins/fr.ac6.mcu.externaltools.arm-none.win32_1.13.2.201705091103/tools/compiler/bin/../lib/gcc/arm-none-eabi/5.4.1/../../../../arm-none-eabi/lib/armv7-m\libc_nano.a(lib_a-reent.o)
 .ARM.attributes
                0x00000b50       0x2d c:/ac6/systemworkbench/plugins/fr.ac6.mcu.externaltools.arm-none.win32_1.13.2.201705091103/tools/compiler/bin/../lib/gcc/arm-none-eabi/5.4.1/../../../../arm-none-eabi/lib/armv7-m\libnosys.a(sbrk.o)
 .ARM.attributes
                0x00000b7d       0x1d c:/ac6/systemworkbench/plugins/fr.ac6.mcu.externaltools.arm-none.win32_1.13.2.201705091103/tools/compiler/bin/../lib/gcc/arm-none-eabi/5.4.1/armv7-m/crtn.o
OUTPUT(ISWiFi_test_board_v1.elf elf32-littlearm)

.debug_info     0x00000000    0x22050
 .debug_info    0x00000000      0x713 Drivers/STM32F1xx_HAL_Driver/Src/stm32f1xx_hal.o
 .debug_info    0x00000713      0xfdc Drivers/STM32F1xx_HAL_Driver/Src/stm32f1xx_hal_adc.o
 .debug_info    0x000016ef      0xc93 Drivers/STM32F1xx_HAL_Driver/Src/stm32f1xx_hal_cortex.o
 .debug_info    0x00002382      0x622 Drivers/STM32F1xx_HAL_Driver/Src/stm32f1xx_hal_gpio.o
 .debug_info    0x000029a4     0x2aba Drivers/STM32F1xx_HAL_Driver/Src/stm32f1xx_hal_i2c.o
 .debug_info    0x0000545e     0x1436 Drivers/STM32F1xx_HAL_Driver/Src/stm32f1xx_hal_pcd.o
 .debug_info    0x00006894      0x57b Drivers/STM32F1xx_HAL_Driver/Src/stm32f1xx_hal_pcd_ex.o
 .debug_info    0x00006e0f      0x7cd Drivers/STM32F1xx_HAL_Driver/Src/stm32f1xx_hal_pwr.o
 .debug_info    0x000075dc     0x1588 Drivers/STM32F1xx_HAL_Driver/Src/stm32f1xx_hal_rcc.o
 .debug_info    0x00008b64      0xccc Drivers/STM32F1xx_HAL_Driver/Src/stm32f1xx_hal_rcc_ex.o
 .debug_info    0x00009830     0x12e3 Drivers/STM32F1xx_HAL_Driver/Src/stm32f1xx_hal_rtc.o
 .debug_info    0x0000ab13      0x8d6 Drivers/STM32F1xx_HAL_Driver/Src/stm32f1xx_hal_rtc_ex.o
 .debug_info    0x0000b3e9     0x15a3 Drivers/STM32F1xx_HAL_Driver/Src/stm32f1xx_hal_spi.o
 .debug_info    0x0000c98c      0x5ba Drivers/STM32F1xx_HAL_Driver/Src/stm32f1xx_hal_spi_ex.o
 .debug_info    0x0000cf46     0x10f5 Drivers/STM32F1xx_HAL_Driver/Src/stm32f1xx_hal_uart.o
 .debug_info    0x0000e03b     0x1555 Drivers/STM32F1xx_HAL_Driver/Src/stm32f1xx_ll_usb.o
 .debug_info    0x0000f590      0xd07 Middlewares/ST/STM32_USB_Device_Library/Class/CDC/Src/usbd_cdc.o
 .debug_info    0x00010297      0xc42 Middlewares/ST/STM32_USB_Device_Library/Core/Src/usbd_core.o
 .debug_info    0x00010ed9      0xdfb Middlewares/ST/STM32_USB_Device_Library/Core/Src/usbd_ctlreq.o
 .debug_info    0x00011cd4      0x765 Middlewares/ST/STM32_USB_Device_Library/Core/Src/usbd_ioreq.o
 .debug_info    0x00012439     0x1959 Middlewares/Third_Party/FreeRTOS/Source/CMSIS_RTOS/cmsis_os.o
 .debug_info    0x00013d92      0x2a5 Middlewares/Third_Party/FreeRTOS/Source/list.o
 .debug_info    0x00014037     0x12cd Middlewares/Third_Party/FreeRTOS/Source/queue.o
 .debug_info    0x00015304     0x211f Middlewares/Third_Party/FreeRTOS/Source/tasks.o
 .debug_info    0x00017423      0x3ed Middlewares/Third_Party/FreeRTOS/Source/portable/GCC/ARM_CM3/port.o
 .debug_info    0x00017810      0x3b3 Middlewares/Third_Party/FreeRTOS/Source/portable/MemMang/heap_4.o
 .debug_info    0x00017bc3      0x9e4 Src/ADC.o
 .debug_info    0x000185a7      0x601 Src/HysteresisController.o
 .debug_info    0x00018ba8      0x3f5 Src/database.o
 .debug_info    0x00018f9d      0x8bb Src/filter.o
 .debug_info    0x00019858      0xa63 Src/led.o
 .debug_info    0x0001a2bb     0x1def Src/main.o
 .debug_info    0x0001c0aa      0x562 Src/relays.o
 .debug_info    0x0001c60c     0x1900 Src/stm32f1xx_hal_msp.o
 .debug_info    0x0001df0c      0x9a5 Src/stm32f1xx_it.o
 .debug_info    0x0001e8b1      0x42c Src/system_stm32f1xx.o
 .debug_info    0x0001ecdd      0x616 Src/usb_device.o
 .debug_info    0x0001f2f3      0x820 Src/usbd_cdc_if.o
 .debug_info    0x0001fb13     0x18d7 Src/usbd_conf.o
 .debug_info    0x000213ea      0x4c6 Src/usbd_desc.o
 .debug_info    0x000218b0      0x73b Src/vcp.o
 .debug_info    0x00021feb       0x65 startup/startup_stm32f105xc.o

.debug_abbrev   0x00000000     0x523f
 .debug_abbrev  0x00000000      0x21f Drivers/STM32F1xx_HAL_Driver/Src/stm32f1xx_hal.o
 .debug_abbrev  0x0000021f      0x248 Drivers/STM32F1xx_HAL_Driver/Src/stm32f1xx_hal_adc.o
 .debug_abbrev  0x00000467      0x2bd Drivers/STM32F1xx_HAL_Driver/Src/stm32f1xx_hal_cortex.o
 .debug_abbrev  0x00000724      0x1cd Drivers/STM32F1xx_HAL_Driver/Src/stm32f1xx_hal_gpio.o
 .debug_abbrev  0x000008f1      0x21b Drivers/STM32F1xx_HAL_Driver/Src/stm32f1xx_hal_i2c.o
 .debug_abbrev  0x00000b0c      0x285 Drivers/STM32F1xx_HAL_Driver/Src/stm32f1xx_hal_pcd.o
 .debug_abbrev  0x00000d91      0x17d Drivers/STM32F1xx_HAL_Driver/Src/stm32f1xx_hal_pcd_ex.o
 .debug_abbrev  0x00000f0e      0x20e Drivers/STM32F1xx_HAL_Driver/Src/stm32f1xx_hal_pwr.o
 .debug_abbrev  0x0000111c      0x287 Drivers/STM32F1xx_HAL_Driver/Src/stm32f1xx_hal_rcc.o
 .debug_abbrev  0x000013a3      0x233 Drivers/STM32F1xx_HAL_Driver/Src/stm32f1xx_hal_rcc_ex.o
 .debug_abbrev  0x000015d6      0x21e Drivers/STM32F1xx_HAL_Driver/Src/stm32f1xx_hal_rtc.o
 .debug_abbrev  0x000017f4      0x1e8 Drivers/STM32F1xx_HAL_Driver/Src/stm32f1xx_hal_rtc_ex.o
 .debug_abbrev  0x000019dc      0x22a Drivers/STM32F1xx_HAL_Driver/Src/stm32f1xx_hal_spi.o
 .debug_abbrev  0x00001c06      0x160 Drivers/STM32F1xx_HAL_Driver/Src/stm32f1xx_hal_spi_ex.o
 .debug_abbrev  0x00001d66      0x228 Drivers/STM32F1xx_HAL_Driver/Src/stm32f1xx_hal_uart.o
 .debug_abbrev  0x00001f8e      0x242 Drivers/STM32F1xx_HAL_Driver/Src/stm32f1xx_ll_usb.o
 .debug_abbrev  0x000021d0      0x24a Middlewares/ST/STM32_USB_Device_Library/Class/CDC/Src/usbd_cdc.o
 .debug_abbrev  0x0000241a      0x1ef Middlewares/ST/STM32_USB_Device_Library/Core/Src/usbd_core.o
 .debug_abbrev  0x00002609      0x26c Middlewares/ST/STM32_USB_Device_Library/Core/Src/usbd_ctlreq.o
 .debug_abbrev  0x00002875      0x158 Middlewares/ST/STM32_USB_Device_Library/Core/Src/usbd_ioreq.o
 .debug_abbrev  0x000029cd      0x2ac Middlewares/Third_Party/FreeRTOS/Source/CMSIS_RTOS/cmsis_os.o
 .debug_abbrev  0x00002c79       0xdf Middlewares/Third_Party/FreeRTOS/Source/list.o
 .debug_abbrev  0x00002d58      0x1d8 Middlewares/Third_Party/FreeRTOS/Source/queue.o
 .debug_abbrev  0x00002f30      0x29b Middlewares/Third_Party/FreeRTOS/Source/tasks.o
 .debug_abbrev  0x000031cb      0x1ff Middlewares/Third_Party/FreeRTOS/Source/portable/GCC/ARM_CM3/port.o
 .debug_abbrev  0x000033ca      0x1ce Middlewares/Third_Party/FreeRTOS/Source/portable/MemMang/heap_4.o
 .debug_abbrev  0x00003598      0x1fa Src/ADC.o
 .debug_abbrev  0x00003792      0x196 Src/HysteresisController.o
 .debug_abbrev  0x00003928      0x1ae Src/database.o
 .debug_abbrev  0x00003ad6      0x1ba Src/filter.o
 .debug_abbrev  0x00003c90      0x212 Src/led.o
 .debug_abbrev  0x00003ea2      0x2d5 Src/main.o
 .debug_abbrev  0x00004177      0x1a6 Src/relays.o
 .debug_abbrev  0x0000431d      0x247 Src/stm32f1xx_hal_msp.o
 .debug_abbrev  0x00004564      0x1c0 Src/stm32f1xx_it.o
 .debug_abbrev  0x00004724      0x104 Src/system_stm32f1xx.o
 .debug_abbrev  0x00004828      0x170 Src/usb_device.o
 .debug_abbrev  0x00004998      0x212 Src/usbd_cdc_if.o
 .debug_abbrev  0x00004baa      0x2ab Src/usbd_conf.o
 .debug_abbrev  0x00004e55      0x167 Src/usbd_desc.o
 .debug_abbrev  0x00004fbc      0x271 Src/vcp.o
 .debug_abbrev  0x0000522d       0x12 startup/startup_stm32f105xc.o

.debug_loc      0x00000000    0x12604
 .debug_loc     0x00000000       0x81 Drivers/STM32F1xx_HAL_Driver/Src/stm32f1xx_hal.o
 .debug_loc     0x00000081      0x9d6 Drivers/STM32F1xx_HAL_Driver/Src/stm32f1xx_hal_adc.o
 .debug_loc     0x00000a57      0x527 Drivers/STM32F1xx_HAL_Driver/Src/stm32f1xx_hal_cortex.o
 .debug_loc     0x00000f7e      0x377 Drivers/STM32F1xx_HAL_Driver/Src/stm32f1xx_hal_gpio.o
 .debug_loc     0x000012f5     0x2bab Drivers/STM32F1xx_HAL_Driver/Src/stm32f1xx_hal_i2c.o
 .debug_loc     0x00003ea0      0xbd8 Drivers/STM32F1xx_HAL_Driver/Src/stm32f1xx_hal_pcd.o
 .debug_loc     0x00004a78       0xd0 Drivers/STM32F1xx_HAL_Driver/Src/stm32f1xx_hal_pcd_ex.o
 .debug_loc     0x00004b48       0xfe Drivers/STM32F1xx_HAL_Driver/Src/stm32f1xx_hal_pwr.o
 .debug_loc     0x00004c46      0xacb Drivers/STM32F1xx_HAL_Driver/Src/stm32f1xx_hal_rcc.o
 .debug_loc     0x00005711      0x968 Drivers/STM32F1xx_HAL_Driver/Src/stm32f1xx_hal_rcc_ex.o
 .debug_loc     0x00006079     0x12e5 Drivers/STM32F1xx_HAL_Driver/Src/stm32f1xx_hal_rtc.o
 .debug_loc     0x0000735e      0x55c Drivers/STM32F1xx_HAL_Driver/Src/stm32f1xx_hal_rtc_ex.o
 .debug_loc     0x000078ba     0x10bd Drivers/STM32F1xx_HAL_Driver/Src/stm32f1xx_hal_spi.o
 .debug_loc     0x00008977       0x58 Drivers/STM32F1xx_HAL_Driver/Src/stm32f1xx_hal_spi_ex.o
 .debug_loc     0x000089cf     0x1009 Drivers/STM32F1xx_HAL_Driver/Src/stm32f1xx_hal_uart.o
 .debug_loc     0x000099d8     0x116f Drivers/STM32F1xx_HAL_Driver/Src/stm32f1xx_ll_usb.o
 .debug_loc     0x0000ab47      0x4b1 Middlewares/ST/STM32_USB_Device_Library/Class/CDC/Src/usbd_cdc.o
 .debug_loc     0x0000aff8      0x629 Middlewares/ST/STM32_USB_Device_Library/Core/Src/usbd_core.o
 .debug_loc     0x0000b621      0xb12 Middlewares/ST/STM32_USB_Device_Library/Core/Src/usbd_ctlreq.o
 .debug_loc     0x0000c133      0x23c Middlewares/ST/STM32_USB_Device_Library/Core/Src/usbd_ioreq.o
 .debug_loc     0x0000c36f      0xeb9 Middlewares/Third_Party/FreeRTOS/Source/CMSIS_RTOS/cmsis_os.o
 .debug_loc     0x0000d228       0x65 Middlewares/Third_Party/FreeRTOS/Source/list.o
 .debug_loc     0x0000d28d     0x150d Middlewares/Third_Party/FreeRTOS/Source/queue.o
 .debug_loc     0x0000e79a     0x1af4 Middlewares/Third_Party/FreeRTOS/Source/tasks.o
 .debug_loc     0x0001028e       0xa6 Middlewares/Third_Party/FreeRTOS/Source/portable/GCC/ARM_CM3/port.o
 .debug_loc     0x00010334      0x27b Middlewares/Third_Party/FreeRTOS/Source/portable/MemMang/heap_4.o
 .debug_loc     0x000105af       0xd5 Src/ADC.o
 .debug_loc     0x00010684       0x21 Src/HysteresisController.o
 .debug_loc     0x000106a5      0x224 Src/database.o
 .debug_loc     0x000108c9      0x664 Src/filter.o
 .debug_loc     0x00010f2d      0x10e Src/led.o
 .debug_loc     0x0001103b       0x37 Src/main.o
 .debug_loc     0x00011072       0xa5 Src/relays.o
 .debug_loc     0x00011117      0x270 Src/stm32f1xx_hal_msp.o
 .debug_loc     0x00011387      0x1a1 Src/system_stm32f1xx.o
 .debug_loc     0x00011528      0x135 Src/usbd_cdc_if.o
 .debug_loc     0x0001165d      0xb8b Src/usbd_conf.o
 .debug_loc     0x000121e8      0x2b7 Src/usbd_desc.o
 .debug_loc     0x0001249f      0x165 Src/vcp.o

.debug_aranges  0x00000000     0x1a78
 .debug_aranges
                0x00000000       0xb0 Drivers/STM32F1xx_HAL_Driver/Src/stm32f1xx_hal.o
 .debug_aranges
                0x000000b0       0xf0 Drivers/STM32F1xx_HAL_Driver/Src/stm32f1xx_hal_adc.o
 .debug_aranges